
> shalom-api@0.1.0 build
> next build

   Ôû▓ Next.js 15.4.6
   - Environments: .env

   Creating an optimized production build ...
 Ô£ô Compiled successfully in 7.0s
   Linting and checking validity of types ...
node.exe : 
En línea: 1 Carácter: 1
+ & "C:\Program Files\nodejs/node.exe" 
"C:\Users\Gamer\AppData\Roaming\ ...
+ ~~~~~~~~~~~~~~~~~~~~~~~~~~~~~~~~~~~~~~~~~
~~~~~~~~~~~~~~~~~~~~~~~~~~~~
    + CategoryInfo          : NotSpecified 
   : (:String) [], RemoteException
    + FullyQualifiedErrorId : NativeComman 
   dError
 
Failed to compile.

./src/app/api/agencia/route.ts
33:13  Warning: 'duration' is assigned a 
value but never used.  
@typescript-eslint/no-unused-vars
34:13  Warning: 'ip' is assigned a value 
but never used.  
@typescript-eslint/no-unused-vars
35:13  Warning: 'userAgent' is assigned a 
value but never used.  
@typescript-eslint/no-unused-vars

./src/app/api/health/route.ts
12:12  Warning: 'error' is defined but 
never used.  
@typescript-eslint/no-unused-vars

./src/app/api/user/update/route.ts
55:23  Error: Unexpected any. Specify a 
different type.  
@typescript-eslint/no-explicit-any

./src/app/api/users/route.ts
64:19  Error: Unexpected any. Specify a 
different type.  
@typescript-eslint/no-explicit-any
96:45  Warning: 'monthlyLimit' is assigned 
a value but never used.  
@typescript-eslint/no-unused-vars
153:27  Error: Unexpected any. Specify a 
different type.  
@typescript-eslint/no-explicit-any
218:19  Error: Unexpected any. Specify a 
different type.  
@typescript-eslint/no-explicit-any

./src/app/api/users/[id]/logs/route.ts
36:48  Error: Unexpected any. Specify a 
different type.  
@typescript-eslint/no-explicit-any

./src/app/auth/forgot-password/page.tsx
31:23  Error: Unexpected any. Specify a 
different type.  
@typescript-eslint/no-explicit-any

./src/app/auth/layout.tsx
42:21  Warning: Using `<img>` could result 
in slower LCP and higher bandwidth. 
Consider using `<Image />` from 
`next/image` or a custom image loader to 
automatically optimize images. This may 
incur additional usage or cost from your 
provider. See: https://nextjs.org/docs/mess
ages/no-img-element  
@next/next/no-img-element
52:25  Warning: Using `<img>` could result 
in slower LCP and higher bandwidth. 
Consider using `<Image />` from 
`next/image` or a custom image loader to 
automatically optimize images. This may 
incur additional usage or cost from your 
provider. See: https://nextjs.org/docs/mess
ages/no-img-element  
@next/next/no-img-element

./src/app/auth/login/page.tsx
11:11  Warning: 'registered' is assigned a 
value but never used.  
@typescript-eslint/no-unused-vars
17:12  Warning: 'error' is assigned a 
value but never used.  
@typescript-eslint/no-unused-vars
50:23  Error: Unexpected any. Specify a 
different type.  
@typescript-eslint/no-explicit-any

./src/app/auth/register/page.tsx
51:23  Error: Unexpected any. Specify a 
different type.  
@typescript-eslint/no-explicit-any
82:23  Error: Unexpected any. Specify a 
different type.  
@typescript-eslint/no-explicit-any

./src/app/auth/reset-password/page.tsx
46:19  Error: Unexpected any. Specify a 
different type.  
@typescript-eslint/no-explicit-any

./src/app/components/AgenciasClient.tsx
4:8  Warning: 'Link' is defined but never 
used.  @typescript-eslint/no-unused-vars
13:3  Warning: 'SunIcon' is defined but 
never used.  
@typescript-eslint/no-unused-vars
14:3  Warning: 'MoonIcon' is defined but 
never used.  
@typescript-eslint/no-unused-vars
69:10  Warning: 'mounted' is assigned a 
value but never used.  
@typescript-eslint/no-unused-vars
78:9  Warning: 'toggleTheme' is assigned a 
value but never used.  
@typescript-eslint/no-unused-vars

./src/app/components/Footer.tsx
8:13  Warning: 'theme' is assigned a value 
but never used.  
@typescript-eslint/no-unused-vars
29:29  Warning: Using `<img>` could result 
in slower LCP and higher bandwidth. 
Consider using `<Image />` from 
`next/image` or a custom image loader to 
automatically optimize images. This may 
incur additional usage or cost from your 
provider. See: https://nextjs.org/docs/mess
ages/no-img-element  
@next/next/no-img-element
30:29  Warning: Using `<img>` could result 
in slower LCP and higher bandwidth. 
Consider using `<Image />` from 
`next/image` or a custom image loader to 
automatically optimize images. This may 
incur additional usage or cost from your 
provider. See: https://nextjs.org/docs/mess
ages/no-img-element  
@next/next/no-img-element

./src/app/components/Header.tsx
14:5  Warning: 'title' is defined but 
never used.  
@typescript-eslint/no-unused-vars
17:38  Error: Unexpected any. Specify a 
different type.  
@typescript-eslint/no-explicit-any
40:29  Warning: Using `<img>` could result 
in slower LCP and higher bandwidth. 
Consider using `<Image />` from 
`next/image` or a custom image loader to 
automatically optimize images. This may 
incur additional usage or cost from your 
provider. See: https://nextjs.org/docs/mess
ages/no-img-element  
@next/next/no-img-element

./src/app/dashboard/apikey/page.tsx
42:21  Error: Unexpected any. Specify a 
different type.  
@typescript-eslint/no-explicit-any

./src/app/dashboard/layout.tsx
79:17  Warning: Using `<img>` could result 
in slower LCP and higher bandwidth. 
Consider using `<Image />` from 
`next/image` or a custom image loader to 
automatically optimize images. This may 
incur additional usage or cost from your 
provider. See: https://nextjs.org/docs/mess
ages/no-img-element  
@next/next/no-img-element
80:17  Warning: Using `<img>` could result 
in slower LCP and higher bandwidth. 
Consider using `<Image />` from 
`next/image` or a custom image loader to 
automatically optimize images. This may 
incur additional usage or cost from your 
provider. See: https://nextjs.org/docs/mess
ages/no-img-element  
@next/next/no-img-element
138:19  Warning: Using `<img>` could 
result in slower LCP and higher bandwidth. 
Consider using `<Image />` from 
`next/image` or a custom image loader to 
automatically optimize images. This may 
incur additional usage or cost from your 
provider. See: https://nextjs.org/docs/mess
ages/no-img-element  
@next/next/no-img-element
139:19  Warning: Using `<img>` could 
result in slower LCP and higher bandwidth. 
Consider using `<Image />` from 
`next/image` or a custom image loader to 
automatically optimize images. This may 
incur additional usage or cost from your 
provider. See: https://nextjs.org/docs/mess
ages/no-img-element  
@next/next/no-img-element
204:15  Warning: Using `<img>` could 
result in slower LCP and higher bandwidth. 
Consider using `<Image />` from 
`next/image` or a custom image loader to 
automatically optimize images. This may 
incur additional usage or cost from your 
provider. See: https://nextjs.org/docs/mess
ages/no-img-element  
@next/next/no-img-element
205:15  Warning: Using `<img>` could 
result in slower LCP and higher bandwidth. 
Consider using `<Image />` from 
`next/image` or a custom image loader to 
automatically optimize images. This may 
incur additional usage or cost from your 
provider. See: https://nextjs.org/docs/mess
ages/no-img-element  
@next/next/no-img-element

./src/app/dashboard/logs/page.tsx
57:21  Error: Unexpected any. Specify a 
different type.  
@typescript-eslint/no-explicit-any

./src/app/dashboard/page.tsx
6:3  Warning: 'LineChart' is defined but 
never used.  
@typescript-eslint/no-unused-vars
7:3  Warning: 'Line' is defined but never 
used.  @typescript-eslint/no-unused-vars
55:21  Error: Unexpected any. Specify a 
different type.  
@typescript-eslint/no-explicit-any

./src/app/dashboard/profile/page.tsx
81:21  Error: Unexpected any. Specify a 
different type.  
@typescript-eslint/no-explicit-any
132:21  Error: Unexpected any. Specify a 
different type.  
@typescript-eslint/no-explicit-any

./src/app/docs/page.tsx
2:8  Warning: 'Link' is defined but never 
used.  @typescript-eslint/no-unused-vars
6:3  Warning: 'ClockIcon' is defined but 
never used.  
@typescript-eslint/no-unused-vars
8:3  Warning: 'ArrowPathIcon' is defined 
but never used.  
@typescript-eslint/no-unused-vars
15:9  Warning: 'handleSync' is assigned a 
value but never used.  
@typescript-eslint/no-unused-vars
25:14  Warning: 'error' is defined but 
never used.  
@typescript-eslint/no-unused-vars
254:17  Warning: Using `<img>` could 
result in slower LCP and higher bandwidth. 
Consider using `<Image />` from 
`next/image` or a custom image loader to 
automatically optimize images. This may 
incur additional usage or cost from your 
provider. See: https://nextjs.org/docs/mess
ages/no-img-element  
@next/next/no-img-element

./src/generated/prisma/client.js
4:23  Error: A `require()` style import is 
forbidden.  
@typescript-eslint/no-require-imports

./src/generated/prisma/default.js
4:23  Error: A `require()` style import is 
forbidden.  
@typescript-eslint/no-require-imports

./src/generated/prisma/edge.js
18:3  Warning: 'skip' is assigned a value 
but never used.  
@typescript-eslint/no-unused-vars
24:3  Warning: 'warnOnce' is assigned a 
value but never used.  
@typescript-eslint/no-unused-vars
27:3  Warning: 'getRuntime' is assigned a 
value but never used.  
@typescript-eslint/no-unused-vars
28:3  Warning: 'createParam' is assigned a 
value but never used.  
@typescript-eslint/no-unused-vars
29:5  Error: A `require()` style import is 
forbidden.  
@typescript-eslint/no-require-imports

./src/generated/prisma/index-browser.js
13:3  Warning: 'skip' is assigned a value 
but never used.  
@typescript-eslint/no-unused-vars
14:5  Error: A `require()` style import is 
forbidden.  
@typescript-eslint/no-require-imports
210:11  Warning: 'target' is defined but 
never used.  
@typescript-eslint/no-unused-vars
210:19  Warning: 'prop' is defined but 
never used.  
@typescript-eslint/no-unused-vars

./src/generated/prisma/index.d.ts
7:8  Warning: '$Types' is defined but 
never used.  
@typescript-eslint/no-unused-vars
100:15  Warning: 'T' is defined but never 
used.  @typescript-eslint/no-unused-vars
100:81  Error: Unexpected any. Specify a 
different type.  
@typescript-eslint/no-explicit-any
112:21  Warning: 'T' is defined but never 
used.  @typescript-eslint/no-unused-vars
112:60  Error: Unexpected any. Specify a 
different type.  
@typescript-eslint/no-explicit-any
123:79  Error: Unexpected any. Specify a 
different type.  
@typescript-eslint/no-explicit-any
135:58  Error: Unexpected any. Specify a 
different type.  
@typescript-eslint/no-explicit-any
151:47  Error: Unexpected any. Specify a 
different type.  
@typescript-eslint/no-explicit-any
353:13  Error: Unexpected any. Specify a 
different type.  
@typescript-eslint/no-explicit-any
354:14  Error: Unexpected any. Specify a 
different type.  
@typescript-eslint/no-explicit-any
358:13  Error: Unexpected any. Specify a 
different type.  
@typescript-eslint/no-explicit-any
359:11  Error: Unexpected any. Specify a 
different type.  
@typescript-eslint/no-explicit-any
365:49  Error: Unexpected any. Specify a 
different type.  
@typescript-eslint/no-explicit-any
370:53  Error: Unexpected any. Specify a 
different type.  
@typescript-eslint/no-explicit-any
370:78  Error: Unexpected any. Specify a 
different type.  
@typescript-eslint/no-explicit-any
383:23  Error: The `{}` ("empty object") 
type allows any non-nullish value, 
including literals like `0` and `""`.
- If that's what you want, disable this 
lint rule with an inline comment or 
configure the 'allowObjectTypes' rule 
option.
- If you want a type meaning "any object", 
you probably want `object` instead.
- If you want a type meaning "any value", 
you probably want `unknown` instead.  
@typescript-eslint/no-empty-object-type
412:11  Error: The `{}` ("empty object") 
type allows any non-nullish value, 
including literals like `0` and `""`.
- If that's what you want, disable this 
lint rule with an inline comment or 
configure the 'allowObjectTypes' rule 
option.
- If you want a type meaning "any object", 
you probably want `object` instead.
- If you want a type meaning "any value", 
you probably want `unknown` instead.  
@typescript-eslint/no-empty-object-type
439:17  Error: Constraining the generic 
type `T` to `any` does nothing and is 
unnecessary.  @typescript-eslint/no-unneces
sary-type-constraint
439:27  Error: Unexpected any. Specify a 
different type.  
@typescript-eslint/no-explicit-any
439:50  Error: Unexpected any. Specify a 
different type.  
@typescript-eslint/no-explicit-any
445:15  Error: Prefer using the primitive 
`bigint` as a type name, rather than the 
upper-cased `BigInt`.  
@typescript-eslint/no-wrapper-object-types
455:27  Error: Constraining the generic 
type `T` to `unknown` does nothing and is 
unnecessary.  @typescript-eslint/no-unneces
sary-type-constraint
486:23  Error: Unexpected any. Specify a 
different type.  
@typescript-eslint/no-explicit-any
516:26  Error: Constraining the generic 
type `A` to `any` does nothing and is 
unnecessary.  @typescript-eslint/no-unneces
sary-type-constraint
516:36  Error: Unexpected any. Specify a 
different type.  
@typescript-eslint/no-explicit-any
516:53  Error: The `Function` type accepts 
any function-like value.
Prefer explicitly defining any function 
parameters and return type.  
@typescript-eslint/no-unsafe-function-type
524:32  Error: Unexpected any. Specify a 
different type.  
@typescript-eslint/no-explicit-any
565:23  Error: Constraining the generic 
type `A1` to `any` does nothing and is 
unnecessary.  @typescript-eslint/no-unneces
sary-type-constraint
565:34  Error: Unexpected any. Specify a 
different type.  
@typescript-eslint/no-explicit-any
565:39  Error: Constraining the generic 
type `A2` to `any` does nothing and is 
unnecessary.  @typescript-eslint/no-unneces
sary-type-constraint
565:50  Error: Unexpected any. Specify a 
different type.  
@typescript-eslint/no-explicit-any
620:9  Error: The `{}` ("empty object") 
type allows any non-nullish value, 
including literals like `0` and `""`.
- If that's what you want, disable this 
lint rule with an inline comment or 
configure the 'allowObjectTypes' rule 
option.
- If you want a type meaning "any object", 
you probably want `object` instead.
- If you want a type meaning "any value", 
you probably want `unknown` instead.  
@typescript-eslint/no-empty-object-type
629:40  Error: Unexpected any. Specify a 
different type.  
@typescript-eslint/no-explicit-any
630:41  Error: Unexpected any. Specify a 
different type.  
@typescript-eslint/no-explicit-any
663:39  Error: The `{}` ("empty object") 
type allows any non-nullish value, 
including literals like `0` and `""`.
- If that's what you want, disable this 
lint rule with an inline comment or 
configure the 'allowObjectTypes' rule 
option.
- If you want a type meaning "any object", 
you probably want `object` instead.
- If you want a type meaning "any value", 
you probably want `unknown` instead.  
@typescript-eslint/no-empty-object-type
663:121  Error: Unexpected any. Specify a 
different type.  
@typescript-eslint/no-explicit-any
664:122  Error: The `{}` ("empty object") 
type allows any non-nullish value, 
including literals like `0` and `""`.
- If that's what you want, disable this 
lint rule with an inline comment or 
configure the 'allowObjectTypes' rule 
option.
- If you want a type meaning "any object", 
you probably want `object` instead.
- If you want a type meaning "any value", 
you probably want `unknown` instead.  
@typescript-eslint/no-empty-object-type
667:111  Error: The `{}` ("empty object") 
type allows any non-nullish value, 
including literals like `0` and `""`.
- If that's what you want, disable this 
lint rule with an inline comment or 
configure the 'allowObjectTypes' rule 
option.
- If you want a type meaning "any object", 
you probably want `object` instead.
- If you want a type meaning "any value", 
you probably want `unknown` instead.  
@typescript-eslint/no-empty-object-type
1049:16  Error: Unexpected any. Specify a 
different type.  
@typescript-eslint/no-explicit-any
1052:71  Error: Unexpected any. Specify a 
different type.  
@typescript-eslint/no-explicit-any
1053:19  Error: Unexpected any. Specify a 
different type.  
@typescript-eslint/no-explicit-any
1056:44  Error: Unexpected any. Specify a 
different type.  
@typescript-eslint/no-explicit-any
1057:19  Error: Unexpected any. Specify a 
different type.  
@typescript-eslint/no-explicit-any
1060:71  Error: Unexpected any. Specify a 
different type.  
@typescript-eslint/no-explicit-any
1061:19  Error: Unexpected any. Specify a 
different type.  
@typescript-eslint/no-explicit-any
1064:44  Error: Unexpected any. Specify a 
different type.  
@typescript-eslint/no-explicit-any
1065:19  Error: Unexpected any. Specify a 
different type.  
@typescript-eslint/no-explicit-any
1158:35  Error: Unexpected any. Specify a 
different type.  
@typescript-eslint/no-explicit-any
1228:41  Warning: 'ExtArgs' is defined but 
never used.  
@typescript-eslint/no-unused-vars
1248:51  Warning: 'ExtArgs' is defined but 
never used.  
@typescript-eslint/no-unused-vars
1255:49  Warning: 'ExtArgs' is defined but 
never used.  
@typescript-eslint/no-unused-vars
1262:48  Warning: 'ExtArgs' is defined but 
never used.  
@typescript-eslint/no-unused-vars
1276:43  Warning: 'ExtArgs' is defined but 
never used.  
@typescript-eslint/no-unused-vars
1295:51  Warning: 'ExtArgs' is defined but 
never used.  
@typescript-eslint/no-unused-vars
1302:50  Warning: 'ExtArgs' is defined but 
never used.  
@typescript-eslint/no-unused-vars
1420:33  Warning: 'ExtArgs' is defined but 
never used.  
@typescript-eslint/no-unused-vars
1492:31  Warning: 'ExtArgs' is defined but 
never used.  
@typescript-eslint/no-unused-vars
1601:46  Warning: 'ExtArgs' is defined but 
never used.  
@typescript-eslint/no-unused-vars
1601:116  Error: The `{}` ("empty object") 
type allows any non-nullish value, 
including literals like `0` and `""`.
- If that's what you want, disable this 
lint rule with an inline comment or 
configure the 'allowObjectTypes' rule 
option.
- If you want a type meaning "any object", 
you probably want `object` instead.
- If you want a type meaning "any value", 
you probably want `unknown` instead.  
@typescript-eslint/no-empty-object-type
1602:46  Warning: 'ExtArgs' is defined but 
never used.  
@typescript-eslint/no-unused-vars
1602:116  Error: The `{}` ("empty object") 
type allows any non-nullish value, 
including literals like `0` and `""`.
- If that's what you want, disable this 
lint rule with an inline comment or 
configure the 'allowObjectTypes' rule 
option.
- If you want a type meaning "any object", 
you probably want `object` instead.
- If you want a type meaning "any value", 
you probably want `unknown` instead.  
@typescript-eslint/no-empty-object-type
1623:17  Error: The `{}` ("empty object") 
type allows any non-nullish value, 
including literals like `0` and `""`.
- If that's what you want, disable this 
lint rule with an inline comment or 
configure the 'allowObjectTypes' rule 
option.
- If you want a type meaning "any object", 
you probably want `object` instead.
- If you want a type meaning "any value", 
you probably want `unknown` instead.  
@typescript-eslint/no-empty-object-type
1628:22  Warning: 'ExtArgs' is defined but 
never used.  
@typescript-eslint/no-unused-vars
1633:121  Error: The `{}` ("empty object") 
type allows any non-nullish value, 
including literals like `0` and `""`.
- If that's what you want, disable this 
lint rule with an inline comment or 
configure the 'allowObjectTypes' rule 
option.
- If you want a type meaning "any object", 
you probably want `object` instead.
- If you want a type meaning "any value", 
you probably want `unknown` instead.  
@typescript-eslint/no-empty-object-type
1893:41  Error: Unexpected any. Specify a 
different type.  
@typescript-eslint/no-explicit-any
1977:13  Error: The `{}` ("empty object") 
type allows any non-nullish value, 
including literals like `0` and `""`.
- If that's what you want, disable this 
lint rule with an inline comment or 
configure the 'allowObjectTypes' rule 
option.
- If you want a type meaning "any object", 
you probably want `object` instead.
- If you want a type meaning "any value", 
you probably want `unknown` instead.  
@typescript-eslint/no-empty-object-type
1987:13  Error: The `{}` ("empty object") 
type allows any non-nullish value, 
including literals like `0` and `""`.
- If that's what you want, disable this 
lint rule with an inline comment or 
configure the 'allowObjectTypes' rule 
option.
- If you want a type meaning "any object", 
you probably want `object` instead.
- If you want a type meaning "any value", 
you probably want `unknown` instead.  
@typescript-eslint/no-empty-object-type
1995:9  Error: The `{}` ("empty object") 
type allows any non-nullish value, 
including literals like `0` and `""`.
- If that's what you want, disable this 
lint rule with an inline comment or 
configure the 'allowObjectTypes' rule 
option.
- If you want a type meaning "any object", 
you probably want `object` instead.
- If you want a type meaning "any value", 
you probably want `unknown` instead.  
@typescript-eslint/no-empty-object-type
2001:80  Error: The `{}` ("empty object") 
type allows any non-nullish value, 
including literals like `0` and `""`.
- If that's what you want, disable this 
lint rule with an inline comment or 
configure the 'allowObjectTypes' rule 
option.
- If you want a type meaning "any object", 
you probably want `object` instead.
- If you want a type meaning "any value", 
you probably want `unknown` instead.  
@typescript-eslint/no-empty-object-type
2014:144  Error: The `{}` ("empty object") 
type allows any non-nullish value, 
including literals like `0` and `""`.
- If that's what you want, disable this 
lint rule with an inline comment or 
configure the 'allowObjectTypes' rule 
option.
- If you want a type meaning "any object", 
you probably want `object` instead.
- If you want a type meaning "any value", 
you probably want `unknown` instead.  
@typescript-eslint/no-empty-object-type
2016:51  Error: The `{}` ("empty object") 
type allows any non-nullish value, 
including literals like `0` and `""`.
- If that's what you want, disable this 
lint rule with an inline comment or 
configure the 'allowObjectTypes' rule 
option.
- If you want a type meaning "any object", 
you probably want `object` instead.
- If you want a type meaning "any value", 
you probably want `unknown` instead.  
@typescript-eslint/no-empty-object-type
2017:47  Error: The `{}` ("empty object") 
type allows any non-nullish value, 
including literals like `0` and `""`.
- If that's what you want, disable this 
lint rule with an inline comment or 
configure the 'allowObjectTypes' rule 
option.
- If you want a type meaning "any object", 
you probably want `object` instead.
- If you want a type meaning "any value", 
you probably want `unknown` instead.  
@typescript-eslint/no-empty-object-type
2018:45  Error: The `{}` ("empty object") 
type allows any non-nullish value, 
including literals like `0` and `""`.
- If that's what you want, disable this 
lint rule with an inline comment or 
configure the 'allowObjectTypes' rule 
option.
- If you want a type meaning "any object", 
you probably want `object` instead.
- If you want a type meaning "any value", 
you probably want `unknown` instead.  
@typescript-eslint/no-empty-object-type
2025:148  Error: Unexpected any. Specify a 
different type.  
@typescript-eslint/no-explicit-any
2031:51  Error: Unexpected any. Specify a 
different type.  
@typescript-eslint/no-explicit-any
2282:34  Warning: 'ExtArgs' is defined but 
never used.  
@typescript-eslint/no-unused-vars
2338:34  Warning: 'ExtArgs' is defined but 
never used.  
@typescript-eslint/no-unused-vars
2434:34  Warning: 'ExtArgs' is defined but 
never used.  
@typescript-eslint/no-unused-vars
2633:35  Warning: 'ExtArgs' is defined but 
never used.  
@typescript-eslint/no-unused-vars
2705:33  Warning: 'ExtArgs' is defined but 
never used.  
@typescript-eslint/no-unused-vars
2830:17  Error: The `{}` ("empty object") 
type allows any non-nullish value, 
including literals like `0` and `""`.
- If that's what you want, disable this 
lint rule with an inline comment or 
configure the 'allowObjectTypes' rule 
option.
- If you want a type meaning "any object", 
you probably want `object` instead.
- If you want a type meaning "any value", 
you probably want `unknown` instead.  
@typescript-eslint/no-empty-object-type
2835:24  Warning: 'ExtArgs' is defined but 
never used.  
@typescript-eslint/no-unused-vars
2840:123  Error: The `{}` ("empty object") 
type allows any non-nullish value, 
including literals like `0` and `""`.
- If that's what you want, disable this 
lint rule with an inline comment or 
configure the 'allowObjectTypes' rule 
option.
- If you want a type meaning "any object", 
you probably want `object` instead.
- If you want a type meaning "any value", 
you probably want `unknown` instead.  
@typescript-eslint/no-empty-object-type
3100:41  Error: Unexpected any. Specify a 
different type.  
@typescript-eslint/no-explicit-any
3184:13  Error: The `{}` ("empty object") 
type allows any non-nullish value, 
including literals like `0` and `""`.
- If that's what you want, disable this 
lint rule with an inline comment or 
configure the 'allowObjectTypes' rule 
option.
- If you want a type meaning "any object", 
you probably want `object` instead.
- If you want a type meaning "any value", 
you probably want `unknown` instead.  
@typescript-eslint/no-empty-object-type
3194:13  Error: The `{}` ("empty object") 
type allows any non-nullish value, 
including literals like `0` and `""`.
- If that's what you want, disable this 
lint rule with an inline comment or 
configure the 'allowObjectTypes' rule 
option.
- If you want a type meaning "any object", 
you probably want `object` instead.
- If you want a type meaning "any value", 
you probably want `unknown` instead.  
@typescript-eslint/no-empty-object-type
3202:9  Error: The `{}` ("empty object") 
type allows any non-nullish value, 
including literals like `0` and `""`.
- If that's what you want, disable this 
lint rule with an inline comment or 
configure the 'allowObjectTypes' rule 
option.
- If you want a type meaning "any object", 
you probably want `object` instead.
- If you want a type meaning "any value", 
you probably want `unknown` instead.  
@typescript-eslint/no-empty-object-type
3208:82  Error: The `{}` ("empty object") 
type allows any non-nullish value, 
including literals like `0` and `""`.
- If that's what you want, disable this 
lint rule with an inline comment or 
configure the 'allowObjectTypes' rule 
option.
- If you want a type meaning "any object", 
you probably want `object` instead.
- If you want a type meaning "any value", 
you probably want `unknown` instead.  
@typescript-eslint/no-empty-object-type
3221:146  Error: The `{}` ("empty object") 
type allows any non-nullish value, 
including literals like `0` and `""`.
- If that's what you want, disable this 
lint rule with an inline comment or 
configure the 'allowObjectTypes' rule 
option.
- If you want a type meaning "any object", 
you probably want `object` instead.
- If you want a type meaning "any value", 
you probably want `unknown` instead.  
@typescript-eslint/no-empty-object-type
3223:47  Error: The `{}` ("empty object") 
type allows any non-nullish value, 
including literals like `0` and `""`.
- If that's what you want, disable this 
lint rule with an inline comment or 
configure the 'allowObjectTypes' rule 
option.
- If you want a type meaning "any object", 
you probably want `object` instead.
- If you want a type meaning "any value", 
you probably want `unknown` instead.  
@typescript-eslint/no-empty-object-type
3224:49  Error: The `{}` ("empty object") 
type allows any non-nullish value, 
including literals like `0` and `""`.
- If that's what you want, disable this 
lint rule with an inline comment or 
configure the 'allowObjectTypes' rule 
option.
- If you want a type meaning "any object", 
you probably want `object` instead.
- If you want a type meaning "any value", 
you probably want `unknown` instead.  
@typescript-eslint/no-empty-object-type
3225:47  Error: The `{}` ("empty object") 
type allows any non-nullish value, 
including literals like `0` and `""`.
- If that's what you want, disable this 
lint rule with an inline comment or 
configure the 'allowObjectTypes' rule 
option.
- If you want a type meaning "any object", 
you probably want `object` instead.
- If you want a type meaning "any value", 
you probably want `unknown` instead.  
@typescript-eslint/no-empty-object-type
3232:148  Error: Unexpected any. Specify a 
different type.  
@typescript-eslint/no-explicit-any
3238:51  Error: Unexpected any. Specify a 
different type.  
@typescript-eslint/no-explicit-any
3487:36  Warning: 'ExtArgs' is defined but 
never used.  
@typescript-eslint/no-unused-vars
3547:36  Warning: 'ExtArgs' is defined but 
never used.  
@typescript-eslint/no-unused-vars
3647:36  Warning: 'ExtArgs' is defined but 
never used.  
@typescript-eslint/no-unused-vars
3836:34  Warning: 'ExtArgs' is defined but 
never used.  
@typescript-eslint/no-unused-vars
3908:32  Warning: 'ExtArgs' is defined but 
never used.  
@typescript-eslint/no-unused-vars
4038:17  Error: The `{}` ("empty object") 
type allows any non-nullish value, 
including literals like `0` and `""`.
- If that's what you want, disable this 
lint rule with an inline comment or 
configure the 'allowObjectTypes' rule 
option.
- If you want a type meaning "any object", 
you probably want `object` instead.
- If you want a type meaning "any value", 
you probably want `unknown` instead.  
@typescript-eslint/no-empty-object-type
4043:23  Warning: 'ExtArgs' is defined but 
never used.  
@typescript-eslint/no-unused-vars
4048:122  Error: The `{}` ("empty object") 
type allows any non-nullish value, 
including literals like `0` and `""`.
- If that's what you want, disable this 
lint rule with an inline comment or 
configure the 'allowObjectTypes' rule 
option.
- If you want a type meaning "any object", 
you probably want `object` instead.
- If you want a type meaning "any value", 
you probably want `unknown` instead.  
@typescript-eslint/no-empty-object-type
4308:41  Error: Unexpected any. Specify a 
different type.  
@typescript-eslint/no-explicit-any
4392:13  Error: The `{}` ("empty object") 
type allows any non-nullish value, 
including literals like `0` and `""`.
- If that's what you want, disable this 
lint rule with an inline comment or 
configure the 'allowObjectTypes' rule 
option.
- If you want a type meaning "any object", 
you probably want `object` instead.
- If you want a type meaning "any value", 
you probably want `unknown` instead.  
@typescript-eslint/no-empty-object-type
4402:13  Error: The `{}` ("empty object") 
type allows any non-nullish value, 
including literals like `0` and `""`.
- If that's what you want, disable this 
lint rule with an inline comment or 
configure the 'allowObjectTypes' rule 
option.
- If you want a type meaning "any object", 
you probably want `object` instead.
- If you want a type meaning "any value", 
you probably want `unknown` instead.  
@typescript-eslint/no-empty-object-type
4410:9  Error: The `{}` ("empty object") 
type allows any non-nullish value, 
including literals like `0` and `""`.
- If that's what you want, disable this 
lint rule with an inline comment or 
configure the 'allowObjectTypes' rule 
option.
- If you want a type meaning "any object", 
you probably want `object` instead.
- If you want a type meaning "any value", 
you probably want `unknown` instead.  
@typescript-eslint/no-empty-object-type
4416:81  Error: The `{}` ("empty object") 
type allows any non-nullish value, 
including literals like `0` and `""`.
- If that's what you want, disable this 
lint rule with an inline comment or 
configure the 'allowObjectTypes' rule 
option.
- If you want a type meaning "any object", 
you probably want `object` instead.
- If you want a type meaning "any value", 
you probably want `unknown` instead.  
@typescript-eslint/no-empty-object-type
4429:145  Error: The `{}` ("empty object") 
type allows any non-nullish value, 
including literals like `0` and `""`.
- If that's what you want, disable this 
lint rule with an inline comment or 
configure the 'allowObjectTypes' rule 
option.
- If you want a type meaning "any object", 
you probably want `object` instead.
- If you want a type meaning "any value", 
you probably want `unknown` instead.  
@typescript-eslint/no-empty-object-type
4431:47  Error: The `{}` ("empty object") 
type allows any non-nullish value, 
including literals like `0` and `""`.
- If that's what you want, disable this 
lint rule with an inline comment or 
configure the 'allowObjectTypes' rule 
option.
- If you want a type meaning "any object", 
you probably want `object` instead.
- If you want a type meaning "any value", 
you probably want `unknown` instead.  
@typescript-eslint/no-empty-object-type
4432:51  Error: The `{}` ("empty object") 
type allows any non-nullish value, 
including literals like `0` and `""`.
- If that's what you want, disable this 
lint rule with an inline comment or 
configure the 'allowObjectTypes' rule 
option.
- If you want a type meaning "any object", 
you probably want `object` instead.
- If you want a type meaning "any value", 
you probably want `unknown` instead.  
@typescript-eslint/no-empty-object-type
4439:148  Error: Unexpected any. Specify a 
different type.  
@typescript-eslint/no-explicit-any
4445:51  Error: Unexpected any. Specify a 
different type.  
@typescript-eslint/no-explicit-any
4695:35  Warning: 'ExtArgs' is defined but 
never used.  
@typescript-eslint/no-unused-vars
4755:35  Warning: 'ExtArgs' is defined but 
never used.  
@typescript-eslint/no-unused-vars
4855:35  Warning: 'ExtArgs' is defined but 
never used.  
@typescript-eslint/no-unused-vars
4998:39  Warning: 'ExtArgs' is defined but 
never used.  
@typescript-eslint/no-unused-vars
5070:37  Warning: 'ExtArgs' is defined but 
never used.  
@typescript-eslint/no-unused-vars
5206:17  Error: The `{}` ("empty object") 
type allows any non-nullish value, 
including literals like `0` and `""`.
- If that's what you want, disable this 
lint rule with an inline comment or 
configure the 'allowObjectTypes' rule 
option.
- If you want a type meaning "any object", 
you probably want `object` instead.
- If you want a type meaning "any value", 
you probably want `unknown` instead.  
@typescript-eslint/no-empty-object-type
5211:28  Warning: 'ExtArgs' is defined but 
never used.  
@typescript-eslint/no-unused-vars
5216:127  Error: The `{}` ("empty object") 
type allows any non-nullish value, 
including literals like `0` and `""`.
- If that's what you want, disable this 
lint rule with an inline comment or 
configure the 'allowObjectTypes' rule 
option.
- If you want a type meaning "any object", 
you probably want `object` instead.
- If you want a type meaning "any value", 
you probably want `unknown` instead.  
@typescript-eslint/no-empty-object-type
5476:41  Error: Unexpected any. Specify a 
different type.  
@typescript-eslint/no-explicit-any
5560:13  Error: The `{}` ("empty object") 
type allows any non-nullish value, 
including literals like `0` and `""`.
- If that's what you want, disable this 
lint rule with an inline comment or 
configure the 'allowObjectTypes' rule 
option.
- If you want a type meaning "any object", 
you probably want `object` instead.
- If you want a type meaning "any value", 
you probably want `unknown` instead.  
@typescript-eslint/no-empty-object-type
5570:13  Error: The `{}` ("empty object") 
type allows any non-nullish value, 
including literals like `0` and `""`.
- If that's what you want, disable this 
lint rule with an inline comment or 
configure the 'allowObjectTypes' rule 
option.
- If you want a type meaning "any object", 
you probably want `object` instead.
- If you want a type meaning "any value", 
you probably want `unknown` instead.  
@typescript-eslint/no-empty-object-type
5578:9  Error: The `{}` ("empty object") 
type allows any non-nullish value, 
including literals like `0` and `""`.
- If that's what you want, disable this 
lint rule with an inline comment or 
configure the 'allowObjectTypes' rule 
option.
- If you want a type meaning "any object", 
you probably want `object` instead.
- If you want a type meaning "any value", 
you probably want `unknown` instead.  
@typescript-eslint/no-empty-object-type
5584:86  Error: The `{}` ("empty object") 
type allows any non-nullish value, 
including literals like `0` and `""`.
- If that's what you want, disable this 
lint rule with an inline comment or 
configure the 'allowObjectTypes' rule 
option.
- If you want a type meaning "any object", 
you probably want `object` instead.
- If you want a type meaning "any value", 
you probably want `unknown` instead.  
@typescript-eslint/no-empty-object-type
5597:150  Error: The `{}` ("empty object") 
type allows any non-nullish value, 
including literals like `0` and `""`.
- If that's what you want, disable this 
lint rule with an inline comment or 
configure the 'allowObjectTypes' rule 
option.
- If you want a type meaning "any object", 
you probably want `object` instead.
- If you want a type meaning "any value", 
you probably want `unknown` instead.  
@typescript-eslint/no-empty-object-type
5599:47  Error: The `{}` ("empty object") 
type allows any non-nullish value, 
including literals like `0` and `""`.
- If that's what you want, disable this 
lint rule with an inline comment or 
configure the 'allowObjectTypes' rule 
option.
- If you want a type meaning "any object", 
you probably want `object` instead.
- If you want a type meaning "any value", 
you probably want `unknown` instead.  
@typescript-eslint/no-empty-object-type
5600:51  Error: The `{}` ("empty object") 
type allows any non-nullish value, 
including literals like `0` and `""`.
- If that's what you want, disable this 
lint rule with an inline comment or 
configure the 'allowObjectTypes' rule 
option.
- If you want a type meaning "any object", 
you probably want `object` instead.
- If you want a type meaning "any value", 
you probably want `unknown` instead.  
@typescript-eslint/no-empty-object-type
5607:148  Error: Unexpected any. Specify a 
different type.  
@typescript-eslint/no-explicit-any
5613:51  Error: Unexpected any. Specify a 
different type.  
@typescript-eslint/no-explicit-any
5864:40  Warning: 'ExtArgs' is defined but 
never used.  
@typescript-eslint/no-unused-vars
5924:40  Warning: 'ExtArgs' is defined but 
never used.  
@typescript-eslint/no-unused-vars
6024:40  Warning: 'ExtArgs' is defined but 
never used.  
@typescript-eslint/no-unused-vars
6115:47  Warning: 'ExtArgs' is defined but 
never used.  
@typescript-eslint/no-unused-vars
6175:45  Warning: 'ExtArgs' is defined but 
never used.  
@typescript-eslint/no-unused-vars
6248:14  Error: The `{}` ("empty object") 
type allows any non-nullish value, 
including literals like `0` and `""`.
- If that's what you want, disable this 
lint rule with an inline comment or 
configure the 'allowObjectTypes' rule 
option.
- If you want a type meaning "any object", 
you probably want `object` instead.
- If you want a type meaning "any value", 
you probably want `unknown` instead.  
@typescript-eslint/no-empty-object-type
6256:17  Error: The `{}` ("empty object") 
type allows any non-nullish value, 
including literals like `0` and `""`.
- If that's what you want, disable this 
lint rule with an inline comment or 
configure the 'allowObjectTypes' rule 
option.
- If you want a type meaning "any object", 
you probably want `object` instead.
- If you want a type meaning "any value", 
you probably want `unknown` instead.  
@typescript-eslint/no-empty-object-type
6261:36  Warning: 'ExtArgs' is defined but 
never used.  
@typescript-eslint/no-unused-vars
6266:135  Error: The `{}` ("empty object") 
type allows any non-nullish value, 
including literals like `0` and `""`.
- If that's what you want, disable this 
lint rule with an inline comment or 
configure the 'allowObjectTypes' rule 
option.
- If you want a type meaning "any object", 
you probably want `object` instead.
- If you want a type meaning "any value", 
you probably want `unknown` instead.  
@typescript-eslint/no-empty-object-type
6526:41  Error: Unexpected any. Specify a 
different type.  
@typescript-eslint/no-explicit-any
6610:13  Error: The `{}` ("empty object") 
type allows any non-nullish value, 
including literals like `0` and `""`.
- If that's what you want, disable this 
lint rule with an inline comment or 
configure the 'allowObjectTypes' rule 
option.
- If you want a type meaning "any object", 
you probably want `object` instead.
- If you want a type meaning "any value", 
you probably want `unknown` instead.  
@typescript-eslint/no-empty-object-type
6620:13  Error: The `{}` ("empty object") 
type allows any non-nullish value, 
including literals like `0` and `""`.
- If that's what you want, disable this 
lint rule with an inline comment or 
configure the 'allowObjectTypes' rule 
option.
- If you want a type meaning "any object", 
you probably want `object` instead.
- If you want a type meaning "any value", 
you probably want `unknown` instead.  
@typescript-eslint/no-empty-object-type
6628:9  Error: The `{}` ("empty object") 
type allows any non-nullish value, 
including literals like `0` and `""`.
- If that's what you want, disable this 
lint rule with an inline comment or 
configure the 'allowObjectTypes' rule 
option.
- If you want a type meaning "any object", 
you probably want `object` instead.
- If you want a type meaning "any value", 
you probably want `unknown` instead.  
@typescript-eslint/no-empty-object-type
6634:94  Error: The `{}` ("empty object") 
type allows any non-nullish value, 
including literals like `0` and `""`.
- If that's what you want, disable this 
lint rule with an inline comment or 
configure the 'allowObjectTypes' rule 
option.
- If you want a type meaning "any object", 
you probably want `object` instead.
- If you want a type meaning "any value", 
you probably want `unknown` instead.  
@typescript-eslint/no-empty-object-type
6647:56  Warning: 'Null' is defined but 
never used.  
@typescript-eslint/no-unused-vars
6647:70  Warning: 'ExtArgs' is defined but 
never used.  
@typescript-eslint/no-unused-vars
6647:138  Warning: 'GlobalOmitOptions' is 
defined but never used.  
@typescript-eslint/no-unused-vars
6647:158  Error: The `{}` ("empty object") 
type allows any non-nullish value, 
including literals like `0` and `""`.
- If that's what you want, disable this 
lint rule with an inline comment or 
configure the 'allowObjectTypes' rule 
option.
- If you want a type meaning "any object", 
you probably want `object` instead.
- If you want a type meaning "any value", 
you probably want `unknown` instead.  
@typescript-eslint/no-empty-object-type
6655:148  Error: Unexpected any. Specify a 
different type.  
@typescript-eslint/no-explicit-any
6661:51  Error: Unexpected any. Specify a 
different type.  
@typescript-eslint/no-explicit-any
6883:48  Warning: 'ExtArgs' is defined but 
never used.  
@typescript-eslint/no-unused-vars
6935:48  Warning: 'ExtArgs' is defined but 
never used.  
@typescript-eslint/no-unused-vars
7023:48  Warning: 'ExtArgs' is defined but 
never used.  
@typescript-eslint/no-unused-vars

./src/generated/prisma/index.js
18:3  Warning: 'skip' is assigned a value 
but never used.  
@typescript-eslint/no-unused-vars
20:3  Warning: 'Debug' is assigned a value 
but never used.  
@typescript-eslint/no-unused-vars
24:3  Warning: 'warnOnce' is assigned a 
value but never used.  
@typescript-eslint/no-unused-vars
27:3  Warning: 'getRuntime' is assigned a 
value but never used.  
@typescript-eslint/no-unused-vars
28:3  Warning: 'createParam' is assigned a 
value but never used.  
@typescript-eslint/no-unused-vars
29:5  Error: A `require()` style import is 
forbidden.  
@typescript-eslint/no-require-imports
84:16  Error: A `require()` style import 
is forbidden.  
@typescript-eslint/no-require-imports
229:12  Error: A `require()` style import 
is forbidden.  
@typescript-eslint/no-require-imports
252:30  Error: A `require()` style import 
is forbidden.  
@typescript-eslint/no-require-imports

./src/generated/prisma/runtime/edge-esm.js
4:428  Warning: Expected an assignment or 
function call and instead saw an 
expression.  
@typescript-eslint/no-unused-expressions
4:637  Warning: 'b' is assigned a value 
but never used.  
@typescript-eslint/no-unused-vars
4:662  Warning: Expected an assignment or 
function call and instead saw an 
expression.  
@typescript-eslint/no-unused-expressions
4:798  Warning: 'x' is assigned a value 
but never used.  
@typescript-eslint/no-unused-vars
4:1124  Warning: Expected an assignment or 
function call and instead saw an 
expression.  
@typescript-eslint/no-unused-expressions
4:1324  Warning: Expected an assignment or 
function call and instead saw an 
expression.  
@typescript-eslint/no-unused-expressions
4:1363  Warning: Expected an assignment or 
function call and instead saw an 
expression.  
@typescript-eslint/no-unused-expressions
4:1506  Warning: Expected an assignment or 
function call and instead saw an 
expression.  
@typescript-eslint/no-unused-expressions
4:1741  Warning: Expected an assignment or 
function call and instead saw an 
expression.  
@typescript-eslint/no-unused-expressions
4:2182  Warning: Expected an assignment or 
function call and instead saw an 
expression.  
@typescript-eslint/no-unused-expressions
4:2523  Warning: Expected an assignment or 
function call and instead saw an 
expression.  
@typescript-eslint/no-unused-expressions
4:2801  Warning: Expected an assignment or 
function call and instead saw an 
expression.  
@typescript-eslint/no-unused-expressions
4:3637  Warning: Expected an assignment or 
function call and instead saw an 
expression.  
@typescript-eslint/no-unused-expressions
4:7757  Warning: Expected an assignment or 
function call and instead saw an 
expression.  
@typescript-eslint/no-unused-expressions
4:8310  Warning: Expected an assignment or 
function call and instead saw an 
expression.  
@typescript-eslint/no-unused-expressions
4:9145  Warning: Expected an assignment or 
function call and instead saw an 
expression.  
@typescript-eslint/no-unused-expressions
4:9687  Warning: Expected an assignment or 
function call and instead saw an 
expression.  
@typescript-eslint/no-unused-expressions
4:9771  Warning: Expected an assignment or 
function call and instead saw an 
expression.  
@typescript-eslint/no-unused-expressions
4:10108  Warning: Expected an assignment 
or function call and instead saw an 
expression.  
@typescript-eslint/no-unused-expressions
4:10299  Warning: Expected an assignment 
or function call and instead saw an 
expression.  
@typescript-eslint/no-unused-expressions
4:10867  Warning: Expected an assignment 
or function call and instead saw an 
expression.  
@typescript-eslint/no-unused-expressions
4:11514  Warning: Expected an assignment 
or function call and instead saw an 
expression.  
@typescript-eslint/no-unused-expressions
4:12346  Warning: Expected an assignment 
or function call and instead saw an 
expression.  
@typescript-eslint/no-unused-expressions
4:12530  Warning: Expected an assignment 
or function call and instead saw an 
expression.  
@typescript-eslint/no-unused-expressions
4:12926  Warning: Expected an assignment 
or function call and instead saw an 
expression.  
@typescript-eslint/no-unused-expressions
4:12972  Warning: Expected an assignment 
or function call and instead saw an 
expression.  
@typescript-eslint/no-unused-expressions
4:13329  Warning: Expected an assignment 
or function call and instead saw an 
expression.  
@typescript-eslint/no-unused-expressions
4:13395  Warning: Expected an assignment 
or function call and instead saw an 
expression.  
@typescript-eslint/no-unused-expressions
4:13437  Warning: Expected an assignment 
or function call and instead saw an 
expression.  
@typescript-eslint/no-unused-expressions
4:13750  Warning: Expected an assignment 
or function call and instead saw an 
expression.  
@typescript-eslint/no-unused-expressions
4:14093  Warning: Expected an assignment 
or function call and instead saw an 
expression.  
@typescript-eslint/no-unused-expressions
4:14476  Warning: Expected an assignment 
or function call and instead saw an 
expression.  
@typescript-eslint/no-unused-expressions
4:14502  Warning: Expected an assignment 
or function call and instead saw an 
expression.  
@typescript-eslint/no-unused-expressions
4:14571  Warning: Expected an assignment 
or function call and instead saw an 
expression.  
@typescript-eslint/no-unused-expressions
4:14696  Warning: Expected an assignment 
or function call and instead saw an 
expression.  
@typescript-eslint/no-unused-expressions
4:14836  Warning: Expected an assignment 
or function call and instead saw an 
expression.  
@typescript-eslint/no-unused-expressions
4:15384  Warning: Expected an assignment 
or function call and instead saw an 
expression.  
@typescript-eslint/no-unused-expressions
4:15645  Warning: Expected an assignment 
or function call and instead saw an 
expression.  
@typescript-eslint/no-unused-expressions
4:16029  Warning: Expected an assignment 
or function call and instead saw an 
expression.  
@typescript-eslint/no-unused-expressions
4:16198  Warning: Expected an assignment 
or function call and instead saw an 
expression.  
@typescript-eslint/no-unused-expressions
4:17014  Warning: Expected an assignment 
or function call and instead saw an 
expression.  
@typescript-eslint/no-unused-expressions
4:17063  Warning: Expected an assignment 
or function call and instead saw an 
expression.  
@typescript-eslint/no-unused-expressions
4:17301  Warning: Expected an assignment 
or function call and instead saw an 
expression.  
@typescript-eslint/no-unused-expressions
4:17350  Warning: Expected an assignment 
or function call and instead saw an 
expression.  
@typescript-eslint/no-unused-expressions
4:17582  Warning: Expected an assignment 
or function call and instead saw an 
expression.  
@typescript-eslint/no-unused-expressions
4:17761  Warning: Expected an assignment 
or function call and instead saw an 
expression.  
@typescript-eslint/no-unused-expressions
4:18056  Warning: Expected an assignment 
or function call and instead saw an 
expression.  
@typescript-eslint/no-unused-expressions
4:18182  Warning: Expected an assignment 
or function call and instead saw an 
expression.  
@typescript-eslint/no-unused-expressions
4:18562  Warning: Expected an assignment 
or function call and instead saw an 
expression.  
@typescript-eslint/no-unused-expressions
4:18611  Warning: Expected an assignment 
or function call and instead saw an 
expression.  
@typescript-eslint/no-unused-expressions
4:18843  Warning: Expected an assignment 
or function call and instead saw an 
expression.  
@typescript-eslint/no-unused-expressions
4:18892  Warning: Expected an assignment 
or function call and instead saw an 
expression.  
@typescript-eslint/no-unused-expressions
4:21029  Warning: Expected an assignment 
or function call and instead saw an 
expression.  
@typescript-eslint/no-unused-expressions
4:21273  Warning: Expected an assignment 
or function call and instead saw an 
expression.  
@typescript-eslint/no-unused-expressions
4:21819  Warning: Expected an assignment 
or function call and instead saw an 
expression.  
@typescript-eslint/no-unused-expressions
4:22054  Warning: Expected an assignment 
or function call and instead saw an 
expression.  
@typescript-eslint/no-unused-expressions
4:23143  Warning: 'i' is defined but never 
used.  @typescript-eslint/no-unused-vars
4:23145  Warning: 'o' is defined but never 
used.  @typescript-eslint/no-unused-vars
4:24203  Warning: Expected an assignment 
or function call and instead saw an 
expression.  
@typescript-eslint/no-unused-expressions
4:24772  Warning: Expected an assignment 
or function call and instead saw an 
expression.  
@typescript-eslint/no-unused-expressions
4:24819  Warning: Expected an assignment 
or function call and instead saw an 
expression.  
@typescript-eslint/no-unused-expressions
4:24981  Warning: Expected an assignment 
or function call and instead saw an 
expression.  
@typescript-eslint/no-unused-expressions
4:25328  Warning: Expected an assignment 
or function call and instead saw an 
expression.  
@typescript-eslint/no-unused-expressions
4:26399  Warning: Expected an assignment 
or function call and instead saw an 
expression.  
@typescript-eslint/no-unused-expressions
4:27332  Warning: Expected an assignment 
or function call and instead saw an 
expression.  
@typescript-eslint/no-unused-expressions
4:27389  Warning: Expected an assignment 
or function call and instead saw an 
expression.  
@typescript-eslint/no-unused-expressions
4:27454  Warning: Expected an assignment 
or function call and instead saw an 
expression.  
@typescript-eslint/no-unused-expressions
4:27533  Warning: Expected an assignment 
or function call and instead saw an 
expression.  
@typescript-eslint/no-unused-expressions
4:28047  Warning: Expected an assignment 
or function call and instead saw an 
expression.  
@typescript-eslint/no-unused-expressions
4:29311  Warning: Expected an assignment 
or function call and instead saw an 
expression.  
@typescript-eslint/no-unused-expressions
4:29925  Warning: Expected an assignment 
or function call and instead saw an 
expression.  
@typescript-eslint/no-unused-expressions
4:30066  Warning: Expected an assignment 
or function call and instead saw an 
expression.  
@typescript-eslint/no-unused-expressions
4:30080  Warning: Expected an assignment 
or function call and instead saw an 
expression.  
@typescript-eslint/no-unused-expressions
4:34529  Warning: Expected an assignment 
or function call and instead saw an 
expression.  
@typescript-eslint/no-unused-expressions
4:34611  Warning: Expected an assignment 
or function call and instead saw an 
expression.  
@typescript-eslint/no-unused-expressions
4:34761  Warning: Expected an assignment 
or function call and instead saw an 
expression.  
@typescript-eslint/no-unused-expressions
4:34955  Warning: Expected an assignment 
or function call and instead saw an 
expression.  
@typescript-eslint/no-unused-expressions
4:35112  Warning: Expected an assignment 
or function call and instead saw an 
expression.  
@typescript-eslint/no-unused-expressions
4:35822  Warning: 'e' is defined but never 
used.  @typescript-eslint/no-unused-vars
4:35919  Warning: Expected an assignment 
or function call and instead saw an 
expression.  
@typescript-eslint/no-unused-expressions
4:36284  Warning: 'vm' is assigned a value 
but never used.  
@typescript-eslint/no-unused-vars
4:36316  Warning: 'Tm' is assigned a value 
but never used.  
@typescript-eslint/no-unused-vars
4:36338  Warning: 'Am' is assigned a value 
but never used.  
@typescript-eslint/no-unused-vars
4:36349  Warning: 'Cm' is assigned a value 
but never used.  
@typescript-eslint/no-unused-vars
4:36360  Warning: 'Rm' is assigned a value 
but never used.  
@typescript-eslint/no-unused-vars
4:36371  Warning: 'Sm' is assigned a value 
but never used.  
@typescript-eslint/no-unused-vars
4:36431  Warning: 'Im' is assigned a value 
but never used.  
@typescript-eslint/no-unused-vars
4:36455  Warning: 'Om' is assigned a value 
but never used.  
@typescript-eslint/no-unused-vars
4:36479  Warning: 'km' is assigned a value 
but never used.  
@typescript-eslint/no-unused-vars
4:36491  Warning: 'Dm' is assigned a value 
but never used.  
@typescript-eslint/no-unused-vars
4:36503  Warning: 'Mm' is assigned a value 
but never used.  
@typescript-eslint/no-unused-vars
4:36515  Warning: '_m' is assigned a value 
but never used.  
@typescript-eslint/no-unused-vars
4:36527  Warning: 'Nm' is assigned a value 
but never used.  
@typescript-eslint/no-unused-vars
4:36539  Warning: 'Fm' is assigned a value 
but never used.  
@typescript-eslint/no-unused-vars
4:36551  Warning: 'Lm' is assigned a value 
but never used.  
@typescript-eslint/no-unused-vars
4:36563  Warning: 'Um' is assigned a value 
but never used.  
@typescript-eslint/no-unused-vars
4:36575  Warning: 'Bm' is assigned a value 
but never used.  
@typescript-eslint/no-unused-vars
4:36840  Warning: Expected an assignment 
or function call and instead saw an 
expression.  
@typescript-eslint/no-unused-expressions
4:37461  Warning: 's' is assigned a value 
but never used.  
@typescript-eslint/no-unused-vars
4:37617  Warning: Expected an assignment 
or function call and instead saw an 
expression.  
@typescript-eslint/no-unused-expressions
4:39049  Warning: Expected an assignment 
or function call and instead saw an 
expression.  
@typescript-eslint/no-unused-expressions
4:39608  Warning: Expected an assignment 
or function call and instead saw an 
expression.  
@typescript-eslint/no-unused-expressions
4:39784  Warning: Expected an assignment 
or function call and instead saw an 
expression.  
@typescript-eslint/no-unused-expressions
4:39900  Warning: Expected an assignment 
or function call and instead saw an 
expression.  
@typescript-eslint/no-unused-expressions
4:40277  Warning: Expected an assignment 
or function call and instead saw an 
expression.  
@typescript-eslint/no-unused-expressions
4:40637  Warning: Expected an assignment 
or function call and instead saw an 
expression.  
@typescript-eslint/no-unused-expressions
4:40932  Warning: Expected an assignment 
or function call and instead saw an 
expression.  
@typescript-eslint/no-unused-expressions
4:41325  Warning: Expected an assignment 
or function call and instead saw an 
expression.  
@typescript-eslint/no-unused-expressions
4:45185  Error: Unexpected aliasing of 
'this' to local variable.  
@typescript-eslint/no-this-alias
4:45381  Error: Unexpected aliasing of 
'this' to local variable.  
@typescript-eslint/no-this-alias
4:45737  Error: Unexpected aliasing of 
'this' to local variable.  
@typescript-eslint/no-this-alias
4:46007  Error: Unexpected aliasing of 
'this' to local variable.  
@typescript-eslint/no-this-alias
4:46592  Warning: Expected an assignment 
or function call and instead saw an 
expression.  
@typescript-eslint/no-unused-expressions
4:46606  Warning: Expected an assignment 
or function call and instead saw an 
expression.  
@typescript-eslint/no-unused-expressions
4:46853  Warning: Expected an assignment 
or function call and instead saw an 
expression.  
@typescript-eslint/no-unused-expressions
4:46992  Error: Unexpected aliasing of 
'this' to local variable.  
@typescript-eslint/no-this-alias
4:47370  Error: Unexpected aliasing of 
'this' to local variable.  
@typescript-eslint/no-this-alias
4:47470  Warning: Expected an assignment 
or function call and instead saw an 
expression.  
@typescript-eslint/no-unused-expressions
4:47712  Warning: Expected an assignment 
or function call and instead saw an 
expression.  
@typescript-eslint/no-unused-expressions
4:47855  Error: Unexpected aliasing of 
'this' to local variable.  
@typescript-eslint/no-this-alias
4:48042  Warning: Expected an assignment 
or function call and instead saw an 
expression.  
@typescript-eslint/no-unused-expressions
4:48163  Warning: Expected an assignment 
or function call and instead saw an 
expression.  
@typescript-eslint/no-unused-expressions
4:48316  Error: Unexpected aliasing of 
'this' to local variable.  
@typescript-eslint/no-this-alias
4:48535  Error: Unexpected aliasing of 
'this' to local variable.  
@typescript-eslint/no-this-alias
4:48867  Error: Unexpected aliasing of 
'this' to local variable.  
@typescript-eslint/no-this-alias
4:49171  Error: Unexpected aliasing of 
'this' to local variable.  
@typescript-eslint/no-this-alias
4:49465  Error: Unexpected aliasing of 
'this' to local variable.  
@typescript-eslint/no-this-alias
4:49833  Error: Unexpected aliasing of 
'this' to local variable.  
@typescript-eslint/no-this-alias
4:50174  Error: Unexpected aliasing of 
'this' to local variable.  
@typescript-eslint/no-this-alias
4:51249  Error: Unexpected aliasing of 
'this' to local variable.  
@typescript-eslint/no-this-alias
4:51314  Warning: Expected an assignment 
or function call and instead saw an 
expression.  
@typescript-eslint/no-unused-expressions
4:51693  Warning: Expected an assignment 
or function call and instead saw an 
expression.  
@typescript-eslint/no-unused-expressions
4:51846  Error: Unexpected aliasing of 
'this' to local variable.  
@typescript-eslint/no-this-alias
4:52587  Warning: Expected an assignment 
or function call and instead saw an 
expression.  
@typescript-eslint/no-unused-expressions
4:52764  Error: Unexpected aliasing of 
'this' to local variable.  
@typescript-eslint/no-this-alias
4:53236  Error: Unexpected aliasing of 
'this' to local variable.  
@typescript-eslint/no-this-alias
4:53733  Warning: Expected an assignment 
or function call and instead saw an 
expression.  
@typescript-eslint/no-unused-expressions
4:53900  Error: Unexpected aliasing of 
'this' to local variable.  
@typescript-eslint/no-this-alias
4:54039  Error: Unexpected aliasing of 
'this' to local variable.  
@typescript-eslint/no-this-alias
4:54131  Error: Unexpected aliasing of 
'this' to local variable.  
@typescript-eslint/no-this-alias
4:54400  Error: Unexpected aliasing of 
'this' to local variable.  
@typescript-eslint/no-this-alias
4:54924  Warning: Expected an assignment 
or function call and instead saw an 
expression.  
@typescript-eslint/no-unused-expressions
4:54938  Warning: Expected an assignment 
or function call and instead saw an 
expression.  
@typescript-eslint/no-unused-expressions
4:55084  Error: Unexpected aliasing of 
'this' to local variable.  
@typescript-eslint/no-this-alias
4:55390  Error: Unexpected aliasing of 
'this' to local variable.  
@typescript-eslint/no-this-alias
4:55682  Warning: Expected an assignment 
or function call and instead saw an 
expression.  
@typescript-eslint/no-unused-expressions
4:55934  Error: Unexpected aliasing of 
'this' to local variable.  
@typescript-eslint/no-this-alias
4:56087  Error: Unexpected aliasing of 
'this' to local variable.  
@typescript-eslint/no-this-alias
4:56285  Error: Unexpected aliasing of 
'this' to local variable.  
@typescript-eslint/no-this-alias
4:56509  Error: Unexpected aliasing of 
'this' to local variable.  
@typescript-eslint/no-this-alias
4:56855  Warning: Expected an assignment 
or function call and instead saw an 
expression.  
@typescript-eslint/no-unused-expressions
4:57194  Error: Unexpected aliasing of 
'this' to local variable.  
@typescript-eslint/no-this-alias
4:57257  Warning: Expected an assignment 
or function call and instead saw an 
expression.  
@typescript-eslint/no-unused-expressions
4:57584  Error: Unexpected aliasing of 
'this' to local variable.  
@typescript-eslint/no-this-alias
4:58395  Error: Unexpected aliasing of 
'this' to local variable.  
@typescript-eslint/no-this-alias
4:58655  Error: Unexpected aliasing of 
'this' to local variable.  
@typescript-eslint/no-this-alias
4:58815  Error: Unexpected aliasing of 
'this' to local variable.  
@typescript-eslint/no-this-alias
4:59032  Error: Unexpected aliasing of 
'this' to local variable.  
@typescript-eslint/no-this-alias
4:59200  Warning: Expected an assignment 
or function call and instead saw an 
expression.  
@typescript-eslint/no-unused-expressions
4:59242  Warning: Expected an assignment 
or function call and instead saw an 
expression.  
@typescript-eslint/no-unused-expressions
4:60026  Warning: Expected an assignment 
or function call and instead saw an 
expression.  
@typescript-eslint/no-unused-expressions
4:60160  Warning: Expected an assignment 
or function call and instead saw an 
expression.  
@typescript-eslint/no-unused-expressions
4:60482  Warning: Expected an assignment 
or function call and instead saw an 
expression.  
@typescript-eslint/no-unused-expressions
4:60691  Warning: Expected an assignment 
or function call and instead saw an 
expression.  
@typescript-eslint/no-unused-expressions
4:61209  Warning: Expected an assignment 
or function call and instead saw an 
expression.  
@typescript-eslint/no-unused-expressions
4:61291  Warning: Expected an assignment 
or function call and instead saw an 
expression.  
@typescript-eslint/no-unused-expressions
4:61464  Warning: Expected an assignment 
or function call and instead saw an 
expression.  
@typescript-eslint/no-unused-expressions
4:61518  Warning: Expected an assignment 
or function call and instead saw an 
expression.  
@typescript-eslint/no-unused-expressions
4:61948  Warning: Expected an assignment 
or function call and instead saw an 
expression.  
@typescript-eslint/no-unused-expressions
4:61972  Warning: Expected an assignment 
or function call and instead saw an 
expression.  
@typescript-eslint/no-unused-expressions
4:62019  Warning: Expected an assignment 
or function call and instead saw an 
expression.  
@typescript-eslint/no-unused-expressions
4:62202  Warning: Expected an assignment 
or function call and instead saw an 
expression.  
@typescript-eslint/no-unused-expressions
4:62315  Warning: Expected an assignment 
or function call and instead saw an 
expression.  
@typescript-eslint/no-unused-expressions
4:62389  Warning: Expected an assignment 
or function call and instead saw an 
expression.  
@typescript-eslint/no-unused-expressions
4:62860  Warning: Expected an assignment 
or function call and instead saw an 
expression.  
@typescript-eslint/no-unused-expressions
4:62930  Warning: Expected an assignment 
or function call and instead saw an 
expression.  
@typescript-eslint/no-unused-expressions
4:63955  Warning: Expected an assignment 
or function call and instead saw an 
expression.  
@typescript-eslint/no-unused-expressions
4:64000  Warning: Expected an assignment 
or function call and instead saw an 
expression.  
@typescript-eslint/no-unused-expressions
4:64176  Warning: Expected an assignment 
or function call and instead saw an 
expression.  
@typescript-eslint/no-unused-expressions
4:64450  Warning: Expected an assignment 
or function call and instead saw an 
expression.  
@typescript-eslint/no-unused-expressions
4:64710  Warning: Expected an assignment 
or function call and instead saw an 
expression.  
@typescript-eslint/no-unused-expressions
4:65144  Warning: Expected an assignment 
or function call and instead saw an 
expression.  
@typescript-eslint/no-unused-expressions
4:65184  Warning: Expected an assignment 
or function call and instead saw an 
expression.  
@typescript-eslint/no-unused-expressions
4:65624  Warning: Expected an assignment 
or function call and instead saw an 
expression.  
@typescript-eslint/no-unused-expressions
4:65767  Warning: Expected an assignment 
or function call and instead saw an 
expression.  
@typescript-eslint/no-unused-expressions
4:66197  Warning: Expected an assignment 
or function call and instead saw an 
expression.  
@typescript-eslint/no-unused-expressions
4:66250  Warning: Expected an assignment 
or function call and instead saw an 
expression.  
@typescript-eslint/no-unused-expressions
4:66355  Warning: Expected an assignment 
or function call and instead saw an 
expression.  
@typescript-eslint/no-unused-expressions
4:66588  Warning: Expected an assignment 
or function call and instead saw an 
expression.  
@typescript-eslint/no-unused-expressions
4:67110  Warning: Expected an assignment 
or function call and instead saw an 
expression.  
@typescript-eslint/no-unused-expressions
4:67228  Warning: Expected an assignment 
or function call and instead saw an 
expression.  
@typescript-eslint/no-unused-expressions
4:67577  Warning: Expected an assignment 
or function call and instead saw an 
expression.  
@typescript-eslint/no-unused-expressions
4:67593  Warning: 'd' is assigned a value 
but never used.  
@typescript-eslint/no-unused-vars
4:68588  Warning: Expected an assignment 
or function call and instead saw an 
expression.  
@typescript-eslint/no-unused-expressions
4:68966  Warning: Expected an assignment 
or function call and instead saw an 
expression.  
@typescript-eslint/no-unused-expressions
4:69466  Warning: Expected an assignment 
or function call and instead saw an 
expression.  
@typescript-eslint/no-unused-expressions
4:70784  Error: Unexpected aliasing of 
'this' to local variable.  
@typescript-eslint/no-this-alias
4:70854  Warning: Expected an assignment 
or function call and instead saw an 
expression.  
@typescript-eslint/no-unused-expressions
4:71032  Warning: Expected an assignment 
or function call and instead saw an 
expression.  
@typescript-eslint/no-unused-expressions
4:71139  Warning: Expected an assignment 
or function call and instead saw an 
expression.  
@typescript-eslint/no-unused-expressions
4:71245  Warning: Expected an assignment 
or function call and instead saw an 
expression.  
@typescript-eslint/no-unused-expressions
4:72263  Warning: Expected an assignment 
or function call and instead saw an 
expression.  
@typescript-eslint/no-unused-expressions
4:72560  Warning: Expected an assignment 
or function call and instead saw an 
expression.  
@typescript-eslint/no-unused-expressions
4:73296  Warning: Expected an assignment 
or function call and instead saw an 
expression.  
@typescript-eslint/no-unused-expressions
4:73440  Warning: Expected an assignment 
or function call and instead saw an 
expression.  
@typescript-eslint/no-unused-expressions
4:73703  Warning: Expected an assignment 
or function call and instead saw an 
expression.  
@typescript-eslint/no-unused-expressions
4:73782  Warning: Expected an assignment 
or function call and instead saw an 
expression.  
@typescript-eslint/no-unused-expressions
4:75455  Warning: 'Ru' is assigned a value 
but never used.  
@typescript-eslint/no-unused-vars
4:76203  Warning: Expected an assignment 
or function call and instead saw an 
expression.  
@typescript-eslint/no-unused-expressions
4:76275  Warning: Expected an assignment 
or function call and instead saw an 
expression.  
@typescript-eslint/no-unused-expressions
5:379  Warning: Expected an assignment or 
function call and instead saw an 
expression.  
@typescript-eslint/no-unused-expressions
5:680  Warning: Expected an assignment or 
function call and instead saw an 
expression.  
@typescript-eslint/no-unused-expressions
5:1463  Warning: Expected an assignment or 
function call and instead saw an 
expression.  
@typescript-eslint/no-unused-expressions
5:2020  Warning: Expected an assignment or 
function call and instead saw an 
expression.  
@typescript-eslint/no-unused-expressions
5:2120  Warning: Expected an assignment or 
function call and instead saw an 
expression.  
@typescript-eslint/no-unused-expressions
6:743  Warning: Expected an assignment or 
function call and instead saw an 
expression.  
@typescript-eslint/no-unused-expressions
6:1332  Warning: Expected an assignment or 
function call and instead saw an 
expression.  
@typescript-eslint/no-unused-expressions
6:1445  Warning: Expected an assignment or 
function call and instead saw an 
expression.  
@typescript-eslint/no-unused-expressions
6:2358  Error: Unexpected aliasing of 
'this' to local variable.  
@typescript-eslint/no-this-alias
6:3260  Warning: Expected an assignment or 
function call and instead saw an 
expression.  
@typescript-eslint/no-unused-expressions
6:3354  Warning: Expected an assignment or 
function call and instead saw an 
expression.  
@typescript-eslint/no-unused-expressions
6:3719  Warning: Expected an assignment or 
function call and instead saw an 
expression.  
@typescript-eslint/no-unused-expressions
6:4868  Warning: Expected an assignment or 
function call and instead saw an 
expression.  
@typescript-eslint/no-unused-expressions
6:5294  Warning: Expected an assignment or 
function call and instead saw an 
expression.  
@typescript-eslint/no-unused-expressions
7:807  Warning: Expected an assignment or 
function call and instead saw an 
expression.  
@typescript-eslint/no-unused-expressions
7:1129  Warning: Expected an assignment or 
function call and instead saw an 
expression.  
@typescript-eslint/no-unused-expressions
7:1412  Warning: Expected an assignment or 
function call and instead saw an 
expression.  
@typescript-eslint/no-unused-expressions
7:2157  Warning: Expected an assignment or 
function call and instead saw an 
expression.  
@typescript-eslint/no-unused-expressions
7:2426  Warning: Expected an assignment or 
function call and instead saw an 
expression.  
@typescript-eslint/no-unused-expressions
7:2741  Warning: Expected an assignment or 
function call and instead saw an 
expression.  
@typescript-eslint/no-unused-expressions
7:4062  Warning: Expected an assignment or 
function call and instead saw an 
expression.  
@typescript-eslint/no-unused-expressions
7:4411  Warning: Expected an assignment or 
function call and instead saw an 
expression.  
@typescript-eslint/no-unused-expressions
7:4899  Warning: Expected an assignment or 
function call and instead saw an 
expression.  
@typescript-eslint/no-unused-expressions
7:5293  Warning: Expected an assignment or 
function call and instead saw an 
expression.  
@typescript-eslint/no-unused-expressions
7:5947  Warning: Expected an assignment or 
function call and instead saw an 
expression.  
@typescript-eslint/no-unused-expressions
7:6581  Warning: Expected an assignment or 
function call and instead saw an 
expression.  
@typescript-eslint/no-unused-expressions
7:6679  Warning: Expected an assignment or 
function call and instead saw an 
expression.  
@typescript-eslint/no-unused-expressions
7:6792  Warning: Expected an assignment or 
function call and instead saw an 
expression.  
@typescript-eslint/no-unused-expressions
7:6899  Warning: Expected an assignment or 
function call and instead saw an 
expression.  
@typescript-eslint/no-unused-expressions
7:7555  Warning: Expected an assignment or 
function call and instead saw an 
expression.  
@typescript-eslint/no-unused-expressions
7:8024  Warning: Expected an assignment or 
function call and instead saw an 
expression.  
@typescript-eslint/no-unused-expressions
7:8168  Warning: Expected an assignment or 
function call and instead saw an 
expression.  
@typescript-eslint/no-unused-expressions
7:8495  Warning: Expected an assignment or 
function call and instead saw an 
expression.  
@typescript-eslint/no-unused-expressions
7:9306  Warning: Expected an assignment or 
function call and instead saw an 
expression.  
@typescript-eslint/no-unused-expressions
8:7031  Warning: Expected an assignment or 
function call and instead saw an 
expression.  
@typescript-eslint/no-unused-expressions
8:7296  Warning: Expected an assignment or 
function call and instead saw an 
expression.  
@typescript-eslint/no-unused-expressions
8:8842  Warning: Expected an assignment or 
function call and instead saw an 
expression.  
@typescript-eslint/no-unused-expressions
8:9768  Warning: Expected an assignment or 
function call and instead saw an 
expression.  
@typescript-eslint/no-unused-expressions
8:9980  Warning: Expected an assignment or 
function call and instead saw an 
expression.  
@typescript-eslint/no-unused-expressions
8:12845  Warning: Expected an assignment 
or function call and instead saw an 
expression.  
@typescript-eslint/no-unused-expressions
8:13424  Warning: Expected an assignment 
or function call and instead saw an 
expression.  
@typescript-eslint/no-unused-expressions
8:13629  Warning: Expected an assignment 
or function call and instead saw an 
expression.  
@typescript-eslint/no-unused-expressions
8:13713  Warning: Expected an assignment 
or function call and instead saw an 
expression.  
@typescript-eslint/no-unused-expressions
9:1258  Warning: Expected an assignment or 
function call and instead saw an 
expression.  
@typescript-eslint/no-unused-expressions
9:1300  Warning: Expected an assignment or 
function call and instead saw an 
expression.  
@typescript-eslint/no-unused-expressions
9:5015  Warning: Expected an assignment or 
function call and instead saw an 
expression.  
@typescript-eslint/no-unused-expressions
9:5106  Warning: Expected an assignment or 
function call and instead saw an 
expression.  
@typescript-eslint/no-unused-expressions
9:5132  Warning: Expected an assignment or 
function call and instead saw an 
expression.  
@typescript-eslint/no-unused-expressions
9:7209  Warning: Expected an assignment or 
function call and instead saw an 
expression.  
@typescript-eslint/no-unused-expressions
14:396  Warning: Expected an assignment or 
function call and instead saw an 
expression.  
@typescript-eslint/no-unused-expressions
14:557  Warning: Expected an assignment or 
function call and instead saw an 
expression.  
@typescript-eslint/no-unused-expressions
14:1771  Warning: Expected an assignment 
or function call and instead saw an 
expression.  
@typescript-eslint/no-unused-expressions
14:2085  Warning: Expected an assignment 
or function call and instead saw an 
expression.  
@typescript-eslint/no-unused-expressions
14:2953  Warning: Expected an assignment 
or function call and instead saw an 
expression.  
@typescript-eslint/no-unused-expressions
14:3443  Warning: Expected an assignment 
or function call and instead saw an 
expression.  
@typescript-eslint/no-unused-expressions
14:3616  Warning: Expected an assignment 
or function call and instead saw an 
expression.  
@typescript-eslint/no-unused-expressions
14:3825  Warning: Expected an assignment 
or function call and instead saw an 
expression.  
@typescript-eslint/no-unused-expressions
14:4944  Warning: Expected an assignment 
or function call and instead saw an 
expression.  
@typescript-eslint/no-unused-expressions
14:8201  Warning: Expected an assignment 
or function call and instead saw an 
expression.  
@typescript-eslint/no-unused-expressions
15:1734  Warning: Expected an assignment 
or function call and instead saw an 
expression.  
@typescript-eslint/no-unused-expressions
15:2110  Warning: Expected an assignment 
or function call and instead saw an 
expression.  
@typescript-eslint/no-unused-expressions
15:2234  Warning: Expected an assignment 
or function call and instead saw an 
expression.  
@typescript-eslint/no-unused-expressions
15:2627  Warning: Expected an assignment 
or function call and instead saw an 
expression.  
@typescript-eslint/no-unused-expressions
15:3061  Warning: Expected an assignment 
or function call and instead saw an 
expression.  
@typescript-eslint/no-unused-expressions
15:3628  Warning: Expected an assignment 
or function call and instead saw an 
expression.  
@typescript-eslint/no-unused-expressions
15:4904  Warning: Expected an assignment 
or function call and instead saw an 
expression.  
@typescript-eslint/no-unused-expressions
15:5769  Warning: Expected an assignment 
or function call and instead saw an 
expression.  
@typescript-eslint/no-unused-expressions
15:6147  Warning: Expected an assignment 
or function call and instead saw an 
expression.  
@typescript-eslint/no-unused-expressions
16:88  Warning: Expected an assignment or 
function call and instead saw an 
expression.  
@typescript-eslint/no-unused-expressions
16:236  Warning: Expected an assignment or 
function call and instead saw an 
expression.  
@typescript-eslint/no-unused-expressions
16:1519  Warning: 'a' is assigned a value 
but never used.  
@typescript-eslint/no-unused-vars
16:1535  Warning: 'l' is assigned a value 
but never used.  
@typescript-eslint/no-unused-vars
16:1550  Warning: 'd' is assigned a value 
but never used.  
@typescript-eslint/no-unused-vars
16:1565  Warning: 'g' is assigned a value 
but never used.  
@typescript-eslint/no-unused-vars
23:72  Warning: Expected an assignment or 
function call and instead saw an 
expression.  
@typescript-eslint/no-unused-expressions
23:171  Warning: Expected an assignment or 
function call and instead saw an 
expression.  
@typescript-eslint/no-unused-expressions
23:264  Warning: Expected an assignment or 
function call and instead saw an 
expression.  
@typescript-eslint/no-unused-expressions
23:380  Warning: Expected an assignment or 
function call and instead saw an 
expression.  
@typescript-eslint/no-unused-expressions
23:463  Warning: Expected an assignment or 
function call and instead saw an 
expression.  
@typescript-eslint/no-unused-expressions
23:3549  Warning: Expected an assignment 
or function call and instead saw an 
expression.  
@typescript-eslint/no-unused-expressions
23:3767  Warning: Expected an assignment 
or function call and instead saw an 
expression.  
@typescript-eslint/no-unused-expressions
23:3852  Warning: Expected an assignment 
or function call and instead saw an 
expression.  
@typescript-eslint/no-unused-expressions
23:4155  Warning: Expected an assignment 
or function call and instead saw an 
expression.  
@typescript-eslint/no-unused-expressions
23:5318  Warning: Expected an assignment 
or function call and instead saw an 
expression.  
@typescript-eslint/no-unused-expressions
23:8964  Warning: Expected an assignment 
or function call and instead saw an 
expression.  
@typescript-eslint/no-unused-expressions
28:1875  Warning: Expected an assignment 
or function call and instead saw an 
expression.  
@typescript-eslint/no-unused-expressions
28:3177  Warning: Expected an assignment 
or function call and instead saw an 
expression.  
@typescript-eslint/no-unused-expressions
28:3310  Warning: Expected an assignment 
or function call and instead saw an 
expression.  
@typescript-eslint/no-unused-expressions
28:3496  Warning: Expected an assignment 
or function call and instead saw an 
expression.  
@typescript-eslint/no-unused-expressions
28:3695  Warning: Expected an assignment 
or function call and instead saw an 
expression.  
@typescript-eslint/no-unused-expressions
32:151  Warning: Expected an assignment or 
function call and instead saw an 
expression.  
@typescript-eslint/no-unused-expressions
32:200  Warning: Expected an assignment or 
function call and instead saw an 
expression.  
@typescript-eslint/no-unused-expressions
32:257  Warning: Expected an assignment or 
function call and instead saw an 
expression.  
@typescript-eslint/no-unused-expressions
32:296  Warning: Expected an assignment or 
function call and instead saw an 
expression.  
@typescript-eslint/no-unused-expressions
32:368  Warning: Expected an assignment or 
function call and instead saw an 
expression.  
@typescript-eslint/no-unused-expressions
32:903  Warning: Expected an assignment or 
function call and instead saw an 
expression.  
@typescript-eslint/no-unused-expressions
32:994  Warning: Expected an assignment or 
function call and instead saw an 
expression.  
@typescript-eslint/no-unused-expressions
32:1182  Warning: 'o' is assigned a value 
but never used.  
@typescript-eslint/no-unused-vars
32:2062  Warning: Expected an assignment 
or function call and instead saw an 
expression.  
@typescript-eslint/no-unused-expressions
32:2134  Warning: Expected an assignment 
or function call and instead saw an 
expression.  
@typescript-eslint/no-unused-expressions
32:3984  Warning: Expected an assignment 
or function call and instead saw an 
expression.  
@typescript-eslint/no-unused-expressions
32:8050  Warning: Expected an assignment 
or function call and instead saw an 
expression.  
@typescript-eslint/no-unused-expressions
32:8419  Warning: Expected an assignment 
or function call and instead saw an 
expression.  
@typescript-eslint/no-unused-expressions
32:9379  Warning: Expected an assignment 
or function call and instead saw an 
expression.  
@typescript-eslint/no-unused-expressions

./src/generated/prisma/runtime/edge.js
4:441  Warning: Expected an assignment or 
function call and instead saw an 
expression.  
@typescript-eslint/no-unused-expressions
4:693  Warning: 'b' is assigned a value 
but never used.  
@typescript-eslint/no-unused-vars
4:718  Warning: Expected an assignment or 
function call and instead saw an 
expression.  
@typescript-eslint/no-unused-expressions
4:854  Warning: 'x' is assigned a value 
but never used.  
@typescript-eslint/no-unused-vars
4:1180  Warning: Expected an assignment or 
function call and instead saw an 
expression.  
@typescript-eslint/no-unused-expressions
4:1380  Warning: Expected an assignment or 
function call and instead saw an 
expression.  
@typescript-eslint/no-unused-expressions
4:1419  Warning: Expected an assignment or 
function call and instead saw an 
expression.  
@typescript-eslint/no-unused-expressions
4:1562  Warning: Expected an assignment or 
function call and instead saw an 
expression.  
@typescript-eslint/no-unused-expressions
4:1797  Warning: Expected an assignment or 
function call and instead saw an 
expression.  
@typescript-eslint/no-unused-expressions
4:2238  Warning: Expected an assignment or 
function call and instead saw an 
expression.  
@typescript-eslint/no-unused-expressions
4:2579  Warning: Expected an assignment or 
function call and instead saw an 
expression.  
@typescript-eslint/no-unused-expressions
4:2857  Warning: Expected an assignment or 
function call and instead saw an 
expression.  
@typescript-eslint/no-unused-expressions
4:3693  Warning: Expected an assignment or 
function call and instead saw an 
expression.  
@typescript-eslint/no-unused-expressions
4:7813  Warning: Expected an assignment or 
function call and instead saw an 
expression.  
@typescript-eslint/no-unused-expressions
4:8366  Warning: Expected an assignment or 
function call and instead saw an 
expression.  
@typescript-eslint/no-unused-expressions
4:9201  Warning: Expected an assignment or 
function call and instead saw an 
expression.  
@typescript-eslint/no-unused-expressions
4:9743  Warning: Expected an assignment or 
function call and instead saw an 
expression.  
@typescript-eslint/no-unused-expressions
4:9827  Warning: Expected an assignment or 
function call and instead saw an 
expression.  
@typescript-eslint/no-unused-expressions
4:10164  Warning: Expected an assignment 
or function call and instead saw an 
expression.  
@typescript-eslint/no-unused-expressions
4:10355  Warning: Expected an assignment 
or function call and instead saw an 
expression.  
@typescript-eslint/no-unused-expressions
4:10923  Warning: Expected an assignment 
or function call and instead saw an 
expression.  
@typescript-eslint/no-unused-expressions
4:11570  Warning: Expected an assignment 
or function call and instead saw an 
expression.  
@typescript-eslint/no-unused-expressions
4:12402  Warning: Expected an assignment 
or function call and instead saw an 
expression.  
@typescript-eslint/no-unused-expressions
4:12586  Warning: Expected an assignment 
or function call and instead saw an 
expression.  
@typescript-eslint/no-unused-expressions
4:12982  Warning: Expected an assignment 
or function call and instead saw an 
expression.  
@typescript-eslint/no-unused-expressions
4:13028  Warning: Expected an assignment 
or function call and instead saw an 
expression.  
@typescript-eslint/no-unused-expressions
4:13385  Warning: Expected an assignment 
or function call and instead saw an 
expression.  
@typescript-eslint/no-unused-expressions
4:13451  Warning: Expected an assignment 
or function call and instead saw an 
expression.  
@typescript-eslint/no-unused-expressions
4:13493  Warning: Expected an assignment 
or function call and instead saw an 
expression.  
@typescript-eslint/no-unused-expressions
4:13806  Warning: Expected an assignment 
or function call and instead saw an 
expression.  
@typescript-eslint/no-unused-expressions
4:14149  Warning: Expected an assignment 
or function call and instead saw an 
expression.  
@typescript-eslint/no-unused-expressions
4:14532  Warning: Expected an assignment 
or function call and instead saw an 
expression.  
@typescript-eslint/no-unused-expressions
4:14558  Warning: Expected an assignment 
or function call and instead saw an 
expression.  
@typescript-eslint/no-unused-expressions
4:14627  Warning: Expected an assignment 
or function call and instead saw an 
expression.  
@typescript-eslint/no-unused-expressions
4:14752  Warning: Expected an assignment 
or function call and instead saw an 
expression.  
@typescript-eslint/no-unused-expressions
4:14892  Warning: Expected an assignment 
or function call and instead saw an 
expression.  
@typescript-eslint/no-unused-expressions
4:15440  Warning: Expected an assignment 
or function call and instead saw an 
expression.  
@typescript-eslint/no-unused-expressions
4:15701  Warning: Expected an assignment 
or function call and instead saw an 
expression.  
@typescript-eslint/no-unused-expressions
4:16085  Warning: Expected an assignment 
or function call and instead saw an 
expression.  
@typescript-eslint/no-unused-expressions
4:16254  Warning: Expected an assignment 
or function call and instead saw an 
expression.  
@typescript-eslint/no-unused-expressions
4:17070  Warning: Expected an assignment 
or function call and instead saw an 
expression.  
@typescript-eslint/no-unused-expressions
4:17119  Warning: Expected an assignment 
or function call and instead saw an 
expression.  
@typescript-eslint/no-unused-expressions
4:17357  Warning: Expected an assignment 
or function call and instead saw an 
expression.  
@typescript-eslint/no-unused-expressions
4:17406  Warning: Expected an assignment 
or function call and instead saw an 
expression.  
@typescript-eslint/no-unused-expressions
4:17638  Warning: Expected an assignment 
or function call and instead saw an 
expression.  
@typescript-eslint/no-unused-expressions
4:17817  Warning: Expected an assignment 
or function call and instead saw an 
expression.  
@typescript-eslint/no-unused-expressions
4:18112  Warning: Expected an assignment 
or function call and instead saw an 
expression.  
@typescript-eslint/no-unused-expressions
4:18238  Warning: Expected an assignment 
or function call and instead saw an 
expression.  
@typescript-eslint/no-unused-expressions
4:18618  Warning: Expected an assignment 
or function call and instead saw an 
expression.  
@typescript-eslint/no-unused-expressions
4:18667  Warning: Expected an assignment 
or function call and instead saw an 
expression.  
@typescript-eslint/no-unused-expressions
4:18899  Warning: Expected an assignment 
or function call and instead saw an 
expression.  
@typescript-eslint/no-unused-expressions
4:18948  Warning: Expected an assignment 
or function call and instead saw an 
expression.  
@typescript-eslint/no-unused-expressions
4:21085  Warning: Expected an assignment 
or function call and instead saw an 
expression.  
@typescript-eslint/no-unused-expressions
4:21329  Warning: Expected an assignment 
or function call and instead saw an 
expression.  
@typescript-eslint/no-unused-expressions
4:21875  Warning: Expected an assignment 
or function call and instead saw an 
expression.  
@typescript-eslint/no-unused-expressions
4:22110  Warning: Expected an assignment 
or function call and instead saw an 
expression.  
@typescript-eslint/no-unused-expressions
4:23199  Warning: 'i' is defined but never 
used.  @typescript-eslint/no-unused-vars
4:23201  Warning: 'o' is defined but never 
used.  @typescript-eslint/no-unused-vars
4:24259  Warning: Expected an assignment 
or function call and instead saw an 
expression.  
@typescript-eslint/no-unused-expressions
4:24828  Warning: Expected an assignment 
or function call and instead saw an 
expression.  
@typescript-eslint/no-unused-expressions
4:24875  Warning: Expected an assignment 
or function call and instead saw an 
expression.  
@typescript-eslint/no-unused-expressions
4:25037  Warning: Expected an assignment 
or function call and instead saw an 
expression.  
@typescript-eslint/no-unused-expressions
4:25384  Warning: Expected an assignment 
or function call and instead saw an 
expression.  
@typescript-eslint/no-unused-expressions
4:26455  Warning: Expected an assignment 
or function call and instead saw an 
expression.  
@typescript-eslint/no-unused-expressions
4:27388  Warning: Expected an assignment 
or function call and instead saw an 
expression.  
@typescript-eslint/no-unused-expressions
4:27445  Warning: Expected an assignment 
or function call and instead saw an 
expression.  
@typescript-eslint/no-unused-expressions
4:27510  Warning: Expected an assignment 
or function call and instead saw an 
expression.  
@typescript-eslint/no-unused-expressions
4:27589  Warning: Expected an assignment 
or function call and instead saw an 
expression.  
@typescript-eslint/no-unused-expressions
4:28103  Warning: Expected an assignment 
or function call and instead saw an 
expression.  
@typescript-eslint/no-unused-expressions
4:29367  Warning: Expected an assignment 
or function call and instead saw an 
expression.  
@typescript-eslint/no-unused-expressions
4:29981  Warning: Expected an assignment 
or function call and instead saw an 
expression.  
@typescript-eslint/no-unused-expressions
4:30122  Warning: Expected an assignment 
or function call and instead saw an 
expression.  
@typescript-eslint/no-unused-expressions
4:30136  Warning: Expected an assignment 
or function call and instead saw an 
expression.  
@typescript-eslint/no-unused-expressions
4:34585  Warning: Expected an assignment 
or function call and instead saw an 
expression.  
@typescript-eslint/no-unused-expressions
4:34667  Warning: Expected an assignment 
or function call and instead saw an 
expression.  
@typescript-eslint/no-unused-expressions
4:34817  Warning: Expected an assignment 
or function call and instead saw an 
expression.  
@typescript-eslint/no-unused-expressions
4:35011  Warning: Expected an assignment 
or function call and instead saw an 
expression.  
@typescript-eslint/no-unused-expressions
4:35168  Warning: Expected an assignment 
or function call and instead saw an 
expression.  
@typescript-eslint/no-unused-expressions
4:36586  Warning: 'e' is defined but never 
used.  @typescript-eslint/no-unused-vars
4:36683  Warning: Expected an assignment 
or function call and instead saw an 
expression.  
@typescript-eslint/no-unused-expressions
4:37048  Warning: 'Am' is assigned a value 
but never used.  
@typescript-eslint/no-unused-vars
4:37080  Warning: 'Cm' is assigned a value 
but never used.  
@typescript-eslint/no-unused-vars
4:37102  Warning: 'Rm' is assigned a value 
but never used.  
@typescript-eslint/no-unused-vars
4:37113  Warning: 'Sm' is assigned a value 
but never used.  
@typescript-eslint/no-unused-vars
4:37124  Warning: 'Im' is assigned a value 
but never used.  
@typescript-eslint/no-unused-vars
4:37135  Warning: 'Om' is assigned a value 
but never used.  
@typescript-eslint/no-unused-vars
4:37195  Warning: 'km' is assigned a value 
but never used.  
@typescript-eslint/no-unused-vars
4:37219  Warning: 'Dm' is assigned a value 
but never used.  
@typescript-eslint/no-unused-vars
4:37243  Warning: 'Mm' is assigned a value 
but never used.  
@typescript-eslint/no-unused-vars
4:37255  Warning: '_m' is assigned a value 
but never used.  
@typescript-eslint/no-unused-vars
4:37267  Warning: 'Nm' is assigned a value 
but never used.  
@typescript-eslint/no-unused-vars
4:37279  Warning: 'Fm' is assigned a value 
but never used.  
@typescript-eslint/no-unused-vars
4:37291  Warning: 'Lm' is assigned a value 
but never used.  
@typescript-eslint/no-unused-vars
4:37303  Warning: 'Um' is assigned a value 
but never used.  
@typescript-eslint/no-unused-vars
4:37315  Warning: 'Bm' is assigned a value 
but never used.  
@typescript-eslint/no-unused-vars
4:37327  Warning: 'qm' is assigned a value 
but never used.  
@typescript-eslint/no-unused-vars
4:37339  Warning: 'Vm' is assigned a value 
but never used.  
@typescript-eslint/no-unused-vars
4:37604  Warning: Expected an assignment 
or function call and instead saw an 
expression.  
@typescript-eslint/no-unused-expressions
4:38225  Warning: 's' is assigned a value 
but never used.  
@typescript-eslint/no-unused-vars
4:38381  Warning: Expected an assignment 
or function call and instead saw an 
expression.  
@typescript-eslint/no-unused-expressions
4:39813  Warning: Expected an assignment 
or function call and instead saw an 
expression.  
@typescript-eslint/no-unused-expressions
4:40372  Warning: Expected an assignment 
or function call and instead saw an 
expression.  
@typescript-eslint/no-unused-expressions
4:40548  Warning: Expected an assignment 
or function call and instead saw an 
expression.  
@typescript-eslint/no-unused-expressions
4:40664  Warning: Expected an assignment 
or function call and instead saw an 
expression.  
@typescript-eslint/no-unused-expressions
4:41041  Warning: Expected an assignment 
or function call and instead saw an 
expression.  
@typescript-eslint/no-unused-expressions
4:41401  Warning: Expected an assignment 
or function call and instead saw an 
expression.  
@typescript-eslint/no-unused-expressions
4:41696  Warning: Expected an assignment 
or function call and instead saw an 
expression.  
@typescript-eslint/no-unused-expressions
4:42088  Warning: Expected an assignment 
or function call and instead saw an 
expression.  
@typescript-eslint/no-unused-expressions
4:45948  Error: Unexpected aliasing of 
'this' to local variable.  
@typescript-eslint/no-this-alias
4:46144  Error: Unexpected aliasing of 
'this' to local variable.  
@typescript-eslint/no-this-alias
4:46500  Error: Unexpected aliasing of 
'this' to local variable.  
@typescript-eslint/no-this-alias
4:46770  Error: Unexpected aliasing of 
'this' to local variable.  
@typescript-eslint/no-this-alias
4:47356  Warning: Expected an assignment 
or function call and instead saw an 
expression.  
@typescript-eslint/no-unused-expressions
4:47370  Warning: Expected an assignment 
or function call and instead saw an 
expression.  
@typescript-eslint/no-unused-expressions
4:47618  Warning: Expected an assignment 
or function call and instead saw an 
expression.  
@typescript-eslint/no-unused-expressions
4:47757  Error: Unexpected aliasing of 
'this' to local variable.  
@typescript-eslint/no-this-alias
4:48135  Error: Unexpected aliasing of 
'this' to local variable.  
@typescript-eslint/no-this-alias
4:48235  Warning: Expected an assignment 
or function call and instead saw an 
expression.  
@typescript-eslint/no-unused-expressions
4:48477  Warning: Expected an assignment 
or function call and instead saw an 
expression.  
@typescript-eslint/no-unused-expressions
4:48620  Error: Unexpected aliasing of 
'this' to local variable.  
@typescript-eslint/no-this-alias
4:48807  Warning: Expected an assignment 
or function call and instead saw an 
expression.  
@typescript-eslint/no-unused-expressions
4:48928  Warning: Expected an assignment 
or function call and instead saw an 
expression.  
@typescript-eslint/no-unused-expressions
4:49081  Error: Unexpected aliasing of 
'this' to local variable.  
@typescript-eslint/no-this-alias
4:49300  Error: Unexpected aliasing of 
'this' to local variable.  
@typescript-eslint/no-this-alias
4:49632  Error: Unexpected aliasing of 
'this' to local variable.  
@typescript-eslint/no-this-alias
4:49936  Error: Unexpected aliasing of 
'this' to local variable.  
@typescript-eslint/no-this-alias
4:50230  Error: Unexpected aliasing of 
'this' to local variable.  
@typescript-eslint/no-this-alias
4:50598  Error: Unexpected aliasing of 
'this' to local variable.  
@typescript-eslint/no-this-alias
4:50939  Error: Unexpected aliasing of 
'this' to local variable.  
@typescript-eslint/no-this-alias
4:52015  Error: Unexpected aliasing of 
'this' to local variable.  
@typescript-eslint/no-this-alias
4:52080  Warning: Expected an assignment 
or function call and instead saw an 
expression.  
@typescript-eslint/no-unused-expressions
4:52459  Warning: Expected an assignment 
or function call and instead saw an 
expression.  
@typescript-eslint/no-unused-expressions
4:52612  Error: Unexpected aliasing of 
'this' to local variable.  
@typescript-eslint/no-this-alias
4:53355  Warning: Expected an assignment 
or function call and instead saw an 
expression.  
@typescript-eslint/no-unused-expressions
4:53532  Error: Unexpected aliasing of 
'this' to local variable.  
@typescript-eslint/no-this-alias
4:54004  Error: Unexpected aliasing of 
'this' to local variable.  
@typescript-eslint/no-this-alias
4:54503  Warning: Expected an assignment 
or function call and instead saw an 
expression.  
@typescript-eslint/no-unused-expressions
4:54670  Error: Unexpected aliasing of 
'this' to local variable.  
@typescript-eslint/no-this-alias
4:54809  Error: Unexpected aliasing of 
'this' to local variable.  
@typescript-eslint/no-this-alias
4:54901  Error: Unexpected aliasing of 
'this' to local variable.  
@typescript-eslint/no-this-alias
4:55170  Error: Unexpected aliasing of 
'this' to local variable.  
@typescript-eslint/no-this-alias
4:55695  Warning: Expected an assignment 
or function call and instead saw an 
expression.  
@typescript-eslint/no-unused-expressions
4:55709  Warning: Expected an assignment 
or function call and instead saw an 
expression.  
@typescript-eslint/no-unused-expressions
4:55855  Error: Unexpected aliasing of 
'this' to local variable.  
@typescript-eslint/no-this-alias
4:56161  Error: Unexpected aliasing of 
'this' to local variable.  
@typescript-eslint/no-this-alias
4:56455  Warning: Expected an assignment 
or function call and instead saw an 
expression.  
@typescript-eslint/no-unused-expressions
4:56707  Error: Unexpected aliasing of 
'this' to local variable.  
@typescript-eslint/no-this-alias
4:56860  Error: Unexpected aliasing of 
'this' to local variable.  
@typescript-eslint/no-this-alias
4:57058  Error: Unexpected aliasing of 
'this' to local variable.  
@typescript-eslint/no-this-alias
4:57282  Error: Unexpected aliasing of 
'this' to local variable.  
@typescript-eslint/no-this-alias
4:57628  Warning: Expected an assignment 
or function call and instead saw an 
expression.  
@typescript-eslint/no-unused-expressions
4:57967  Error: Unexpected aliasing of 
'this' to local variable.  
@typescript-eslint/no-this-alias
4:58030  Warning: Expected an assignment 
or function call and instead saw an 
expression.  
@typescript-eslint/no-unused-expressions
4:58357  Error: Unexpected aliasing of 
'this' to local variable.  
@typescript-eslint/no-this-alias
4:59170  Error: Unexpected aliasing of 
'this' to local variable.  
@typescript-eslint/no-this-alias
4:59430  Error: Unexpected aliasing of 
'this' to local variable.  
@typescript-eslint/no-this-alias
4:59590  Error: Unexpected aliasing of 
'this' to local variable.  
@typescript-eslint/no-this-alias
4:59807  Error: Unexpected aliasing of 
'this' to local variable.  
@typescript-eslint/no-this-alias
4:59975  Warning: Expected an assignment 
or function call and instead saw an 
expression.  
@typescript-eslint/no-unused-expressions
4:60017  Warning: Expected an assignment 
or function call and instead saw an 
expression.  
@typescript-eslint/no-unused-expressions
4:60801  Warning: Expected an assignment 
or function call and instead saw an 
expression.  
@typescript-eslint/no-unused-expressions
4:60935  Warning: Expected an assignment 
or function call and instead saw an 
expression.  
@typescript-eslint/no-unused-expressions
4:61257  Warning: Expected an assignment 
or function call and instead saw an 
expression.  
@typescript-eslint/no-unused-expressions
4:61466  Warning: Expected an assignment 
or function call and instead saw an 
expression.  
@typescript-eslint/no-unused-expressions
4:61986  Warning: Expected an assignment 
or function call and instead saw an 
expression.  
@typescript-eslint/no-unused-expressions
4:62068  Warning: Expected an assignment 
or function call and instead saw an 
expression.  
@typescript-eslint/no-unused-expressions
4:62241  Warning: Expected an assignment 
or function call and instead saw an 
expression.  
@typescript-eslint/no-unused-expressions
4:62295  Warning: Expected an assignment 
or function call and instead saw an 
expression.  
@typescript-eslint/no-unused-expressions
4:62725  Warning: Expected an assignment 
or function call and instead saw an 
expression.  
@typescript-eslint/no-unused-expressions
4:62749  Warning: Expected an assignment 
or function call and instead saw an 
expression.  
@typescript-eslint/no-unused-expressions
4:62796  Warning: Expected an assignment 
or function call and instead saw an 
expression.  
@typescript-eslint/no-unused-expressions
4:62979  Warning: Expected an assignment 
or function call and instead saw an 
expression.  
@typescript-eslint/no-unused-expressions
4:63092  Warning: Expected an assignment 
or function call and instead saw an 
expression.  
@typescript-eslint/no-unused-expressions
4:63166  Warning: Expected an assignment 
or function call and instead saw an 
expression.  
@typescript-eslint/no-unused-expressions
4:63637  Warning: Expected an assignment 
or function call and instead saw an 
expression.  
@typescript-eslint/no-unused-expressions
4:63707  Warning: Expected an assignment 
or function call and instead saw an 
expression.  
@typescript-eslint/no-unused-expressions
4:64733  Warning: Expected an assignment 
or function call and instead saw an 
expression.  
@typescript-eslint/no-unused-expressions
4:64778  Warning: Expected an assignment 
or function call and instead saw an 
expression.  
@typescript-eslint/no-unused-expressions
4:64954  Warning: Expected an assignment 
or function call and instead saw an 
expression.  
@typescript-eslint/no-unused-expressions
4:65228  Warning: Expected an assignment 
or function call and instead saw an 
expression.  
@typescript-eslint/no-unused-expressions
4:65488  Warning: Expected an assignment 
or function call and instead saw an 
expression.  
@typescript-eslint/no-unused-expressions
4:65922  Warning: Expected an assignment 
or function call and instead saw an 
expression.  
@typescript-eslint/no-unused-expressions
4:65962  Warning: Expected an assignment 
or function call and instead saw an 
expression.  
@typescript-eslint/no-unused-expressions
4:66402  Warning: Expected an assignment 
or function call and instead saw an 
expression.  
@typescript-eslint/no-unused-expressions
4:66545  Warning: Expected an assignment 
or function call and instead saw an 
expression.  
@typescript-eslint/no-unused-expressions
4:66975  Warning: Expected an assignment 
or function call and instead saw an 
expression.  
@typescript-eslint/no-unused-expressions
4:67028  Warning: Expected an assignment 
or function call and instead saw an 
expression.  
@typescript-eslint/no-unused-expressions
4:67133  Warning: Expected an assignment 
or function call and instead saw an 
expression.  
@typescript-eslint/no-unused-expressions
4:67366  Warning: Expected an assignment 
or function call and instead saw an 
expression.  
@typescript-eslint/no-unused-expressions
4:67888  Warning: Expected an assignment 
or function call and instead saw an 
expression.  
@typescript-eslint/no-unused-expressions
4:68006  Warning: Expected an assignment 
or function call and instead saw an 
expression.  
@typescript-eslint/no-unused-expressions
4:68355  Warning: Expected an assignment 
or function call and instead saw an 
expression.  
@typescript-eslint/no-unused-expressions
4:68371  Warning: 'd' is assigned a value 
but never used.  
@typescript-eslint/no-unused-vars
4:69366  Warning: Expected an assignment 
or function call and instead saw an 
expression.  
@typescript-eslint/no-unused-expressions
4:69744  Warning: Expected an assignment 
or function call and instead saw an 
expression.  
@typescript-eslint/no-unused-expressions
4:70244  Warning: Expected an assignment 
or function call and instead saw an 
expression.  
@typescript-eslint/no-unused-expressions
4:71563  Error: Unexpected aliasing of 
'this' to local variable.  
@typescript-eslint/no-this-alias
4:71633  Warning: Expected an assignment 
or function call and instead saw an 
expression.  
@typescript-eslint/no-unused-expressions
4:71811  Warning: Expected an assignment 
or function call and instead saw an 
expression.  
@typescript-eslint/no-unused-expressions
4:71918  Warning: Expected an assignment 
or function call and instead saw an 
expression.  
@typescript-eslint/no-unused-expressions
4:72024  Warning: Expected an assignment 
or function call and instead saw an 
expression.  
@typescript-eslint/no-unused-expressions
4:73042  Warning: Expected an assignment 
or function call and instead saw an 
expression.  
@typescript-eslint/no-unused-expressions
4:73339  Warning: Expected an assignment 
or function call and instead saw an 
expression.  
@typescript-eslint/no-unused-expressions
4:74075  Warning: Expected an assignment 
or function call and instead saw an 
expression.  
@typescript-eslint/no-unused-expressions
4:74219  Warning: Expected an assignment 
or function call and instead saw an 
expression.  
@typescript-eslint/no-unused-expressions
4:74482  Warning: Expected an assignment 
or function call and instead saw an 
expression.  
@typescript-eslint/no-unused-expressions
4:74561  Warning: Expected an assignment 
or function call and instead saw an 
expression.  
@typescript-eslint/no-unused-expressions
4:76234  Warning: 'Fu' is assigned a value 
but never used.  
@typescript-eslint/no-unused-vars
4:76982  Warning: Expected an assignment 
or function call and instead saw an 
expression.  
@typescript-eslint/no-unused-expressions
4:77054  Warning: Expected an assignment 
or function call and instead saw an 
expression.  
@typescript-eslint/no-unused-expressions
5:379  Warning: Expected an assignment or 
function call and instead saw an 
expression.  
@typescript-eslint/no-unused-expressions
5:680  Warning: Expected an assignment or 
function call and instead saw an 
expression.  
@typescript-eslint/no-unused-expressions
5:1463  Warning: Expected an assignment or 
function call and instead saw an 
expression.  
@typescript-eslint/no-unused-expressions
5:2020  Warning: Expected an assignment or 
function call and instead saw an 
expression.  
@typescript-eslint/no-unused-expressions
5:2120  Warning: Expected an assignment or 
function call and instead saw an 
expression.  
@typescript-eslint/no-unused-expressions
6:743  Warning: Expected an assignment or 
function call and instead saw an 
expression.  
@typescript-eslint/no-unused-expressions
6:1332  Warning: Expected an assignment or 
function call and instead saw an 
expression.  
@typescript-eslint/no-unused-expressions
6:1445  Warning: Expected an assignment or 
function call and instead saw an 
expression.  
@typescript-eslint/no-unused-expressions
6:2358  Error: Unexpected aliasing of 
'this' to local variable.  
@typescript-eslint/no-this-alias
6:3260  Warning: Expected an assignment or 
function call and instead saw an 
expression.  
@typescript-eslint/no-unused-expressions
6:3354  Warning: Expected an assignment or 
function call and instead saw an 
expression.  
@typescript-eslint/no-unused-expressions
6:3719  Warning: Expected an assignment or 
function call and instead saw an 
expression.  
@typescript-eslint/no-unused-expressions
6:4868  Warning: Expected an assignment or 
function call and instead saw an 
expression.  
@typescript-eslint/no-unused-expressions
6:5294  Warning: Expected an assignment or 
function call and instead saw an 
expression.  
@typescript-eslint/no-unused-expressions
7:807  Warning: Expected an assignment or 
function call and instead saw an 
expression.  
@typescript-eslint/no-unused-expressions
7:1129  Warning: Expected an assignment or 
function call and instead saw an 
expression.  
@typescript-eslint/no-unused-expressions
7:1412  Warning: Expected an assignment or 
function call and instead saw an 
expression.  
@typescript-eslint/no-unused-expressions
7:2157  Warning: Expected an assignment or 
function call and instead saw an 
expression.  
@typescript-eslint/no-unused-expressions
7:2426  Warning: Expected an assignment or 
function call and instead saw an 
expression.  
@typescript-eslint/no-unused-expressions
7:2741  Warning: Expected an assignment or 
function call and instead saw an 
expression.  
@typescript-eslint/no-unused-expressions
7:4062  Warning: Expected an assignment or 
function call and instead saw an 
expression.  
@typescript-eslint/no-unused-expressions
7:4411  Warning: Expected an assignment or 
function call and instead saw an 
expression.  
@typescript-eslint/no-unused-expressions
7:4899  Warning: Expected an assignment or 
function call and instead saw an 
expression.  
@typescript-eslint/no-unused-expressions
7:5293  Warning: Expected an assignment or 
function call and instead saw an 
expression.  
@typescript-eslint/no-unused-expressions
7:5947  Warning: Expected an assignment or 
function call and instead saw an 
expression.  
@typescript-eslint/no-unused-expressions
7:6581  Warning: Expected an assignment or 
function call and instead saw an 
expression.  
@typescript-eslint/no-unused-expressions
7:6679  Warning: Expected an assignment or 
function call and instead saw an 
expression.  
@typescript-eslint/no-unused-expressions
7:6792  Warning: Expected an assignment or 
function call and instead saw an 
expression.  
@typescript-eslint/no-unused-expressions
7:6899  Warning: Expected an assignment or 
function call and instead saw an 
expression.  
@typescript-eslint/no-unused-expressions
7:7555  Warning: Expected an assignment or 
function call and instead saw an 
expression.  
@typescript-eslint/no-unused-expressions
7:8024  Warning: Expected an assignment or 
function call and instead saw an 
expression.  
@typescript-eslint/no-unused-expressions
7:8168  Warning: Expected an assignment or 
function call and instead saw an 
expression.  
@typescript-eslint/no-unused-expressions
7:8495  Warning: Expected an assignment or 
function call and instead saw an 
expression.  
@typescript-eslint/no-unused-expressions
7:9306  Warning: Expected an assignment or 
function call and instead saw an 
expression.  
@typescript-eslint/no-unused-expressions
8:7030  Warning: Expected an assignment or 
function call and instead saw an 
expression.  
@typescript-eslint/no-unused-expressions
8:7295  Warning: Expected an assignment or 
function call and instead saw an 
expression.  
@typescript-eslint/no-unused-expressions
8:8841  Warning: Expected an assignment or 
function call and instead saw an 
expression.  
@typescript-eslint/no-unused-expressions
8:9767  Warning: Expected an assignment or 
function call and instead saw an 
expression.  
@typescript-eslint/no-unused-expressions
8:9979  Warning: Expected an assignment or 
function call and instead saw an 
expression.  
@typescript-eslint/no-unused-expressions
8:12843  Warning: Expected an assignment 
or function call and instead saw an 
expression.  
@typescript-eslint/no-unused-expressions
8:13422  Warning: Expected an assignment 
or function call and instead saw an 
expression.  
@typescript-eslint/no-unused-expressions
8:13627  Warning: Expected an assignment 
or function call and instead saw an 
expression.  
@typescript-eslint/no-unused-expressions
8:13711  Warning: Expected an assignment 
or function call and instead saw an 
expression.  
@typescript-eslint/no-unused-expressions
9:1258  Warning: Expected an assignment or 
function call and instead saw an 
expression.  
@typescript-eslint/no-unused-expressions
9:1300  Warning: Expected an assignment or 
function call and instead saw an 
expression.  
@typescript-eslint/no-unused-expressions
9:5015  Warning: Expected an assignment or 
function call and instead saw an 
expression.  
@typescript-eslint/no-unused-expressions
9:5106  Warning: Expected an assignment or 
function call and instead saw an 
expression.  
@typescript-eslint/no-unused-expressions
9:5132  Warning: Expected an assignment or 
function call and instead saw an 
expression.  
@typescript-eslint/no-unused-expressions
9:7209  Warning: Expected an assignment or 
function call and instead saw an 
expression.  
@typescript-eslint/no-unused-expressions
14:396  Warning: Expected an assignment or 
function call and instead saw an 
expression.  
@typescript-eslint/no-unused-expressions
14:557  Warning: Expected an assignment or 
function call and instead saw an 
expression.  
@typescript-eslint/no-unused-expressions
14:1771  Warning: Expected an assignment 
or function call and instead saw an 
expression.  
@typescript-eslint/no-unused-expressions
14:2085  Warning: Expected an assignment 
or function call and instead saw an 
expression.  
@typescript-eslint/no-unused-expressions
14:2953  Warning: Expected an assignment 
or function call and instead saw an 
expression.  
@typescript-eslint/no-unused-expressions
14:3443  Warning: Expected an assignment 
or function call and instead saw an 
expression.  
@typescript-eslint/no-unused-expressions
14:3616  Warning: Expected an assignment 
or function call and instead saw an 
expression.  
@typescript-eslint/no-unused-expressions
14:3825  Warning: Expected an assignment 
or function call and instead saw an 
expression.  
@typescript-eslint/no-unused-expressions
14:4944  Warning: Expected an assignment 
or function call and instead saw an 
expression.  
@typescript-eslint/no-unused-expressions
14:8201  Warning: Expected an assignment 
or function call and instead saw an 
expression.  
@typescript-eslint/no-unused-expressions
15:1734  Warning: Expected an assignment 
or function call and instead saw an 
expression.  
@typescript-eslint/no-unused-expressions
15:2110  Warning: Expected an assignment 
or function call and instead saw an 
expression.  
@typescript-eslint/no-unused-expressions
15:2234  Warning: Expected an assignment 
or function call and instead saw an 
expression.  
@typescript-eslint/no-unused-expressions
15:2627  Warning: Expected an assignment 
or function call and instead saw an 
expression.  
@typescript-eslint/no-unused-expressions
15:3061  Warning: Expected an assignment 
or function call and instead saw an 
expression.  
@typescript-eslint/no-unused-expressions
15:3628  Warning: Expected an assignment 
or function call and instead saw an 
expression.  
@typescript-eslint/no-unused-expressions
15:4904  Warning: Expected an assignment 
or function call and instead saw an 
expression.  
@typescript-eslint/no-unused-expressions
15:5769  Warning: Expected an assignment 
or function call and instead saw an 
expression.  
@typescript-eslint/no-unused-expressions
15:6147  Warning: Expected an assignment 
or function call and instead saw an 
expression.  
@typescript-eslint/no-unused-expressions
16:88  Warning: Expected an assignment or 
function call and instead saw an 
expression.  
@typescript-eslint/no-unused-expressions
16:236  Warning: Expected an assignment or 
function call and instead saw an 
expression.  
@typescript-eslint/no-unused-expressions
16:1518  Warning: 'a' is assigned a value 
but never used.  
@typescript-eslint/no-unused-vars
16:1534  Warning: 'l' is assigned a value 
but never used.  
@typescript-eslint/no-unused-vars
16:1549  Warning: 'd' is assigned a value 
but never used.  
@typescript-eslint/no-unused-vars
16:1564  Warning: 'g' is assigned a value 
but never used.  
@typescript-eslint/no-unused-vars
23:72  Warning: Expected an assignment or 
function call and instead saw an 
expression.  
@typescript-eslint/no-unused-expressions
23:171  Warning: Expected an assignment or 
function call and instead saw an 
expression.  
@typescript-eslint/no-unused-expressions
23:264  Warning: Expected an assignment or 
function call and instead saw an 
expression.  
@typescript-eslint/no-unused-expressions
23:380  Warning: Expected an assignment or 
function call and instead saw an 
expression.  
@typescript-eslint/no-unused-expressions
23:463  Warning: Expected an assignment or 
function call and instead saw an 
expression.  
@typescript-eslint/no-unused-expressions
23:3549  Warning: Expected an assignment 
or function call and instead saw an 
expression.  
@typescript-eslint/no-unused-expressions
23:3767  Warning: Expected an assignment 
or function call and instead saw an 
expression.  
@typescript-eslint/no-unused-expressions
23:3852  Warning: Expected an assignment 
or function call and instead saw an 
expression.  
@typescript-eslint/no-unused-expressions
23:4155  Warning: Expected an assignment 
or function call and instead saw an 
expression.  
@typescript-eslint/no-unused-expressions
23:5318  Warning: Expected an assignment 
or function call and instead saw an 
expression.  
@typescript-eslint/no-unused-expressions
23:8964  Warning: Expected an assignment 
or function call and instead saw an 
expression.  
@typescript-eslint/no-unused-expressions
28:1875  Warning: Expected an assignment 
or function call and instead saw an 
expression.  
@typescript-eslint/no-unused-expressions
28:3177  Warning: Expected an assignment 
or function call and instead saw an 
expression.  
@typescript-eslint/no-unused-expressions
28:3310  Warning: Expected an assignment 
or function call and instead saw an 
expression.  
@typescript-eslint/no-unused-expressions
28:3496  Warning: Expected an assignment 
or function call and instead saw an 
expression.  
@typescript-eslint/no-unused-expressions
28:3695  Warning: Expected an assignment 
or function call and instead saw an 
expression.  
@typescript-eslint/no-unused-expressions
32:151  Warning: Expected an assignment or 
function call and instead saw an 
expression.  
@typescript-eslint/no-unused-expressions
32:200  Warning: Expected an assignment or 
function call and instead saw an 
expression.  
@typescript-eslint/no-unused-expressions
32:257  Warning: Expected an assignment or 
function call and instead saw an 
expression.  
@typescript-eslint/no-unused-expressions
32:296  Warning: Expected an assignment or 
function call and instead saw an 
expression.  
@typescript-eslint/no-unused-expressions
32:368  Warning: Expected an assignment or 
function call and instead saw an 
expression.  
@typescript-eslint/no-unused-expressions
32:903  Warning: Expected an assignment or 
function call and instead saw an 
expression.  
@typescript-eslint/no-unused-expressions
32:994  Warning: Expected an assignment or 
function call and instead saw an 
expression.  
@typescript-eslint/no-unused-expressions
32:1182  Warning: 'o' is assigned a value 
but never used.  
@typescript-eslint/no-unused-vars
32:2062  Warning: Expected an assignment 
or function call and instead saw an 
expression.  
@typescript-eslint/no-unused-expressions
32:2134  Warning: Expected an assignment 
or function call and instead saw an 
expression.  
@typescript-eslint/no-unused-expressions
32:3984  Warning: Expected an assignment 
or function call and instead saw an 
expression.  
@typescript-eslint/no-unused-expressions
32:8046  Warning: Expected an assignment 
or function call and instead saw an 
expression.  
@typescript-eslint/no-unused-expressions
32:8415  Warning: Expected an assignment 
or function call and instead saw an 
expression.  
@typescript-eslint/no-unused-expressions
32:9375  Warning: Expected an assignment 
or function call and instead saw an 
expression.  
@typescript-eslint/no-unused-expressions
33:995  Warning: Expected an assignment or 
function call and instead saw an 
expression.  
@typescript-eslint/no-unused-expressions

./src/generated/prisma/runtime/index-browse
r.d.ts
10:27  Error: Unexpected any. Specify a 
different type.  
@typescript-eslint/no-explicit-any
15:51  Error: Unexpected any. Specify a 
different type.  
@typescript-eslint/no-explicit-any
242:30  Error: Unexpected any. Specify a 
different type.  
@typescript-eslint/no-explicit-any

./src/generated/prisma/runtime/index-browse
r.js
4:331  Warning: Expected an assignment or 
function call and instead saw an 
expression.  
@typescript-eslint/no-unused-expressions
4:778  Warning: 'e' is defined but never 
used.  @typescript-eslint/no-unused-vars
4:848  Warning: Expected an assignment or 
function call and instead saw an 
expression.  
@typescript-eslint/no-unused-expressions
4:5732  Error: Unexpected aliasing of 
'this' to local variable.  
@typescript-eslint/no-this-alias
4:5927  Error: Unexpected aliasing of 
'this' to local variable.  
@typescript-eslint/no-this-alias
4:6283  Error: Unexpected aliasing of 
'this' to local variable.  
@typescript-eslint/no-this-alias
4:6551  Error: Unexpected aliasing of 
'this' to local variable.  
@typescript-eslint/no-this-alias
4:7136  Warning: Expected an assignment or 
function call and instead saw an 
expression.  
@typescript-eslint/no-unused-expressions
4:7150  Warning: Expected an assignment or 
function call and instead saw an 
expression.  
@typescript-eslint/no-unused-expressions
4:7397  Warning: Expected an assignment or 
function call and instead saw an 
expression.  
@typescript-eslint/no-unused-expressions
4:7536  Error: Unexpected aliasing of 
'this' to local variable.  
@typescript-eslint/no-this-alias
4:7914  Error: Unexpected aliasing of 
'this' to local variable.  
@typescript-eslint/no-this-alias
4:8014  Warning: Expected an assignment or 
function call and instead saw an 
expression.  
@typescript-eslint/no-unused-expressions
4:8255  Warning: Expected an assignment or 
function call and instead saw an 
expression.  
@typescript-eslint/no-unused-expressions
4:8398  Error: Unexpected aliasing of 
'this' to local variable.  
@typescript-eslint/no-this-alias
4:8584  Warning: Expected an assignment or 
function call and instead saw an 
expression.  
@typescript-eslint/no-unused-expressions
4:8704  Warning: Expected an assignment or 
function call and instead saw an 
expression.  
@typescript-eslint/no-unused-expressions
4:8857  Error: Unexpected aliasing of 
'this' to local variable.  
@typescript-eslint/no-this-alias
4:9076  Error: Unexpected aliasing of 
'this' to local variable.  
@typescript-eslint/no-this-alias
4:9406  Error: Unexpected aliasing of 
'this' to local variable.  
@typescript-eslint/no-this-alias
4:9710  Error: Unexpected aliasing of 
'this' to local variable.  
@typescript-eslint/no-this-alias
4:10004  Error: Unexpected aliasing of 
'this' to local variable.  
@typescript-eslint/no-this-alias
4:10372  Error: Unexpected aliasing of 
'this' to local variable.  
@typescript-eslint/no-this-alias
4:10712  Error: Unexpected aliasing of 
'this' to local variable.  
@typescript-eslint/no-this-alias
4:11785  Error: Unexpected aliasing of 
'this' to local variable.  
@typescript-eslint/no-this-alias
4:11850  Warning: Expected an assignment 
or function call and instead saw an 
expression.  
@typescript-eslint/no-unused-expressions
4:12224  Warning: Expected an assignment 
or function call and instead saw an 
expression.  
@typescript-eslint/no-unused-expressions
4:12376  Error: Unexpected aliasing of 
'this' to local variable.  
@typescript-eslint/no-this-alias
4:13116  Warning: Expected an assignment 
or function call and instead saw an 
expression.  
@typescript-eslint/no-unused-expressions
4:13292  Error: Unexpected aliasing of 
'this' to local variable.  
@typescript-eslint/no-this-alias
4:13763  Error: Unexpected aliasing of 
'this' to local variable.  
@typescript-eslint/no-this-alias
4:14260  Warning: Expected an assignment 
or function call and instead saw an 
expression.  
@typescript-eslint/no-unused-expressions
4:14425  Error: Unexpected aliasing of 
'this' to local variable.  
@typescript-eslint/no-this-alias
4:14563  Error: Unexpected aliasing of 
'this' to local variable.  
@typescript-eslint/no-this-alias
4:14655  Error: Unexpected aliasing of 
'this' to local variable.  
@typescript-eslint/no-this-alias
4:14923  Error: Unexpected aliasing of 
'this' to local variable.  
@typescript-eslint/no-this-alias
4:15447  Warning: Expected an assignment 
or function call and instead saw an 
expression.  
@typescript-eslint/no-unused-expressions
4:15461  Warning: Expected an assignment 
or function call and instead saw an 
expression.  
@typescript-eslint/no-unused-expressions
4:15607  Error: Unexpected aliasing of 
'this' to local variable.  
@typescript-eslint/no-this-alias
4:15911  Error: Unexpected aliasing of 
'this' to local variable.  
@typescript-eslint/no-this-alias
4:16203  Warning: Expected an assignment 
or function call and instead saw an 
expression.  
@typescript-eslint/no-unused-expressions
4:16452  Error: Unexpected aliasing of 
'this' to local variable.  
@typescript-eslint/no-this-alias
4:16602  Error: Unexpected aliasing of 
'this' to local variable.  
@typescript-eslint/no-this-alias
4:16795  Error: Unexpected aliasing of 
'this' to local variable.  
@typescript-eslint/no-this-alias
4:17014  Error: Unexpected aliasing of 
'this' to local variable.  
@typescript-eslint/no-this-alias
4:17359  Warning: Expected an assignment 
or function call and instead saw an 
expression.  
@typescript-eslint/no-unused-expressions
4:17698  Error: Unexpected aliasing of 
'this' to local variable.  
@typescript-eslint/no-this-alias
4:17761  Warning: Expected an assignment 
or function call and instead saw an 
expression.  
@typescript-eslint/no-unused-expressions
4:18087  Error: Unexpected aliasing of 
'this' to local variable.  
@typescript-eslint/no-this-alias
4:18895  Error: Unexpected aliasing of 
'this' to local variable.  
@typescript-eslint/no-this-alias
4:19150  Error: Unexpected aliasing of 
'this' to local variable.  
@typescript-eslint/no-this-alias
4:19307  Error: Unexpected aliasing of 
'this' to local variable.  
@typescript-eslint/no-this-alias
4:19523  Error: Unexpected aliasing of 
'this' to local variable.  
@typescript-eslint/no-this-alias
4:19690  Warning: Expected an assignment 
or function call and instead saw an 
expression.  
@typescript-eslint/no-unused-expressions
4:19731  Warning: Expected an assignment 
or function call and instead saw an 
expression.  
@typescript-eslint/no-unused-expressions
4:20511  Warning: Expected an assignment 
or function call and instead saw an 
expression.  
@typescript-eslint/no-unused-expressions
4:20645  Warning: Expected an assignment 
or function call and instead saw an 
expression.  
@typescript-eslint/no-unused-expressions
4:20966  Warning: Expected an assignment 
or function call and instead saw an 
expression.  
@typescript-eslint/no-unused-expressions
4:21175  Warning: Expected an assignment 
or function call and instead saw an 
expression.  
@typescript-eslint/no-unused-expressions
4:21685  Warning: Expected an assignment 
or function call and instead saw an 
expression.  
@typescript-eslint/no-unused-expressions
4:21765  Warning: Expected an assignment 
or function call and instead saw an 
expression.  
@typescript-eslint/no-unused-expressions
4:21931  Warning: Expected an assignment 
or function call and instead saw an 
expression.  
@typescript-eslint/no-unused-expressions
4:21983  Warning: Expected an assignment 
or function call and instead saw an 
expression.  
@typescript-eslint/no-unused-expressions
4:22398  Warning: Expected an assignment 
or function call and instead saw an 
expression.  
@typescript-eslint/no-unused-expressions
4:22422  Warning: Expected an assignment 
or function call and instead saw an 
expression.  
@typescript-eslint/no-unused-expressions
4:22469  Warning: Expected an assignment 
or function call and instead saw an 
expression.  
@typescript-eslint/no-unused-expressions
4:22652  Warning: Expected an assignment 
or function call and instead saw an 
expression.  
@typescript-eslint/no-unused-expressions
4:22765  Warning: Expected an assignment 
or function call and instead saw an 
expression.  
@typescript-eslint/no-unused-expressions
4:22839  Warning: Expected an assignment 
or function call and instead saw an 
expression.  
@typescript-eslint/no-unused-expressions
4:23310  Warning: Expected an assignment 
or function call and instead saw an 
expression.  
@typescript-eslint/no-unused-expressions
4:23378  Warning: Expected an assignment 
or function call and instead saw an 
expression.  
@typescript-eslint/no-unused-expressions
4:24394  Warning: Expected an assignment 
or function call and instead saw an 
expression.  
@typescript-eslint/no-unused-expressions
4:24439  Warning: Expected an assignment 
or function call and instead saw an 
expression.  
@typescript-eslint/no-unused-expressions
4:24615  Warning: Expected an assignment 
or function call and instead saw an 
expression.  
@typescript-eslint/no-unused-expressions
4:24889  Warning: Expected an assignment 
or function call and instead saw an 
expression.  
@typescript-eslint/no-unused-expressions
4:25148  Warning: Expected an assignment 
or function call and instead saw an 
expression.  
@typescript-eslint/no-unused-expressions
4:25581  Warning: Expected an assignment 
or function call and instead saw an 
expression.  
@typescript-eslint/no-unused-expressions
4:25621  Warning: Expected an assignment 
or function call and instead saw an 
expression.  
@typescript-eslint/no-unused-expressions
4:26059  Warning: Expected an assignment 
or function call and instead saw an 
expression.  
@typescript-eslint/no-unused-expressions
4:26202  Warning: Expected an assignment 
or function call and instead saw an 
expression.  
@typescript-eslint/no-unused-expressions
4:26632  Warning: Expected an assignment 
or function call and instead saw an 
expression.  
@typescript-eslint/no-unused-expressions
4:26685  Warning: Expected an assignment 
or function call and instead saw an 
expression.  
@typescript-eslint/no-unused-expressions
4:26790  Warning: Expected an assignment 
or function call and instead saw an 
expression.  
@typescript-eslint/no-unused-expressions
4:27023  Warning: Expected an assignment 
or function call and instead saw an 
expression.  
@typescript-eslint/no-unused-expressions
4:27541  Warning: Expected an assignment 
or function call and instead saw an 
expression.  
@typescript-eslint/no-unused-expressions
4:27658  Warning: Expected an assignment 
or function call and instead saw an 
expression.  
@typescript-eslint/no-unused-expressions
4:28006  Warning: Expected an assignment 
or function call and instead saw an 
expression.  
@typescript-eslint/no-unused-expressions
4:28022  Warning: 'f' is assigned a value 
but never used.  
@typescript-eslint/no-unused-vars
4:29007  Warning: Expected an assignment 
or function call and instead saw an 
expression.  
@typescript-eslint/no-unused-expressions
4:29385  Warning: Expected an assignment 
or function call and instead saw an 
expression.  
@typescript-eslint/no-unused-expressions
4:29885  Warning: Expected an assignment 
or function call and instead saw an 
expression.  
@typescript-eslint/no-unused-expressions
4:31192  Error: Unexpected aliasing of 
'this' to local variable.  
@typescript-eslint/no-this-alias
4:31262  Warning: Expected an assignment 
or function call and instead saw an 
expression.  
@typescript-eslint/no-unused-expressions
4:31440  Warning: Expected an assignment 
or function call and instead saw an 
expression.  
@typescript-eslint/no-unused-expressions
4:31547  Warning: Expected an assignment 
or function call and instead saw an 
expression.  
@typescript-eslint/no-unused-expressions
4:31653  Warning: Expected an assignment 
or function call and instead saw an 
expression.  
@typescript-eslint/no-unused-expressions
4:32670  Warning: Expected an assignment 
or function call and instead saw an 
expression.  
@typescript-eslint/no-unused-expressions
4:32967  Warning: Expected an assignment 
or function call and instead saw an 
expression.  
@typescript-eslint/no-unused-expressions
4:33700  Warning: Expected an assignment 
or function call and instead saw an 
expression.  
@typescript-eslint/no-unused-expressions
4:33844  Warning: Expected an assignment 
or function call and instead saw an 
expression.  
@typescript-eslint/no-unused-expressions
4:34107  Warning: Expected an assignment 
or function call and instead saw an 
expression.  
@typescript-eslint/no-unused-expressions
4:34186  Warning: Expected an assignment 
or function call and instead saw an 
expression.  
@typescript-eslint/no-unused-expressions
4:34928  Warning: Expected an assignment 
or function call and instead saw an 
expression.  
@typescript-eslint/no-unused-expressions

./src/generated/prisma/runtime/library.d.ts
41:100  Error: Unexpected any. Specify a 
different type.  
@typescript-eslint/no-explicit-any
47:5  Error: The `{}` ("empty object") 
type allows any non-nullish value, 
including literals like `0` and `""`.
- If that's what you want, disable this 
lint rule with an inline comment or 
configure the 'allowObjectTypes' rule 
option.
- If you want a type meaning "any object", 
you probably want `object` instead.
- If you want a type meaning "any value", 
you probably want `unknown` instead.  
@typescript-eslint/no-empty-object-type
62:27  Error: Unexpected any. Specify a 
different type.  
@typescript-eslint/no-explicit-any
67:51  Error: Unexpected any. Specify a 
different type.  
@typescript-eslint/no-explicit-any
118:79  Error: Unexpected any. Specify a 
different type.  
@typescript-eslint/no-explicit-any
161:20  Error: Unexpected any. Specify a 
different type.  
@typescript-eslint/no-explicit-any
165:74  Error: Unexpected any. Specify a 
different type.  
@typescript-eslint/no-explicit-any
167:60  Error: Unexpected any. Specify a 
different type.  
@typescript-eslint/no-explicit-any
168:63  Error: Unexpected any. Specify a 
different type.  
@typescript-eslint/no-explicit-any
169:49  Error: Unexpected any. Specify a 
different type.  
@typescript-eslint/no-explicit-any
175:15  Warning: 'ColumnTypeEnum' is 
defined but only used as a type.  
@typescript-eslint/no-unused-vars
213:31  Error: The `{}` ("empty object") 
type allows any non-nullish value, 
including literals like `0` and `""`.
- If that's what you want, disable this 
lint rule with an inline comment or 
configure the 'allowObjectTypes' rule 
option.
- If you want a type meaning "any object", 
you probably want `object` instead.
- If you want a type meaning "any value", 
you probably want `unknown` instead.  
@typescript-eslint/no-empty-object-type
237:44  Error: The `Function` type accepts 
any function-like value.
Prefer explicitly defining any function 
parameters and return type.  
@typescript-eslint/no-unsafe-function-type
241:48  Error: The `Function` type accepts 
any function-like value.
Prefer explicitly defining any function 
parameters and return type.  
@typescript-eslint/no-unsafe-function-type
351:34  Error: Unexpected any. Specify a 
different type.  
@typescript-eslint/no-explicit-any
357:43  Error: Unexpected any. Specify a 
different type.  
@typescript-eslint/no-explicit-any
358:44  Error: Unexpected any. Specify a 
different type.  
@typescript-eslint/no-explicit-any
405:23  Error: Unexpected any. Specify a 
different type.  
@typescript-eslint/no-explicit-any
406:16  Error: Unexpected any. Specify a 
different type.  
@typescript-eslint/no-explicit-any
409:17  Error: The `{}` ("empty object") 
type allows any non-nullish value, 
including literals like `0` and `""`.
- If that's what you want, disable this 
lint rule with an inline comment or 
configure the 'allowObjectTypes' rule 
option.
- If you want a type meaning "any object", 
you probably want `object` instead.
- If you want a type meaning "any value", 
you probably want `unknown` instead.  
@typescript-eslint/no-empty-object-type
422:18  Warning: 'debugCreate' is defined 
but only used as a type.  
@typescript-eslint/no-unused-vars
422:61  Error: Unexpected any. Specify a 
different type.  
@typescript-eslint/no-explicit-any
651:30  Error: Unexpected any. Specify a 
different type.  
@typescript-eslint/no-explicit-any
711:48  Error: The `{}` ("empty object") 
type allows any non-nullish value, 
including literals like `0` and `""`.
- If that's what you want, disable this 
lint rule with an inline comment or 
configure the 'allowObjectTypes' rule 
option.
- If you want a type meaning "any object", 
you probably want `object` instead.
- If you want a type meaning "any value", 
you probably want `unknown` instead.  
@typescript-eslint/no-empty-object-type
711:52  Error: The `{}` ("empty object") 
type allows any non-nullish value, 
including literals like `0` and `""`.
- If that's what you want, disable this 
lint rule with an inline comment or 
configure the 'allowObjectTypes' rule 
option.
- If you want a type meaning "any object", 
you probably want `object` instead.
- If you want a type meaning "any value", 
you probably want `unknown` instead.  
@typescript-eslint/no-empty-object-type
711:56  Error: The `{}` ("empty object") 
type allows any non-nullish value, 
including literals like `0` and `""`.
- If that's what you want, disable this 
lint rule with an inline comment or 
configure the 'allowObjectTypes' rule 
option.
- If you want a type meaning "any object", 
you probably want `object` instead.
- If you want a type meaning "any value", 
you probably want `unknown` instead.  
@typescript-eslint/no-empty-object-type
711:60  Error: The `{}` ("empty object") 
type allows any non-nullish value, 
including literals like `0` and `""`.
- If that's what you want, disable this 
lint rule with an inline comment or 
configure the 'allowObjectTypes' rule 
option.
- If you want a type meaning "any object", 
you probably want `object` instead.
- If you want a type meaning "any value", 
you probably want `unknown` instead.  
@typescript-eslint/no-empty-object-type
713:79  Error: The `{}` ("empty object") 
type allows any non-nullish value, 
including literals like `0` and `""`.
- If that's what you want, disable this 
lint rule with an inline comment or 
configure the 'allowObjectTypes' rule 
option.
- If you want a type meaning "any object", 
you probably want `object` instead.
- If you want a type meaning "any value", 
you probably want `unknown` instead.  
@typescript-eslint/no-empty-object-type
713:103  Error: The `{}` ("empty object") 
type allows any non-nullish value, 
including literals like `0` and `""`.
- If that's what you want, disable this 
lint rule with an inline comment or 
configure the 'allowObjectTypes' rule 
option.
- If you want a type meaning "any object", 
you probably want `object` instead.
- If you want a type meaning "any value", 
you probably want `unknown` instead.  
@typescript-eslint/no-empty-object-type
725:15  Warning: 'denylist' is defined but 
only used as a type.  
@typescript-eslint/no-unused-vars
754:11  Error: Unexpected any. Specify a 
different type.  
@typescript-eslint/no-explicit-any
755:13  Error: Unexpected any. Specify a 
different type.  
@typescript-eslint/no-explicit-any
861:143  Error: Unexpected any. Specify a 
different type.  
@typescript-eslint/no-explicit-any
871:139  Error: Unexpected any. Specify a 
different type.  
@typescript-eslint/no-explicit-any
885:146  Error: Unexpected any. Specify a 
different type.  
@typescript-eslint/no-explicit-any
889:42  Error: Unexpected any. Specify a 
different type.  
@typescript-eslint/no-explicit-any
902:142  Error: Unexpected any. Specify a 
different type.  
@typescript-eslint/no-explicit-any
906:22  Error: The `{}` ("empty object") 
type allows any non-nullish value, 
including literals like `0` and `""`.
- If that's what you want, disable this 
lint rule with an inline comment or 
configure the 'allowObjectTypes' rule 
option.
- If you want a type meaning "any object", 
you probably want `object` instead.
- If you want a type meaning "any value", 
you probably want `unknown` instead.  
@typescript-eslint/no-empty-object-type
939:130  Error: The `{}` ("empty object") 
type allows any non-nullish value, 
including literals like `0` and `""`.
- If that's what you want, disable this 
lint rule with an inline comment or 
configure the 'allowObjectTypes' rule 
option.
- If you want a type meaning "any object", 
you probably want `object` instead.
- If you want a type meaning "any value", 
you probably want `unknown` instead.  
@typescript-eslint/no-empty-object-type
941:129  Error: Unexpected any. Specify a 
different type.  
@typescript-eslint/no-explicit-any
958:15  Error: Unexpected any. Specify a 
different type.  
@typescript-eslint/no-explicit-any
959:23  Error: Unexpected any. Specify a 
different type.  
@typescript-eslint/no-explicit-any
959:45  Error: Unexpected any. Specify a 
different type.  
@typescript-eslint/no-explicit-any
960:19  Error: Unexpected any. Specify a 
different type.  
@typescript-eslint/no-explicit-any
985:97  Error: Unexpected any. Specify a 
different type.  
@typescript-eslint/no-explicit-any
992:4  Error: The `{}` ("empty object") 
type allows any non-nullish value, 
including literals like `0` and `""`.
- If that's what you want, disable this 
lint rule with an inline comment or 
configure the 'allowObjectTypes' rule 
option.
- If you want a type meaning "any object", 
you probably want `object` instead.
- If you want a type meaning "any value", 
you probably want `unknown` instead.  
@typescript-eslint/no-empty-object-type
1096:26  Error: Unexpected any. Specify a 
different type.  
@typescript-eslint/no-explicit-any
1232:139  Error: Unexpected any. Specify a 
different type.  
@typescript-eslint/no-explicit-any
1244:58  Error: The `{}` ("empty object") 
type allows any non-nullish value, 
including literals like `0` and `""`.
- If that's what you want, disable this 
lint rule with an inline comment or 
configure the 'allowObjectTypes' rule 
option.
- If you want a type meaning "any object", 
you probably want `object` instead.
- If you want a type meaning "any value", 
you probably want `unknown` instead.  
@typescript-eslint/no-empty-object-type
1258:26  Error: Unexpected any. Specify a 
different type.  
@typescript-eslint/no-explicit-any
1321:18  Error: The `{}` ("empty object") 
type allows any non-nullish value, 
including literals like `0` and `""`.
- If that's what you want, disable this 
lint rule with an inline comment or 
configure the 'allowObjectTypes' rule 
option.
- If you want a type meaning "any object", 
you probably want `object` instead.
- If you want a type meaning "any value", 
you probably want `unknown` instead.  
@typescript-eslint/no-empty-object-type
1461:18  Warning: 'getBatchRequestPayload' 
is defined but only used as a type.  
@typescript-eslint/no-unused-vars
1473:97  Error: Unexpected any. Specify a 
different type.  
@typescript-eslint/no-explicit-any
1478:622  Error: The `{}` ("empty object") 
type allows any non-nullish value, 
including literals like `0` and `""`.
- If that's what you want, disable this 
lint rule with an inline comment or 
configure the 'allowObjectTypes' rule 
option.
- If you want a type meaning "any object", 
you probably want `object` instead.
- If you want a type meaning "any value", 
you probably want `unknown` instead.  
@typescript-eslint/no-empty-object-type
1478:761  Error: The `{}` ("empty object") 
type allows any non-nullish value, 
including literals like `0` and `""`.
- If that's what you want, disable this 
lint rule with an inline comment or 
configure the 'allowObjectTypes' rule 
option.
- If you want a type meaning "any object", 
you probably want `object` instead.
- If you want a type meaning "any value", 
you probably want `unknown` instead.  
@typescript-eslint/no-empty-object-type
1484:14  Error: Unexpected any. Specify a 
different type.  
@typescript-eslint/no-explicit-any
1497:6  Error: The `{}` ("empty object") 
type allows any non-nullish value, 
including literals like `0` and `""`.
- If that's what you want, disable this 
lint rule with an inline comment or 
configure the 'allowObjectTypes' rule 
option.
- If you want a type meaning "any object", 
you probably want `object` instead.
- If you want a type meaning "any value", 
you probably want `unknown` instead.  
@typescript-eslint/no-empty-object-type
1503:58  Error: Unexpected any. Specify a 
different type.  
@typescript-eslint/no-explicit-any
1503:63  Error: Unexpected any. Specify a 
different type.  
@typescript-eslint/no-explicit-any
1509:28  Error: Unexpected any. Specify a 
different type.  
@typescript-eslint/no-explicit-any
1515:26  Error: Unexpected any. Specify a 
different type.  
@typescript-eslint/no-explicit-any
1518:38  Error: Unexpected any. Specify a 
different type.  
@typescript-eslint/no-explicit-any
1519:41  Error: Unexpected any. Specify a 
different type.  
@typescript-eslint/no-explicit-any
1537:25  Error: Unexpected any. Specify a 
different type.  
@typescript-eslint/no-explicit-any
1539:85  Error: Unexpected any. Specify a 
different type.  
@typescript-eslint/no-explicit-any
1557:67  Error: Unexpected any. Specify a 
different type.  
@typescript-eslint/no-explicit-any
1557:100  Error: Unexpected any. Specify a 
different type.  
@typescript-eslint/no-explicit-any
1566:91  Error: Unexpected any. Specify a 
different type.  
@typescript-eslint/no-explicit-any
1573:89  Error: Unexpected any. Specify a 
different type.  
@typescript-eslint/no-explicit-any
1577:192  Error: Unexpected any. Specify a 
different type.  
@typescript-eslint/no-explicit-any
1586:65  Error: Unexpected any. Specify a 
different type.  
@typescript-eslint/no-explicit-any
1586:98  Error: Unexpected any. Specify a 
different type.  
@typescript-eslint/no-explicit-any
1591:77  Error: Unexpected any. Specify a 
different type.  
@typescript-eslint/no-explicit-any
1600:89  Error: Unexpected any. Specify a 
different type.  
@typescript-eslint/no-explicit-any
1607:45  Error: Unexpected any. Specify a 
different type.  
@typescript-eslint/no-explicit-any
1609:21  Error: Unexpected any. Specify a 
different type.  
@typescript-eslint/no-explicit-any
1627:29  Error: Unexpected any. Specify a 
different type.  
@typescript-eslint/no-explicit-any
1627:44  Error: Unexpected any. Specify a 
different type.  
@typescript-eslint/no-explicit-any
1627:58  Error: Unexpected any. Specify a 
different type.  
@typescript-eslint/no-explicit-any
1633:66  Error: Unexpected any. Specify a 
different type.  
@typescript-eslint/no-explicit-any
1634:189  Error: Unexpected any. Specify a 
different type.  
@typescript-eslint/no-explicit-any
1726:146  Error: The `{}` ("empty object") 
type allows any non-nullish value, 
including literals like `0` and `""`.
- If that's what you want, disable this 
lint rule with an inline comment or 
configure the 'allowObjectTypes' rule 
option.
- If you want a type meaning "any object", 
you probably want `object` instead.
- If you want a type meaning "any value", 
you probably want `unknown` instead.  
@typescript-eslint/no-empty-object-type
1762:51  Error: Unexpected any. Specify a 
different type.  
@typescript-eslint/no-explicit-any
1762:56  Error: Unexpected any. Specify a 
different type.  
@typescript-eslint/no-explicit-any
1774:12  Error: Unexpected any. Specify a 
different type.  
@typescript-eslint/no-explicit-any
1830:26  Error: An interface declaring no 
members is equivalent to its supertype.  
@typescript-eslint/no-empty-object-type
1962:21  Error: Unexpected any. Specify a 
different type.  
@typescript-eslint/no-explicit-any
1963:20  Error: Unexpected any. Specify a 
different type.  
@typescript-eslint/no-explicit-any
1964:14  Error: Unexpected any. Specify a 
different type.  
@typescript-eslint/no-explicit-any
1998:26  Error: An interface declaring no 
members is equivalent to its supertype.  
@typescript-eslint/no-empty-object-type
2146:73  Error: Unexpected any. Specify a 
different type.  
@typescript-eslint/no-explicit-any
2146:92  Error: Unexpected any. Specify a 
different type.  
@typescript-eslint/no-explicit-any
2167:21  Error: The `{}` ("empty object") 
type allows any non-nullish value, 
including literals like `0` and `""`.
- If that's what you want, disable this 
lint rule with an inline comment or 
configure the 'allowObjectTypes' rule 
option.
- If you want a type meaning "any object", 
you probably want `object` instead.
- If you want a type meaning "any value", 
you probably want `unknown` instead.  
@typescript-eslint/no-empty-object-type
2176:21  Error: The `{}` ("empty object") 
type allows any non-nullish value, 
including literals like `0` and `""`.
- If that's what you want, disable this 
lint rule with an inline comment or 
configure the 'allowObjectTypes' rule 
option.
- If you want a type meaning "any object", 
you probably want `object` instead.
- If you want a type meaning "any value", 
you probably want `unknown` instead.  
@typescript-eslint/no-empty-object-type
2185:21  Error: The `{}` ("empty object") 
type allows any non-nullish value, 
including literals like `0` and `""`.
- If that's what you want, disable this 
lint rule with an inline comment or 
configure the 'allowObjectTypes' rule 
option.
- If you want a type meaning "any object", 
you probably want `object` instead.
- If you want a type meaning "any value", 
you probably want `unknown` instead.  
@typescript-eslint/no-empty-object-type
2286:67  Error: Unexpected any. Specify a 
different type.  
@typescript-eslint/no-explicit-any
2290:85  Error: Unexpected any. Specify a 
different type.  
@typescript-eslint/no-explicit-any
2290:90  Error: Unexpected any. Specify a 
different type.  
@typescript-eslint/no-explicit-any
2290:116  Error: Unexpected any. Specify a 
different type.  
@typescript-eslint/no-explicit-any
2290:121  Error: Unexpected any. Specify a 
different type.  
@typescript-eslint/no-explicit-any
2427:86  Error: Unexpected any. Specify a 
different type.  
@typescript-eslint/no-explicit-any
2446:34  Error: The `Function` type 
accepts any function-like value.
Prefer explicitly defining any function 
parameters and return type.  
@typescript-eslint/no-unsafe-function-type
2480:15  Warning: 'officialPrismaAdapters' 
is defined but only used as a type.  
@typescript-eslint/no-unused-vars
2506:49  Error: Unexpected any. Specify a 
different type.  
@typescript-eslint/no-explicit-any
2517:23  Error: The `{}` ("empty object") 
type allows any non-nullish value, 
including literals like `0` and `""`.
- If that's what you want, disable this 
lint rule with an inline comment or 
configure the 'allowObjectTypes' rule 
option.
- If you want a type meaning "any object", 
you probably want `object` instead.
- If you want a type meaning "any value", 
you probably want `unknown` instead.  
@typescript-eslint/no-empty-object-type
2564:31  Warning: '$Type' is defined but 
never used.  
@typescript-eslint/no-unused-vars
2572:32  Warning: 'F' is defined but never 
used.  @typescript-eslint/no-unused-vars
2575:22  Error: Unexpected any. Specify a 
different type.  
@typescript-eslint/no-explicit-any
2578:37  Error: Unexpected any. Specify a 
different type.  
@typescript-eslint/no-explicit-any
2580:59  Error: Unexpected any. Specify a 
different type.  
@typescript-eslint/no-explicit-any
2580:64  Error: Unexpected any. Specify a 
different type.  
@typescript-eslint/no-explicit-any
2581:38  Error: Unexpected any. Specify a 
different type.  
@typescript-eslint/no-explicit-any
2693:18  Warning: 'prismaGraphQLToJSError' 
is defined but only used as a type.  
@typescript-eslint/no-unused-vars
2710:89  Error: Unexpected any. Specify a 
different type.  
@typescript-eslint/no-explicit-any
2724:45  Error: Unexpected any. Specify a 
different type.  
@typescript-eslint/no-explicit-any
2867:31  Error: The `{}` ("empty object") 
type allows any non-nullish value, 
including literals like `0` and `""`.
- If that's what you want, disable this 
lint rule with an inline comment or 
configure the 'allowObjectTypes' rule 
option.
- If you want a type meaning "any object", 
you probably want `object` instead.
- If you want a type meaning "any value", 
you probably want `unknown` instead.  
@typescript-eslint/no-empty-object-type
2934:16  Error: Prefer using the primitive 
`object` as a type name, rather than the 
upper-cased `Object`.  
@typescript-eslint/no-wrapper-object-types
2973:76  Error: Unexpected any. Specify a 
different type.  
@typescript-eslint/no-explicit-any
3181:45  Error: Unexpected any. Specify a 
different type.  
@typescript-eslint/no-explicit-any
3182:97  Error: Unexpected any. Specify a 
different type.  
@typescript-eslint/no-explicit-any
3182:104  Error: Unexpected any. Specify a 
different type.  
@typescript-eslint/no-explicit-any
3189:30  Error: Unexpected any. Specify a 
different type.  
@typescript-eslint/no-explicit-any
3189:36  Error: Unexpected any. Specify a 
different type.  
@typescript-eslint/no-explicit-any
3190:69  Error: Unexpected any. Specify a 
different type.  
@typescript-eslint/no-explicit-any
3211:12  Error: Unexpected any. Specify a 
different type.  
@typescript-eslint/no-explicit-any
3225:23  Error: The `{}` ("empty object") 
type allows any non-nullish value, 
including literals like `0` and `""`.
- If that's what you want, disable this 
lint rule with an inline comment or 
configure the 'allowObjectTypes' rule 
option.
- If you want a type meaning "any object", 
you probably want `object` instead.
- If you want a type meaning "any value", 
you probably want `unknown` instead.  
@typescript-eslint/no-empty-object-type
3228:18  Warning: 'resolveDatasourceUrl' 
is defined but only used as a type.  
@typescript-eslint/no-unused-vars
3238:22  Error: Unexpected any. Specify a 
different type.  
@typescript-eslint/no-explicit-any
3242:17  Error: The `{}` ("empty object") 
type allows any non-nullish value, 
including literals like `0` and `""`.
- If that's what you want, disable this 
lint rule with an inline comment or 
configure the 'allowObjectTypes' rule 
option.
- If you want a type meaning "any object", 
you probably want `object` instead.
- If you want a type meaning "any value", 
you probably want `unknown` instead.  
@typescript-eslint/no-empty-object-type
3243:14  Error: The `{}` ("empty object") 
type allows any non-nullish value, 
including literals like `0` and `""`.
- If that's what you want, disable this 
lint rule with an inline comment or 
configure the 'allowObjectTypes' rule 
option.
- If you want a type meaning "any object", 
you probably want `object` instead.
- If you want a type meaning "any value", 
you probably want `unknown` instead.  
@typescript-eslint/no-empty-object-type
3244:14  Error: The `{}` ("empty object") 
type allows any non-nullish value, 
including literals like `0` and `""`.
- If that's what you want, disable this 
lint rule with an inline comment or 
configure the 'allowObjectTypes' rule 
option.
- If you want a type meaning "any object", 
you probably want `object` instead.
- If you want a type meaning "any value", 
you probably want `unknown` instead.  
@typescript-eslint/no-empty-object-type
3246:4  Error: The `{}` ("empty object") 
type allows any non-nullish value, 
including literals like `0` and `""`.
- If that's what you want, disable this 
lint rule with an inline comment or 
configure the 'allowObjectTypes' rule 
option.
- If you want a type meaning "any object", 
you probably want `object` instead.
- If you want a type meaning "any value", 
you probably want `unknown` instead.  
@typescript-eslint/no-empty-object-type
3291:54  Error: Unexpected any. Specify a 
different type.  
@typescript-eslint/no-explicit-any
3313:53  Error: Unexpected any. Specify a 
different type.  
@typescript-eslint/no-explicit-any
3383:67  Error: Unexpected any. Specify a 
different type.  
@typescript-eslint/no-explicit-any
3383:72  Error: Unexpected any. Specify a 
different type.  
@typescript-eslint/no-explicit-any
3384:24  Error: Unexpected any. Specify a 
different type.  
@typescript-eslint/no-explicit-any
3386:27  Error: Unexpected any. Specify a 
different type.  
@typescript-eslint/no-explicit-any
3714:19  Error: An interface declaring no 
members is equivalent to its supertype.  
@typescript-eslint/no-empty-object-type
3751:44  Error: Unexpected any. Specify a 
different type.  
@typescript-eslint/no-explicit-any
3851:41  Error: Unexpected any. Specify a 
different type.  
@typescript-eslint/no-explicit-any
3851:46  Error: Unexpected any. Specify a 
different type.  
@typescript-eslint/no-explicit-any
3887:32  Error: Unexpected any. Specify a 
different type.  
@typescript-eslint/no-explicit-any
3887:40  Error: Unexpected any. Specify a 
different type.  
@typescript-eslint/no-explicit-any
3889:40  Error: The `{}` ("empty object") 
type allows any non-nullish value, 
including literals like `0` and `""`.
- If that's what you want, disable this 
lint rule with an inline comment or 
configure the 'allowObjectTypes' rule 
option.
- If you want a type meaning "any object", 
you probably want `object` instead.
- If you want a type meaning "any value", 
you probably want `unknown` instead.  
@typescript-eslint/no-empty-object-type
3908:27  Error: Unexpected any. Specify a 
different type.  
@typescript-eslint/no-explicit-any
3998:52  Error: Unexpected any. Specify a 
different type.  
@typescript-eslint/no-explicit-any

./src/generated/prisma/runtime/library.js
4:441  Warning: Expected an assignment or 
function call and instead saw an 
expression.  
@typescript-eslint/no-unused-expressions
4:907  Error: A `require()` style import 
is forbidden.  
@typescript-eslint/no-require-imports
4:929  Error: A `require()` style import 
is forbidden.  
@typescript-eslint/no-require-imports
4:976  Warning: Expected an assignment or 
function call and instead saw an 
expression.  
@typescript-eslint/no-unused-expressions
4:1125  Warning: Expected an assignment or 
function call and instead saw an 
expression.  
@typescript-eslint/no-unused-expressions
4:9117  Error: A `require()` style import 
is forbidden.  
@typescript-eslint/no-require-imports
4:9139  Error: A `require()` style import 
is forbidden.  
@typescript-eslint/no-require-imports
4:9163  Error: A `require()` style import 
is forbidden.  
@typescript-eslint/no-require-imports
4:9185  Error: A `require()` style import 
is forbidden.  
@typescript-eslint/no-require-imports
5:82  Warning: Expected an assignment or 
function call and instead saw an 
expression.  
@typescript-eslint/no-unused-expressions
6:1542  Warning: Expected an assignment or 
function call and instead saw an 
expression.  
@typescript-eslint/no-unused-expressions
6:1818  Warning: Expected an assignment or 
function call and instead saw an 
expression.  
@typescript-eslint/no-unused-expressions
6:2071  Warning: Expected an assignment or 
function call and instead saw an 
expression.  
@typescript-eslint/no-unused-expressions
6:2370  Warning: Expected an assignment or 
function call and instead saw an 
expression.  
@typescript-eslint/no-unused-expressions
6:3625  Warning: Expected an assignment or 
function call and instead saw an 
expression.  
@typescript-eslint/no-unused-expressions
6:4954  Warning: Expected an assignment or 
function call and instead saw an 
expression.  
@typescript-eslint/no-unused-expressions
6:5036  Warning: Expected an assignment or 
function call and instead saw an 
expression.  
@typescript-eslint/no-unused-expressions
6:5186  Warning: Expected an assignment or 
function call and instead saw an 
expression.  
@typescript-eslint/no-unused-expressions
6:5380  Warning: Expected an assignment or 
function call and instead saw an 
expression.  
@typescript-eslint/no-unused-expressions
6:5537  Warning: Expected an assignment or 
function call and instead saw an 
expression.  
@typescript-eslint/no-unused-expressions
6:6556  Warning: 'e' is defined but never 
used.  @typescript-eslint/no-unused-vars
6:6982  Warning: Expected an assignment or 
function call and instead saw an 
expression.  
@typescript-eslint/no-unused-expressions
6:7917  Warning: Expected an assignment or 
function call and instead saw an 
expression.  
@typescript-eslint/no-unused-expressions
6:8694  Warning: Expected an assignment or 
function call and instead saw an 
expression.  
@typescript-eslint/no-unused-expressions
7:80  Error: A `require()` style import is 
forbidden.  
@typescript-eslint/no-require-imports
7:1374  Error: A `require()` style import 
is forbidden.  
@typescript-eslint/no-require-imports
7:1410  Error: A `require()` style import 
is forbidden.  
@typescript-eslint/no-require-imports
7:1444  Error: A `require()` style import 
is forbidden.  
@typescript-eslint/no-require-imports
7:1890  Warning: Expected an assignment or 
function call and instead saw an 
expression.  
@typescript-eslint/no-unused-expressions
7:3968  Warning: 'ig' is assigned a value 
but never used.  
@typescript-eslint/no-unused-vars
7:3985  Warning: 'e' is defined but never 
used.  @typescript-eslint/no-unused-vars
7:4472  Warning: 'og' is assigned a value 
but never used.  
@typescript-eslint/no-unused-vars
7:4920  Warning: 'sg' is assigned a value 
but never used.  
@typescript-eslint/no-unused-vars
7:5266  Warning: 'ag' is assigned a value 
but never used.  
@typescript-eslint/no-unused-vars
7:5279  Warning: 'lg' is assigned a value 
but never used.  
@typescript-eslint/no-unused-vars
7:5329  Warning: 'ug' is assigned a value 
but never used.  
@typescript-eslint/no-unused-vars
7:5378  Warning: 'cg' is assigned a value 
but never used.  
@typescript-eslint/no-unused-vars
7:5416  Warning: 'pg' is assigned a value 
but never used.  
@typescript-eslint/no-unused-vars
7:5536  Warning: Expected an assignment or 
function call and instead saw an 
expression.  
@typescript-eslint/no-unused-expressions
7:5728  Warning: Expected an assignment or 
function call and instead saw an 
expression.  
@typescript-eslint/no-unused-expressions
7:5866  Warning: Expected an assignment or 
function call and instead saw an 
expression.  
@typescript-eslint/no-unused-expressions
7:5980  Warning: Expected an assignment or 
function call and instead saw an 
expression.  
@typescript-eslint/no-unused-expressions
7:6496  Error: A `require()` style import 
is forbidden.  
@typescript-eslint/no-require-imports
7:6620  Warning: Expected an assignment or 
function call and instead saw an 
expression.  
@typescript-eslint/no-unused-expressions
8:2359  Warning: 'e' is assigned a value 
but never used.  
@typescript-eslint/no-unused-vars
8:2660  Warning: Expected an assignment or 
function call and instead saw an 
expression.  
@typescript-eslint/no-unused-expressions
9:1802  Error: A `require()` style import 
is forbidden.  
@typescript-eslint/no-require-imports
9:1873  Warning: 'Eg' is assigned a value 
but never used.  
@typescript-eslint/no-unused-vars
9:1920  Warning: 'wg' is assigned a value 
but never used.  
@typescript-eslint/no-unused-vars
9:1966  Warning: 'xg' is assigned a value 
but never used.  
@typescript-eslint/no-unused-vars
9:2009  Warning: 'Pg' is assigned a value 
but never used.  
@typescript-eslint/no-unused-vars
9:2060  Warning: 'vg' is assigned a value 
but never used.  
@typescript-eslint/no-unused-vars
9:2119  Warning: 'Tg' is assigned a value 
but never used.  
@typescript-eslint/no-unused-vars
9:2192  Warning: 'Sg' is assigned a value 
but never used.  
@typescript-eslint/no-unused-vars
9:2283  Warning: 'Rg' is assigned a value 
but never used.  
@typescript-eslint/no-unused-vars
9:2368  Warning: 'Ag' is assigned a value 
but never used.  
@typescript-eslint/no-unused-vars
9:2504  Warning: 'Cg' is assigned a value 
but never used.  
@typescript-eslint/no-unused-vars
9:2663  Warning: 'Ig' is assigned a value 
but never used.  
@typescript-eslint/no-unused-vars
9:2763  Warning: 'Dg' is assigned a value 
but never used.  
@typescript-eslint/no-unused-vars
9:2936  Warning: 'Og' is assigned a value 
but never used.  
@typescript-eslint/no-unused-vars
9:3092  Warning: 'kg' is assigned a value 
but never used.  
@typescript-eslint/no-unused-vars
9:7169  Warning: 'Yc' is assigned a value 
but never used.  
@typescript-eslint/no-unused-vars
9:7188  Error: A `require()` style import 
is forbidden.  
@typescript-eslint/no-require-imports
9:7210  Warning: 'zc' is assigned a value 
but never used.  
@typescript-eslint/no-unused-vars
9:7221  Warning: 'Th' is assigned a value 
but never used.  
@typescript-eslint/no-unused-vars
9:7301  Warning: 'Sh' is assigned a value 
but never used.  
@typescript-eslint/no-unused-vars
9:8983  Error: A `require()` style import 
is forbidden.  
@typescript-eslint/no-require-imports
9:9217  Warning: Expected an assignment or 
function call and instead saw an 
expression.  
@typescript-eslint/no-unused-expressions
14:79  Warning: Expected an assignment or 
function call and instead saw an 
expression.  
@typescript-eslint/no-unused-expressions
15:462  Warning: Expected an assignment or 
function call and instead saw an 
expression.  
@typescript-eslint/no-unused-expressions
15:891  Error: A `require()` style import 
is forbidden.  
@typescript-eslint/no-require-imports
15:1046  Error: A `require()` style import 
is forbidden.  
@typescript-eslint/no-require-imports
15:1075  Error: A `require()` style import 
is forbidden.  
@typescript-eslint/no-require-imports
15:1302  Warning: Expected an assignment 
or function call and instead saw an 
expression.  
@typescript-eslint/no-unused-expressions
15:1348  Warning: Expected an assignment 
or function call and instead saw an 
expression.  
@typescript-eslint/no-unused-expressions
15:1722  Warning: Expected an assignment 
or function call and instead saw an 
expression.  
@typescript-eslint/no-unused-expressions
16:242  Warning: Expected an assignment or 
function call and instead saw an 
expression.  
@typescript-eslint/no-unused-expressions
24:743  Warning: Expected an assignment or 
function call and instead saw an 
expression.  
@typescript-eslint/no-unused-expressions
24:879  Warning: Expected an assignment or 
function call and instead saw an 
expression.  
@typescript-eslint/no-unused-expressions
24:995  Warning: Expected an assignment or 
function call and instead saw an 
expression.  
@typescript-eslint/no-unused-expressions
24:1351  Warning: Expected an assignment 
or function call and instead saw an 
expression.  
@typescript-eslint/no-unused-expressions
24:1690  Warning: Expected an assignment 
or function call and instead saw an 
expression.  
@typescript-eslint/no-unused-expressions
24:1964  Warning: Expected an assignment 
or function call and instead saw an 
expression.  
@typescript-eslint/no-unused-expressions
24:2335  Warning: Expected an assignment 
or function call and instead saw an 
expression.  
@typescript-eslint/no-unused-expressions
24:5994  Error: Unexpected aliasing of 
'this' to local variable.  
@typescript-eslint/no-this-alias
24:6190  Error: Unexpected aliasing of 
'this' to local variable.  
@typescript-eslint/no-this-alias
24:6546  Error: Unexpected aliasing of 
'this' to local variable.  
@typescript-eslint/no-this-alias
24:6816  Error: Unexpected aliasing of 
'this' to local variable.  
@typescript-eslint/no-this-alias
24:7401  Warning: Expected an assignment 
or function call and instead saw an 
expression.  
@typescript-eslint/no-unused-expressions
24:7415  Warning: Expected an assignment 
or function call and instead saw an 
expression.  
@typescript-eslint/no-unused-expressions
24:7662  Warning: Expected an assignment 
or function call and instead saw an 
expression.  
@typescript-eslint/no-unused-expressions
24:7801  Error: Unexpected aliasing of 
'this' to local variable.  
@typescript-eslint/no-this-alias
24:8179  Error: Unexpected aliasing of 
'this' to local variable.  
@typescript-eslint/no-this-alias
24:8279  Warning: Expected an assignment 
or function call and instead saw an 
expression.  
@typescript-eslint/no-unused-expressions
24:8521  Warning: Expected an assignment 
or function call and instead saw an 
expression.  
@typescript-eslint/no-unused-expressions
24:8664  Error: Unexpected aliasing of 
'this' to local variable.  
@typescript-eslint/no-this-alias
24:8851  Warning: Expected an assignment 
or function call and instead saw an 
expression.  
@typescript-eslint/no-unused-expressions
24:8972  Warning: Expected an assignment 
or function call and instead saw an 
expression.  
@typescript-eslint/no-unused-expressions
24:9125  Error: Unexpected aliasing of 
'this' to local variable.  
@typescript-eslint/no-this-alias
24:9344  Error: Unexpected aliasing of 
'this' to local variable.  
@typescript-eslint/no-this-alias
24:9676  Error: Unexpected aliasing of 
'this' to local variable.  
@typescript-eslint/no-this-alias
24:9980  Error: Unexpected aliasing of 
'this' to local variable.  
@typescript-eslint/no-this-alias
24:10274  Error: Unexpected aliasing of 
'this' to local variable.  
@typescript-eslint/no-this-alias
24:10642  Error: Unexpected aliasing of 
'this' to local variable.  
@typescript-eslint/no-this-alias
24:10983  Error: Unexpected aliasing of 
'this' to local variable.  
@typescript-eslint/no-this-alias
24:12058  Error: Unexpected aliasing of 
'this' to local variable.  
@typescript-eslint/no-this-alias
24:12123  Warning: Expected an assignment 
or function call and instead saw an 
expression.  
@typescript-eslint/no-unused-expressions
24:12502  Warning: Expected an assignment 
or function call and instead saw an 
expression.  
@typescript-eslint/no-unused-expressions
24:12655  Error: Unexpected aliasing of 
'this' to local variable.  
@typescript-eslint/no-this-alias
24:13396  Warning: Expected an assignment 
or function call and instead saw an 
expression.  
@typescript-eslint/no-unused-expressions
24:13573  Error: Unexpected aliasing of 
'this' to local variable.  
@typescript-eslint/no-this-alias
24:14045  Error: Unexpected aliasing of 
'this' to local variable.  
@typescript-eslint/no-this-alias
24:14542  Warning: Expected an assignment 
or function call and instead saw an 
expression.  
@typescript-eslint/no-unused-expressions
24:14709  Error: Unexpected aliasing of 
'this' to local variable.  
@typescript-eslint/no-this-alias
24:14848  Error: Unexpected aliasing of 
'this' to local variable.  
@typescript-eslint/no-this-alias
24:14940  Error: Unexpected aliasing of 
'this' to local variable.  
@typescript-eslint/no-this-alias
24:15209  Error: Unexpected aliasing of 
'this' to local variable.  
@typescript-eslint/no-this-alias
24:15733  Warning: Expected an assignment 
or function call and instead saw an 
expression.  
@typescript-eslint/no-unused-expressions
24:15747  Warning: Expected an assignment 
or function call and instead saw an 
expression.  
@typescript-eslint/no-unused-expressions
24:15893  Error: Unexpected aliasing of 
'this' to local variable.  
@typescript-eslint/no-this-alias
24:16199  Error: Unexpected aliasing of 
'this' to local variable.  
@typescript-eslint/no-this-alias
24:16491  Warning: Expected an assignment 
or function call and instead saw an 
expression.  
@typescript-eslint/no-unused-expressions
24:16743  Error: Unexpected aliasing of 
'this' to local variable.  
@typescript-eslint/no-this-alias
24:16896  Error: Unexpected aliasing of 
'this' to local variable.  
@typescript-eslint/no-this-alias
24:17094  Error: Unexpected aliasing of 
'this' to local variable.  
@typescript-eslint/no-this-alias
24:17318  Error: Unexpected aliasing of 
'this' to local variable.  
@typescript-eslint/no-this-alias
24:17664  Warning: Expected an assignment 
or function call and instead saw an 
expression.  
@typescript-eslint/no-unused-expressions
24:18003  Error: Unexpected aliasing of 
'this' to local variable.  
@typescript-eslint/no-this-alias
24:18066  Warning: Expected an assignment 
or function call and instead saw an 
expression.  
@typescript-eslint/no-unused-expressions
24:18393  Error: Unexpected aliasing of 
'this' to local variable.  
@typescript-eslint/no-this-alias
24:19204  Error: Unexpected aliasing of 
'this' to local variable.  
@typescript-eslint/no-this-alias
24:19464  Error: Unexpected aliasing of 
'this' to local variable.  
@typescript-eslint/no-this-alias
24:19624  Error: Unexpected aliasing of 
'this' to local variable.  
@typescript-eslint/no-this-alias
24:19841  Error: Unexpected aliasing of 
'this' to local variable.  
@typescript-eslint/no-this-alias
24:20009  Warning: Expected an assignment 
or function call and instead saw an 
expression.  
@typescript-eslint/no-unused-expressions
24:20051  Warning: Expected an assignment 
or function call and instead saw an 
expression.  
@typescript-eslint/no-unused-expressions
24:20835  Warning: Expected an assignment 
or function call and instead saw an 
expression.  
@typescript-eslint/no-unused-expressions
24:20969  Warning: Expected an assignment 
or function call and instead saw an 
expression.  
@typescript-eslint/no-unused-expressions
24:21291  Warning: Expected an assignment 
or function call and instead saw an 
expression.  
@typescript-eslint/no-unused-expressions
24:21500  Warning: Expected an assignment 
or function call and instead saw an 
expression.  
@typescript-eslint/no-unused-expressions
24:22020  Warning: Expected an assignment 
or function call and instead saw an 
expression.  
@typescript-eslint/no-unused-expressions
24:22105  Warning: Expected an assignment 
or function call and instead saw an 
expression.  
@typescript-eslint/no-unused-expressions
24:22273  Warning: Expected an assignment 
or function call and instead saw an 
expression.  
@typescript-eslint/no-unused-expressions
24:22327  Warning: Expected an assignment 
or function call and instead saw an 
expression.  
@typescript-eslint/no-unused-expressions
24:22750  Warning: Expected an assignment 
or function call and instead saw an 
expression.  
@typescript-eslint/no-unused-expressions
24:22774  Warning: Expected an assignment 
or function call and instead saw an 
expression.  
@typescript-eslint/no-unused-expressions
24:22821  Warning: Expected an assignment 
or function call and instead saw an 
expression.  
@typescript-eslint/no-unused-expressions
24:23004  Warning: Expected an assignment 
or function call and instead saw an 
expression.  
@typescript-eslint/no-unused-expressions
24:23117  Warning: Expected an assignment 
or function call and instead saw an 
expression.  
@typescript-eslint/no-unused-expressions
24:23191  Warning: Expected an assignment 
or function call and instead saw an 
expression.  
@typescript-eslint/no-unused-expressions
24:23662  Warning: Expected an assignment 
or function call and instead saw an 
expression.  
@typescript-eslint/no-unused-expressions
24:23732  Warning: Expected an assignment 
or function call and instead saw an 
expression.  
@typescript-eslint/no-unused-expressions
24:24757  Warning: Expected an assignment 
or function call and instead saw an 
expression.  
@typescript-eslint/no-unused-expressions
24:24802  Warning: Expected an assignment 
or function call and instead saw an 
expression.  
@typescript-eslint/no-unused-expressions
24:24978  Warning: Expected an assignment 
or function call and instead saw an 
expression.  
@typescript-eslint/no-unused-expressions
24:25252  Warning: Expected an assignment 
or function call and instead saw an 
expression.  
@typescript-eslint/no-unused-expressions
24:25512  Warning: Expected an assignment 
or function call and instead saw an 
expression.  
@typescript-eslint/no-unused-expressions
24:25946  Warning: Expected an assignment 
or function call and instead saw an 
expression.  
@typescript-eslint/no-unused-expressions
24:25986  Warning: Expected an assignment 
or function call and instead saw an 
expression.  
@typescript-eslint/no-unused-expressions
24:26426  Warning: Expected an assignment 
or function call and instead saw an 
expression.  
@typescript-eslint/no-unused-expressions
24:26569  Warning: Expected an assignment 
or function call and instead saw an 
expression.  
@typescript-eslint/no-unused-expressions
24:26999  Warning: Expected an assignment 
or function call and instead saw an 
expression.  
@typescript-eslint/no-unused-expressions
24:27052  Warning: Expected an assignment 
or function call and instead saw an 
expression.  
@typescript-eslint/no-unused-expressions
24:27157  Warning: Expected an assignment 
or function call and instead saw an 
expression.  
@typescript-eslint/no-unused-expressions
24:27390  Warning: Expected an assignment 
or function call and instead saw an 
expression.  
@typescript-eslint/no-unused-expressions
24:27912  Warning: Expected an assignment 
or function call and instead saw an 
expression.  
@typescript-eslint/no-unused-expressions
24:28030  Warning: Expected an assignment 
or function call and instead saw an 
expression.  
@typescript-eslint/no-unused-expressions
24:28379  Warning: Expected an assignment 
or function call and instead saw an 
expression.  
@typescript-eslint/no-unused-expressions
24:28395  Warning: 'u' is assigned a value 
but never used.  
@typescript-eslint/no-unused-vars
24:29390  Warning: Expected an assignment 
or function call and instead saw an 
expression.  
@typescript-eslint/no-unused-expressions
24:29768  Warning: Expected an assignment 
or function call and instead saw an 
expression.  
@typescript-eslint/no-unused-expressions
24:30268  Warning: Expected an assignment 
or function call and instead saw an 
expression.  
@typescript-eslint/no-unused-expressions
24:31586  Error: Unexpected aliasing of 
'this' to local variable.  
@typescript-eslint/no-this-alias
24:31656  Warning: Expected an assignment 
or function call and instead saw an 
expression.  
@typescript-eslint/no-unused-expressions
24:31834  Warning: Expected an assignment 
or function call and instead saw an 
expression.  
@typescript-eslint/no-unused-expressions
24:31941  Warning: Expected an assignment 
or function call and instead saw an 
expression.  
@typescript-eslint/no-unused-expressions
24:32047  Warning: Expected an assignment 
or function call and instead saw an 
expression.  
@typescript-eslint/no-unused-expressions
24:33065  Warning: Expected an assignment 
or function call and instead saw an 
expression.  
@typescript-eslint/no-unused-expressions
24:33362  Warning: Expected an assignment 
or function call and instead saw an 
expression.  
@typescript-eslint/no-unused-expressions
24:34098  Warning: Expected an assignment 
or function call and instead saw an 
expression.  
@typescript-eslint/no-unused-expressions
24:34242  Warning: Expected an assignment 
or function call and instead saw an 
expression.  
@typescript-eslint/no-unused-expressions
24:34505  Warning: Expected an assignment 
or function call and instead saw an 
expression.  
@typescript-eslint/no-unused-expressions
24:34584  Warning: Expected an assignment 
or function call and instead saw an 
expression.  
@typescript-eslint/no-unused-expressions
24:36177  Error: A `require()` style 
import is forbidden.  
@typescript-eslint/no-require-imports
24:36991  Warning: Expected an assignment 
or function call and instead saw an 
expression.  
@typescript-eslint/no-unused-expressions
24:37018  Warning: Expected an assignment 
or function call and instead saw an 
expression.  
@typescript-eslint/no-unused-expressions
24:37414  Warning: Expected an assignment 
or function call and instead saw an 
expression.  
@typescript-eslint/no-unused-expressions
24:37447  Warning: Expected an assignment 
or function call and instead saw an 
expression.  
@typescript-eslint/no-unused-expressions
24:37547  Warning: Expected an assignment 
or function call and instead saw an 
expression.  
@typescript-eslint/no-unused-expressions
24:37717  Warning: Expected an assignment 
or function call and instead saw an 
expression.  
@typescript-eslint/no-unused-expressions
24:38737  Warning: Expected an assignment 
or function call and instead saw an 
expression.  
@typescript-eslint/no-unused-expressions
24:38799  Warning: Expected an assignment 
or function call and instead saw an 
expression.  
@typescript-eslint/no-unused-expressions
24:38901  Warning: Expected an assignment 
or function call and instead saw an 
expression.  
@typescript-eslint/no-unused-expressions
24:39017  Warning: Expected an assignment 
or function call and instead saw an 
expression.  
@typescript-eslint/no-unused-expressions
24:39381  Warning: Expected an assignment 
or function call and instead saw an 
expression.  
@typescript-eslint/no-unused-expressions
24:42759  Warning: Expected an assignment 
or function call and instead saw an 
expression.  
@typescript-eslint/no-unused-expressions
24:43492  Warning: Expected an assignment 
or function call and instead saw an 
expression.  
@typescript-eslint/no-unused-expressions
24:44131  Warning: Expected an assignment 
or function call and instead saw an 
expression.  
@typescript-eslint/no-unused-expressions
28:747  Warning: Expected an assignment or 
function call and instead saw an 
expression.  
@typescript-eslint/no-unused-expressions
28:1080  Warning: Expected an assignment 
or function call and instead saw an 
expression.  
@typescript-eslint/no-unused-expressions
28:1874  Warning: Expected an assignment 
or function call and instead saw an 
expression.  
@typescript-eslint/no-unused-expressions
28:1946  Warning: Expected an assignment 
or function call and instead saw an 
expression.  
@typescript-eslint/no-unused-expressions
29:276  Warning: Expected an assignment or 
function call and instead saw an 
expression.  
@typescript-eslint/no-unused-expressions
29:577  Warning: Expected an assignment or 
function call and instead saw an 
expression.  
@typescript-eslint/no-unused-expressions
29:1340  Warning: Expected an assignment 
or function call and instead saw an 
expression.  
@typescript-eslint/no-unused-expressions
29:1837  Warning: Expected an assignment 
or function call and instead saw an 
expression.  
@typescript-eslint/no-unused-expressions
29:1937  Warning: Expected an assignment 
or function call and instead saw an 
expression.  
@typescript-eslint/no-unused-expressions
30:662  Warning: Expected an assignment or 
function call and instead saw an 
expression.  
@typescript-eslint/no-unused-expressions
30:1231  Warning: Expected an assignment 
or function call and instead saw an 
expression.  
@typescript-eslint/no-unused-expressions
30:1344  Warning: Expected an assignment 
or function call and instead saw an 
expression.  
@typescript-eslint/no-unused-expressions
30:2257  Error: Unexpected aliasing of 
'this' to local variable.  
@typescript-eslint/no-this-alias
30:3159  Warning: Expected an assignment 
or function call and instead saw an 
expression.  
@typescript-eslint/no-unused-expressions
30:3253  Warning: Expected an assignment 
or function call and instead saw an 
expression.  
@typescript-eslint/no-unused-expressions
30:3598  Warning: Expected an assignment 
or function call and instead saw an 
expression.  
@typescript-eslint/no-unused-expressions
30:4727  Warning: Expected an assignment 
or function call and instead saw an 
expression.  
@typescript-eslint/no-unused-expressions
30:5153  Warning: Expected an assignment 
or function call and instead saw an 
expression.  
@typescript-eslint/no-unused-expressions
31:807  Warning: Expected an assignment or 
function call and instead saw an 
expression.  
@typescript-eslint/no-unused-expressions
31:1129  Warning: Expected an assignment 
or function call and instead saw an 
expression.  
@typescript-eslint/no-unused-expressions
31:1412  Warning: Expected an assignment 
or function call and instead saw an 
expression.  
@typescript-eslint/no-unused-expressions
31:2157  Warning: Expected an assignment 
or function call and instead saw an 
expression.  
@typescript-eslint/no-unused-expressions
31:2426  Warning: Expected an assignment 
or function call and instead saw an 
expression.  
@typescript-eslint/no-unused-expressions
31:2741  Warning: Expected an assignment 
or function call and instead saw an 
expression.  
@typescript-eslint/no-unused-expressions
31:4062  Warning: Expected an assignment 
or function call and instead saw an 
expression.  
@typescript-eslint/no-unused-expressions
31:4411  Warning: Expected an assignment 
or function call and instead saw an 
expression.  
@typescript-eslint/no-unused-expressions
31:4899  Warning: Expected an assignment 
or function call and instead saw an 
expression.  
@typescript-eslint/no-unused-expressions
31:5293  Warning: Expected an assignment 
or function call and instead saw an 
expression.  
@typescript-eslint/no-unused-expressions
31:5947  Warning: Expected an assignment 
or function call and instead saw an 
expression.  
@typescript-eslint/no-unused-expressions
31:6581  Warning: Expected an assignment 
or function call and instead saw an 
expression.  
@typescript-eslint/no-unused-expressions
31:6679  Warning: Expected an assignment 
or function call and instead saw an 
expression.  
@typescript-eslint/no-unused-expressions
31:6792  Warning: Expected an assignment 
or function call and instead saw an 
expression.  
@typescript-eslint/no-unused-expressions
31:6899  Warning: Expected an assignment 
or function call and instead saw an 
expression.  
@typescript-eslint/no-unused-expressions
31:7555  Warning: Expected an assignment 
or function call and instead saw an 
expression.  
@typescript-eslint/no-unused-expressions
31:8024  Warning: Expected an assignment 
or function call and instead saw an 
expression.  
@typescript-eslint/no-unused-expressions
31:8128  Warning: Expected an assignment 
or function call and instead saw an 
expression.  
@typescript-eslint/no-unused-expressions
31:8435  Warning: Expected an assignment 
or function call and instead saw an 
expression.  
@typescript-eslint/no-unused-expressions
31:9226  Warning: Expected an assignment 
or function call and instead saw an 
expression.  
@typescript-eslint/no-unused-expressions
32:6908  Warning: Expected an assignment 
or function call and instead saw an 
expression.  
@typescript-eslint/no-unused-expressions
32:7173  Warning: Expected an assignment 
or function call and instead saw an 
expression.  
@typescript-eslint/no-unused-expressions
32:8717  Warning: Expected an assignment 
or function call and instead saw an 
expression.  
@typescript-eslint/no-unused-expressions
32:9643  Warning: Expected an assignment 
or function call and instead saw an 
expression.  
@typescript-eslint/no-unused-expressions
32:9855  Warning: Expected an assignment 
or function call and instead saw an 
expression.  
@typescript-eslint/no-unused-expressions
32:12659  Warning: Expected an assignment 
or function call and instead saw an 
expression.  
@typescript-eslint/no-unused-expressions
32:12912  Error: A `require()` style 
import is forbidden.  
@typescript-eslint/no-require-imports
32:12943  Error: A `require()` style 
import is forbidden.  
@typescript-eslint/no-require-imports
32:12971  Error: A `require()` style 
import is forbidden.  
@typescript-eslint/no-require-imports
32:12996  Error: A `require()` style 
import is forbidden.  
@typescript-eslint/no-require-imports
32:13275  Warning: Expected an assignment 
or function call and instead saw an 
expression.  
@typescript-eslint/no-unused-expressions
32:13480  Warning: Expected an assignment 
or function call and instead saw an 
expression.  
@typescript-eslint/no-unused-expressions
32:13564  Warning: Expected an assignment 
or function call and instead saw an 
expression.  
@typescript-eslint/no-unused-expressions
34:3360  Warning: Expected an assignment 
or function call and instead saw an 
expression.  
@typescript-eslint/no-unused-expressions
34:3402  Warning: Expected an assignment 
or function call and instead saw an 
expression.  
@typescript-eslint/no-unused-expressions
34:6997  Warning: Expected an assignment 
or function call and instead saw an 
expression.  
@typescript-eslint/no-unused-expressions
34:7088  Warning: Expected an assignment 
or function call and instead saw an 
expression.  
@typescript-eslint/no-unused-expressions
34:7114  Warning: Expected an assignment 
or function call and instead saw an 
expression.  
@typescript-eslint/no-unused-expressions
34:9111  Warning: Expected an assignment 
or function call and instead saw an 
expression.  
@typescript-eslint/no-unused-expressions
36:1046  Error: A `require()` style import 
is forbidden.  
@typescript-eslint/no-require-imports
36:1071  Error: A `require()` style import 
is forbidden.  
@typescript-eslint/no-require-imports
67:1046  Warning: Expected an assignment 
or function call and instead saw an 
expression.  
@typescript-eslint/no-unused-expressions
113:1163  Warning: Expected an assignment 
or function call and instead saw an 
expression.  
@typescript-eslint/no-unused-expressions
113:1324  Warning: Expected an assignment 
or function call and instead saw an 
expression.  
@typescript-eslint/no-unused-expressions
113:2509  Warning: Expected an assignment 
or function call and instead saw an 
expression.  
@typescript-eslint/no-unused-expressions
113:2823  Warning: Expected an assignment 
or function call and instead saw an 
expression.  
@typescript-eslint/no-unused-expressions
113:3571  Warning: Expected an assignment 
or function call and instead saw an 
expression.  
@typescript-eslint/no-unused-expressions
113:4021  Warning: Expected an assignment 
or function call and instead saw an 
expression.  
@typescript-eslint/no-unused-expressions
113:4174  Warning: Expected an assignment 
or function call and instead saw an 
expression.  
@typescript-eslint/no-unused-expressions
113:4363  Warning: Expected an assignment 
or function call and instead saw an 
expression.  
@typescript-eslint/no-unused-expressions
113:5362  Warning: Expected an assignment 
or function call and instead saw an 
expression.  
@typescript-eslint/no-unused-expressions
113:8538  Warning: Expected an assignment 
or function call and instead saw an 
expression.  
@typescript-eslint/no-unused-expressions
114:1746  Warning: Expected an assignment 
or function call and instead saw an 
expression.  
@typescript-eslint/no-unused-expressions
114:2122  Warning: Expected an assignment 
or function call and instead saw an 
expression.  
@typescript-eslint/no-unused-expressions
114:2246  Warning: Expected an assignment 
or function call and instead saw an 
expression.  
@typescript-eslint/no-unused-expressions
114:2639  Warning: Expected an assignment 
or function call and instead saw an 
expression.  
@typescript-eslint/no-unused-expressions
114:3073  Warning: Expected an assignment 
or function call and instead saw an 
expression.  
@typescript-eslint/no-unused-expressions
114:3640  Warning: Expected an assignment 
or function call and instead saw an 
expression.  
@typescript-eslint/no-unused-expressions
114:4916  Warning: Expected an assignment 
or function call and instead saw an 
expression.  
@typescript-eslint/no-unused-expressions
114:5781  Warning: Expected an assignment 
or function call and instead saw an 
expression.  
@typescript-eslint/no-unused-expressions
114:6159  Warning: Expected an assignment 
or function call and instead saw an 
expression.  
@typescript-eslint/no-unused-expressions
114:7481  Error: A `require()` style 
import is forbidden.  
@typescript-eslint/no-require-imports
114:7506  Error: A `require()` style 
import is forbidden.  
@typescript-eslint/no-require-imports
114:8427  Warning: Expected an assignment 
or function call and instead saw an 
expression.  
@typescript-eslint/no-unused-expressions
114:9611  Warning: Expected an assignment 
or function call and instead saw an 
expression.  
@typescript-eslint/no-unused-expressions
114:10003  Warning: Expected an assignment 
or function call and instead saw an 
expression.  
@typescript-eslint/no-unused-expressions
114:11247  Warning: Expected an assignment 
or function call and instead saw an 
expression.  
@typescript-eslint/no-unused-expressions
114:11810  Warning: Expected an assignment 
or function call and instead saw an 
expression.  
@typescript-eslint/no-unused-expressions
115:405  Warning: Expected an assignment 
or function call and instead saw an 
expression.  
@typescript-eslint/no-unused-expressions
115:580  Warning: Expected an assignment 
or function call and instead saw an 
expression.  
@typescript-eslint/no-unused-expressions
115:696  Warning: Expected an assignment 
or function call and instead saw an 
expression.  
@typescript-eslint/no-unused-expressions
115:1269  Warning: Expected an assignment 
or function call and instead saw an 
expression.  
@typescript-eslint/no-unused-expressions
115:2496  Warning: Expected an assignment 
or function call and instead saw an 
expression.  
@typescript-eslint/no-unused-expressions
115:3225  Warning: Expected an assignment 
or function call and instead saw an 
expression.  
@typescript-eslint/no-unused-expressions
115:3319  Warning: Expected an assignment 
or function call and instead saw an 
expression.  
@typescript-eslint/no-unused-expressions
115:3436  Warning: Expected an assignment 
or function call and instead saw an 
expression.  
@typescript-eslint/no-unused-expressions
115:4229  Warning: Expected an assignment 
or function call and instead saw an 
expression.  
@typescript-eslint/no-unused-expressions
116:197  Warning: Expected an assignment 
or function call and instead saw an 
expression.  
@typescript-eslint/no-unused-expressions
117:88  Warning: Expected an assignment or 
function call and instead saw an 
expression.  
@typescript-eslint/no-unused-expressions
117:236  Warning: Expected an assignment 
or function call and instead saw an 
expression.  
@typescript-eslint/no-unused-expressions
117:1543  Warning: 'l' is assigned a value 
but never used.  
@typescript-eslint/no-unused-vars
117:1558  Warning: 'u' is assigned a value 
but never used.  
@typescript-eslint/no-unused-vars
117:1573  Warning: 'c' is assigned a value 
but never used.  
@typescript-eslint/no-unused-vars
124:72  Warning: Expected an assignment or 
function call and instead saw an 
expression.  
@typescript-eslint/no-unused-expressions
124:171  Warning: Expected an assignment 
or function call and instead saw an 
expression.  
@typescript-eslint/no-unused-expressions
124:264  Warning: Expected an assignment 
or function call and instead saw an 
expression.  
@typescript-eslint/no-unused-expressions
124:380  Warning: Expected an assignment 
or function call and instead saw an 
expression.  
@typescript-eslint/no-unused-expressions
124:463  Warning: Expected an assignment 
or function call and instead saw an 
expression.  
@typescript-eslint/no-unused-expressions
124:3374  Warning: Expected an assignment 
or function call and instead saw an 
expression.  
@typescript-eslint/no-unused-expressions
124:3592  Warning: Expected an assignment 
or function call and instead saw an 
expression.  
@typescript-eslint/no-unused-expressions
124:3677  Warning: Expected an assignment 
or function call and instead saw an 
expression.  
@typescript-eslint/no-unused-expressions
124:3980  Warning: Expected an assignment 
or function call and instead saw an 
expression.  
@typescript-eslint/no-unused-expressions
124:5121  Warning: Expected an assignment 
or function call and instead saw an 
expression.  
@typescript-eslint/no-unused-expressions
124:8708  Warning: Expected an assignment 
or function call and instead saw an 
expression.  
@typescript-eslint/no-unused-expressions
129:1875  Warning: Expected an assignment 
or function call and instead saw an 
expression.  
@typescript-eslint/no-unused-expressions
129:3177  Warning: Expected an assignment 
or function call and instead saw an 
expression.  
@typescript-eslint/no-unused-expressions
129:3310  Warning: Expected an assignment 
or function call and instead saw an 
expression.  
@typescript-eslint/no-unused-expressions
129:3496  Warning: Expected an assignment 
or function call and instead saw an 
expression.  
@typescript-eslint/no-unused-expressions
129:3695  Warning: Expected an assignment 
or function call and instead saw an 
expression.  
@typescript-eslint/no-unused-expressions
133:131  Warning: Expected an assignment 
or function call and instead saw an 
expression.  
@typescript-eslint/no-unused-expressions
133:180  Warning: Expected an assignment 
or function call and instead saw an 
expression.  
@typescript-eslint/no-unused-expressions
133:237  Warning: Expected an assignment 
or function call and instead saw an 
expression.  
@typescript-eslint/no-unused-expressions
133:276  Warning: Expected an assignment 
or function call and instead saw an 
expression.  
@typescript-eslint/no-unused-expressions
133:348  Warning: Expected an assignment 
or function call and instead saw an 
expression.  
@typescript-eslint/no-unused-expressions
133:883  Warning: Expected an assignment 
or function call and instead saw an 
expression.  
@typescript-eslint/no-unused-expressions
133:987  Warning: Expected an assignment 
or function call and instead saw an 
expression.  
@typescript-eslint/no-unused-expressions
133:2108  Warning: Expected an assignment 
or function call and instead saw an 
expression.  
@typescript-eslint/no-unused-expressions
133:2188  Warning: Expected an assignment 
or function call and instead saw an 
expression.  
@typescript-eslint/no-unused-expressions
133:4056  Warning: Expected an assignment 
or function call and instead saw an 
expression.  
@typescript-eslint/no-unused-expressions
133:8118  Warning: Expected an assignment 
or function call and instead saw an 
expression.  
@typescript-eslint/no-unused-expressions
133:8487  Warning: Expected an assignment 
or function call and instead saw an 
expression.  
@typescript-eslint/no-unused-expressions
133:9447  Warning: Expected an assignment 
or function call and instead saw an 
expression.  
@typescript-eslint/no-unused-expressions
134:999  Warning: Expected an assignment 
or function call and instead saw an 
expression.  
@typescript-eslint/no-unused-expressions

./src/generated/prisma/runtime/react-native
.js
4:441  Warning: Expected an assignment or 
function call and instead saw an 
expression.  
@typescript-eslint/no-unused-expressions
4:693  Warning: 'x' is assigned a value 
but never used.  
@typescript-eslint/no-unused-vars
4:718  Warning: Expected an assignment or 
function call and instead saw an 
expression.  
@typescript-eslint/no-unused-expressions
4:854  Warning: 'P' is assigned a value 
but never used.  
@typescript-eslint/no-unused-vars
4:1252  Warning: Expected an assignment or 
function call and instead saw an 
expression.  
@typescript-eslint/no-unused-expressions
4:1452  Warning: Expected an assignment or 
function call and instead saw an 
expression.  
@typescript-eslint/no-unused-expressions
4:1491  Warning: Expected an assignment or 
function call and instead saw an 
expression.  
@typescript-eslint/no-unused-expressions
4:1634  Warning: Expected an assignment or 
function call and instead saw an 
expression.  
@typescript-eslint/no-unused-expressions
4:1867  Warning: Expected an assignment or 
function call and instead saw an 
expression.  
@typescript-eslint/no-unused-expressions
4:2308  Warning: Expected an assignment or 
function call and instead saw an 
expression.  
@typescript-eslint/no-unused-expressions
4:2645  Warning: Expected an assignment or 
function call and instead saw an 
expression.  
@typescript-eslint/no-unused-expressions
4:2923  Warning: Expected an assignment or 
function call and instead saw an 
expression.  
@typescript-eslint/no-unused-expressions
4:3759  Warning: Expected an assignment or 
function call and instead saw an 
expression.  
@typescript-eslint/no-unused-expressions
4:7879  Warning: Expected an assignment or 
function call and instead saw an 
expression.  
@typescript-eslint/no-unused-expressions
4:8432  Warning: Expected an assignment or 
function call and instead saw an 
expression.  
@typescript-eslint/no-unused-expressions
4:9267  Warning: Expected an assignment or 
function call and instead saw an 
expression.  
@typescript-eslint/no-unused-expressions
4:9809  Warning: Expected an assignment or 
function call and instead saw an 
expression.  
@typescript-eslint/no-unused-expressions
4:9893  Warning: Expected an assignment or 
function call and instead saw an 
expression.  
@typescript-eslint/no-unused-expressions
4:10230  Warning: Expected an assignment 
or function call and instead saw an 
expression.  
@typescript-eslint/no-unused-expressions
4:10421  Warning: Expected an assignment 
or function call and instead saw an 
expression.  
@typescript-eslint/no-unused-expressions
4:10989  Warning: Expected an assignment 
or function call and instead saw an 
expression.  
@typescript-eslint/no-unused-expressions
4:11636  Warning: Expected an assignment 
or function call and instead saw an 
expression.  
@typescript-eslint/no-unused-expressions
4:12468  Warning: Expected an assignment 
or function call and instead saw an 
expression.  
@typescript-eslint/no-unused-expressions
4:12652  Warning: Expected an assignment 
or function call and instead saw an 
expression.  
@typescript-eslint/no-unused-expressions
4:13048  Warning: Expected an assignment 
or function call and instead saw an 
expression.  
@typescript-eslint/no-unused-expressions
4:13094  Warning: Expected an assignment 
or function call and instead saw an 
expression.  
@typescript-eslint/no-unused-expressions
4:13451  Warning: Expected an assignment 
or function call and instead saw an 
expression.  
@typescript-eslint/no-unused-expressions
4:13517  Warning: Expected an assignment 
or function call and instead saw an 
expression.  
@typescript-eslint/no-unused-expressions
4:13559  Warning: Expected an assignment 
or function call and instead saw an 
expression.  
@typescript-eslint/no-unused-expressions
4:13872  Warning: Expected an assignment 
or function call and instead saw an 
expression.  
@typescript-eslint/no-unused-expressions
4:14215  Warning: Expected an assignment 
or function call and instead saw an 
expression.  
@typescript-eslint/no-unused-expressions
4:14598  Warning: Expected an assignment 
or function call and instead saw an 
expression.  
@typescript-eslint/no-unused-expressions
4:14624  Warning: Expected an assignment 
or function call and instead saw an 
expression.  
@typescript-eslint/no-unused-expressions
4:14693  Warning: Expected an assignment 
or function call and instead saw an 
expression.  
@typescript-eslint/no-unused-expressions
4:14818  Warning: Expected an assignment 
or function call and instead saw an 
expression.  
@typescript-eslint/no-unused-expressions
4:14958  Warning: Expected an assignment 
or function call and instead saw an 
expression.  
@typescript-eslint/no-unused-expressions
4:15506  Warning: Expected an assignment 
or function call and instead saw an 
expression.  
@typescript-eslint/no-unused-expressions
4:15767  Warning: Expected an assignment 
or function call and instead saw an 
expression.  
@typescript-eslint/no-unused-expressions
4:16151  Warning: Expected an assignment 
or function call and instead saw an 
expression.  
@typescript-eslint/no-unused-expressions
4:16320  Warning: Expected an assignment 
or function call and instead saw an 
expression.  
@typescript-eslint/no-unused-expressions
4:17136  Warning: Expected an assignment 
or function call and instead saw an 
expression.  
@typescript-eslint/no-unused-expressions
4:17185  Warning: Expected an assignment 
or function call and instead saw an 
expression.  
@typescript-eslint/no-unused-expressions
4:17423  Warning: Expected an assignment 
or function call and instead saw an 
expression.  
@typescript-eslint/no-unused-expressions
4:17472  Warning: Expected an assignment 
or function call and instead saw an 
expression.  
@typescript-eslint/no-unused-expressions
4:17704  Warning: Expected an assignment 
or function call and instead saw an 
expression.  
@typescript-eslint/no-unused-expressions
4:17883  Warning: Expected an assignment 
or function call and instead saw an 
expression.  
@typescript-eslint/no-unused-expressions
4:18178  Warning: Expected an assignment 
or function call and instead saw an 
expression.  
@typescript-eslint/no-unused-expressions
4:18304  Warning: Expected an assignment 
or function call and instead saw an 
expression.  
@typescript-eslint/no-unused-expressions
4:18684  Warning: Expected an assignment 
or function call and instead saw an 
expression.  
@typescript-eslint/no-unused-expressions
4:18733  Warning: Expected an assignment 
or function call and instead saw an 
expression.  
@typescript-eslint/no-unused-expressions
4:18965  Warning: Expected an assignment 
or function call and instead saw an 
expression.  
@typescript-eslint/no-unused-expressions
4:19014  Warning: Expected an assignment 
or function call and instead saw an 
expression.  
@typescript-eslint/no-unused-expressions
4:21151  Warning: Expected an assignment 
or function call and instead saw an 
expression.  
@typescript-eslint/no-unused-expressions
4:21395  Warning: Expected an assignment 
or function call and instead saw an 
expression.  
@typescript-eslint/no-unused-expressions
4:21941  Warning: Expected an assignment 
or function call and instead saw an 
expression.  
@typescript-eslint/no-unused-expressions
4:22176  Warning: Expected an assignment 
or function call and instead saw an 
expression.  
@typescript-eslint/no-unused-expressions
4:23265  Warning: 'i' is defined but never 
used.  @typescript-eslint/no-unused-vars
4:23267  Warning: 'o' is defined but never 
used.  @typescript-eslint/no-unused-vars
4:24325  Warning: Expected an assignment 
or function call and instead saw an 
expression.  
@typescript-eslint/no-unused-expressions
4:24894  Warning: Expected an assignment 
or function call and instead saw an 
expression.  
@typescript-eslint/no-unused-expressions
4:24941  Warning: Expected an assignment 
or function call and instead saw an 
expression.  
@typescript-eslint/no-unused-expressions
4:25103  Warning: Expected an assignment 
or function call and instead saw an 
expression.  
@typescript-eslint/no-unused-expressions
4:25450  Warning: Expected an assignment 
or function call and instead saw an 
expression.  
@typescript-eslint/no-unused-expressions
4:26521  Warning: Expected an assignment 
or function call and instead saw an 
expression.  
@typescript-eslint/no-unused-expressions
4:27454  Warning: Expected an assignment 
or function call and instead saw an 
expression.  
@typescript-eslint/no-unused-expressions
4:27511  Warning: Expected an assignment 
or function call and instead saw an 
expression.  
@typescript-eslint/no-unused-expressions
4:27576  Warning: Expected an assignment 
or function call and instead saw an 
expression.  
@typescript-eslint/no-unused-expressions
4:27655  Warning: Expected an assignment 
or function call and instead saw an 
expression.  
@typescript-eslint/no-unused-expressions
4:28169  Warning: Expected an assignment 
or function call and instead saw an 
expression.  
@typescript-eslint/no-unused-expressions
4:29433  Warning: Expected an assignment 
or function call and instead saw an 
expression.  
@typescript-eslint/no-unused-expressions
4:30047  Warning: Expected an assignment 
or function call and instead saw an 
expression.  
@typescript-eslint/no-unused-expressions
4:30188  Warning: Expected an assignment 
or function call and instead saw an 
expression.  
@typescript-eslint/no-unused-expressions
4:30202  Warning: Expected an assignment 
or function call and instead saw an 
expression.  
@typescript-eslint/no-unused-expressions
4:34749  Warning: Expected an assignment 
or function call and instead saw an 
expression.  
@typescript-eslint/no-unused-expressions
4:34831  Warning: Expected an assignment 
or function call and instead saw an 
expression.  
@typescript-eslint/no-unused-expressions
4:34981  Warning: Expected an assignment 
or function call and instead saw an 
expression.  
@typescript-eslint/no-unused-expressions
4:35173  Warning: Expected an assignment 
or function call and instead saw an 
expression.  
@typescript-eslint/no-unused-expressions
4:35329  Warning: Expected an assignment 
or function call and instead saw an 
expression.  
@typescript-eslint/no-unused-expressions
4:37272  Warning: 'e' is defined but never 
used.  @typescript-eslint/no-unused-vars
4:37760  Warning: Expected an assignment 
or function call and instead saw an 
expression.  
@typescript-eslint/no-unused-expressions
4:38681  Warning: Expected an assignment 
or function call and instead saw an 
expression.  
@typescript-eslint/no-unused-expressions
4:39458  Warning: Expected an assignment 
or function call and instead saw an 
expression.  
@typescript-eslint/no-unused-expressions
5:3330  Warning: Expected an assignment or 
function call and instead saw an 
expression.  
@typescript-eslint/no-unused-expressions
5:4178  Warning: Expected an assignment or 
function call and instead saw an 
expression.  
@typescript-eslint/no-unused-expressions
5:4355  Warning: Expected an assignment or 
function call and instead saw an 
expression.  
@typescript-eslint/no-unused-expressions
5:4471  Warning: Expected an assignment or 
function call and instead saw an 
expression.  
@typescript-eslint/no-unused-expressions
5:4849  Warning: Expected an assignment or 
function call and instead saw an 
expression.  
@typescript-eslint/no-unused-expressions
5:5210  Warning: Expected an assignment or 
function call and instead saw an 
expression.  
@typescript-eslint/no-unused-expressions
5:5505  Warning: Expected an assignment or 
function call and instead saw an 
expression.  
@typescript-eslint/no-unused-expressions
5:5898  Warning: Expected an assignment or 
function call and instead saw an 
expression.  
@typescript-eslint/no-unused-expressions
5:9760  Error: Unexpected aliasing of 
'this' to local variable.  
@typescript-eslint/no-this-alias
5:9956  Error: Unexpected aliasing of 
'this' to local variable.  
@typescript-eslint/no-this-alias
5:10312  Error: Unexpected aliasing of 
'this' to local variable.  
@typescript-eslint/no-this-alias
5:10582  Error: Unexpected aliasing of 
'this' to local variable.  
@typescript-eslint/no-this-alias
5:11168  Warning: Expected an assignment 
or function call and instead saw an 
expression.  
@typescript-eslint/no-unused-expressions
5:11182  Warning: Expected an assignment 
or function call and instead saw an 
expression.  
@typescript-eslint/no-unused-expressions
5:11430  Warning: Expected an assignment 
or function call and instead saw an 
expression.  
@typescript-eslint/no-unused-expressions
5:11569  Error: Unexpected aliasing of 
'this' to local variable.  
@typescript-eslint/no-this-alias
5:11947  Error: Unexpected aliasing of 
'this' to local variable.  
@typescript-eslint/no-this-alias
5:12047  Warning: Expected an assignment 
or function call and instead saw an 
expression.  
@typescript-eslint/no-unused-expressions
5:12289  Warning: Expected an assignment 
or function call and instead saw an 
expression.  
@typescript-eslint/no-unused-expressions
5:12432  Error: Unexpected aliasing of 
'this' to local variable.  
@typescript-eslint/no-this-alias
5:12619  Warning: Expected an assignment 
or function call and instead saw an 
expression.  
@typescript-eslint/no-unused-expressions
5:12740  Warning: Expected an assignment 
or function call and instead saw an 
expression.  
@typescript-eslint/no-unused-expressions
5:12893  Error: Unexpected aliasing of 
'this' to local variable.  
@typescript-eslint/no-this-alias
5:13112  Error: Unexpected aliasing of 
'this' to local variable.  
@typescript-eslint/no-this-alias
5:13444  Error: Unexpected aliasing of 
'this' to local variable.  
@typescript-eslint/no-this-alias
5:13748  Error: Unexpected aliasing of 
'this' to local variable.  
@typescript-eslint/no-this-alias
5:14042  Error: Unexpected aliasing of 
'this' to local variable.  
@typescript-eslint/no-this-alias
5:14410  Error: Unexpected aliasing of 
'this' to local variable.  
@typescript-eslint/no-this-alias
5:14751  Error: Unexpected aliasing of 
'this' to local variable.  
@typescript-eslint/no-this-alias
5:15827  Error: Unexpected aliasing of 
'this' to local variable.  
@typescript-eslint/no-this-alias
5:15892  Warning: Expected an assignment 
or function call and instead saw an 
expression.  
@typescript-eslint/no-unused-expressions
5:16271  Warning: Expected an assignment 
or function call and instead saw an 
expression.  
@typescript-eslint/no-unused-expressions
5:16424  Error: Unexpected aliasing of 
'this' to local variable.  
@typescript-eslint/no-this-alias
5:17167  Warning: Expected an assignment 
or function call and instead saw an 
expression.  
@typescript-eslint/no-unused-expressions
5:17344  Error: Unexpected aliasing of 
'this' to local variable.  
@typescript-eslint/no-this-alias
5:17816  Error: Unexpected aliasing of 
'this' to local variable.  
@typescript-eslint/no-this-alias
5:18315  Warning: Expected an assignment 
or function call and instead saw an 
expression.  
@typescript-eslint/no-unused-expressions
5:18482  Error: Unexpected aliasing of 
'this' to local variable.  
@typescript-eslint/no-this-alias
5:18621  Error: Unexpected aliasing of 
'this' to local variable.  
@typescript-eslint/no-this-alias
5:18713  Error: Unexpected aliasing of 
'this' to local variable.  
@typescript-eslint/no-this-alias
5:18982  Error: Unexpected aliasing of 
'this' to local variable.  
@typescript-eslint/no-this-alias
5:19507  Warning: Expected an assignment 
or function call and instead saw an 
expression.  
@typescript-eslint/no-unused-expressions
5:19521  Warning: Expected an assignment 
or function call and instead saw an 
expression.  
@typescript-eslint/no-unused-expressions
5:19667  Error: Unexpected aliasing of 
'this' to local variable.  
@typescript-eslint/no-this-alias
5:19973  Error: Unexpected aliasing of 
'this' to local variable.  
@typescript-eslint/no-this-alias
5:20267  Warning: Expected an assignment 
or function call and instead saw an 
expression.  
@typescript-eslint/no-unused-expressions
5:20519  Error: Unexpected aliasing of 
'this' to local variable.  
@typescript-eslint/no-this-alias
5:20672  Error: Unexpected aliasing of 
'this' to local variable.  
@typescript-eslint/no-this-alias
5:20870  Error: Unexpected aliasing of 
'this' to local variable.  
@typescript-eslint/no-this-alias
5:21094  Error: Unexpected aliasing of 
'this' to local variable.  
@typescript-eslint/no-this-alias
5:21440  Warning: Expected an assignment 
or function call and instead saw an 
expression.  
@typescript-eslint/no-unused-expressions
5:21779  Error: Unexpected aliasing of 
'this' to local variable.  
@typescript-eslint/no-this-alias
5:21842  Warning: Expected an assignment 
or function call and instead saw an 
expression.  
@typescript-eslint/no-unused-expressions
5:22169  Error: Unexpected aliasing of 
'this' to local variable.  
@typescript-eslint/no-this-alias
5:22982  Error: Unexpected aliasing of 
'this' to local variable.  
@typescript-eslint/no-this-alias
5:23242  Error: Unexpected aliasing of 
'this' to local variable.  
@typescript-eslint/no-this-alias
5:23402  Error: Unexpected aliasing of 
'this' to local variable.  
@typescript-eslint/no-this-alias
5:23619  Error: Unexpected aliasing of 
'this' to local variable.  
@typescript-eslint/no-this-alias
5:23787  Warning: Expected an assignment 
or function call and instead saw an 
expression.  
@typescript-eslint/no-unused-expressions
5:23829  Warning: Expected an assignment 
or function call and instead saw an 
expression.  
@typescript-eslint/no-unused-expressions
5:24613  Warning: Expected an assignment 
or function call and instead saw an 
expression.  
@typescript-eslint/no-unused-expressions
5:24747  Warning: Expected an assignment 
or function call and instead saw an 
expression.  
@typescript-eslint/no-unused-expressions
5:25069  Warning: Expected an assignment 
or function call and instead saw an 
expression.  
@typescript-eslint/no-unused-expressions
5:25278  Warning: Expected an assignment 
or function call and instead saw an 
expression.  
@typescript-eslint/no-unused-expressions
5:25804  Warning: Expected an assignment 
or function call and instead saw an 
expression.  
@typescript-eslint/no-unused-expressions
5:25885  Warning: Expected an assignment 
or function call and instead saw an 
expression.  
@typescript-eslint/no-unused-expressions
5:26058  Warning: Expected an assignment 
or function call and instead saw an 
expression.  
@typescript-eslint/no-unused-expressions
5:26112  Warning: Expected an assignment 
or function call and instead saw an 
expression.  
@typescript-eslint/no-unused-expressions
5:26532  Warning: Expected an assignment 
or function call and instead saw an 
expression.  
@typescript-eslint/no-unused-expressions
5:26556  Warning: Expected an assignment 
or function call and instead saw an 
expression.  
@typescript-eslint/no-unused-expressions
5:26603  Warning: Expected an assignment 
or function call and instead saw an 
expression.  
@typescript-eslint/no-unused-expressions
5:26786  Warning: Expected an assignment 
or function call and instead saw an 
expression.  
@typescript-eslint/no-unused-expressions
5:26899  Warning: Expected an assignment 
or function call and instead saw an 
expression.  
@typescript-eslint/no-unused-expressions
5:26973  Warning: Expected an assignment 
or function call and instead saw an 
expression.  
@typescript-eslint/no-unused-expressions
5:27444  Warning: Expected an assignment 
or function call and instead saw an 
expression.  
@typescript-eslint/no-unused-expressions
5:27514  Warning: Expected an assignment 
or function call and instead saw an 
expression.  
@typescript-eslint/no-unused-expressions
5:28540  Warning: Expected an assignment 
or function call and instead saw an 
expression.  
@typescript-eslint/no-unused-expressions
5:28585  Warning: Expected an assignment 
or function call and instead saw an 
expression.  
@typescript-eslint/no-unused-expressions
5:28761  Warning: Expected an assignment 
or function call and instead saw an 
expression.  
@typescript-eslint/no-unused-expressions
5:29035  Warning: Expected an assignment 
or function call and instead saw an 
expression.  
@typescript-eslint/no-unused-expressions
5:29295  Warning: Expected an assignment 
or function call and instead saw an 
expression.  
@typescript-eslint/no-unused-expressions
5:29729  Warning: Expected an assignment 
or function call and instead saw an 
expression.  
@typescript-eslint/no-unused-expressions
5:29769  Warning: Expected an assignment 
or function call and instead saw an 
expression.  
@typescript-eslint/no-unused-expressions
5:30209  Warning: Expected an assignment 
or function call and instead saw an 
expression.  
@typescript-eslint/no-unused-expressions
5:30352  Warning: Expected an assignment 
or function call and instead saw an 
expression.  
@typescript-eslint/no-unused-expressions
5:30782  Warning: Expected an assignment 
or function call and instead saw an 
expression.  
@typescript-eslint/no-unused-expressions
5:30835  Warning: Expected an assignment 
or function call and instead saw an 
expression.  
@typescript-eslint/no-unused-expressions
5:30940  Warning: Expected an assignment 
or function call and instead saw an 
expression.  
@typescript-eslint/no-unused-expressions
5:31173  Warning: Expected an assignment 
or function call and instead saw an 
expression.  
@typescript-eslint/no-unused-expressions
5:31695  Warning: Expected an assignment 
or function call and instead saw an 
expression.  
@typescript-eslint/no-unused-expressions
5:31813  Warning: Expected an assignment 
or function call and instead saw an 
expression.  
@typescript-eslint/no-unused-expressions
5:32162  Warning: Expected an assignment 
or function call and instead saw an 
expression.  
@typescript-eslint/no-unused-expressions
5:32178  Warning: 'u' is assigned a value 
but never used.  
@typescript-eslint/no-unused-vars
5:33173  Warning: Expected an assignment 
or function call and instead saw an 
expression.  
@typescript-eslint/no-unused-expressions
5:33551  Warning: Expected an assignment 
or function call and instead saw an 
expression.  
@typescript-eslint/no-unused-expressions
5:34051  Warning: Expected an assignment 
or function call and instead saw an 
expression.  
@typescript-eslint/no-unused-expressions
5:35370  Error: Unexpected aliasing of 
'this' to local variable.  
@typescript-eslint/no-this-alias
5:35440  Warning: Expected an assignment 
or function call and instead saw an 
expression.  
@typescript-eslint/no-unused-expressions
5:35618  Warning: Expected an assignment 
or function call and instead saw an 
expression.  
@typescript-eslint/no-unused-expressions
5:35725  Warning: Expected an assignment 
or function call and instead saw an 
expression.  
@typescript-eslint/no-unused-expressions
5:35831  Warning: Expected an assignment 
or function call and instead saw an 
expression.  
@typescript-eslint/no-unused-expressions
5:36849  Warning: Expected an assignment 
or function call and instead saw an 
expression.  
@typescript-eslint/no-unused-expressions
5:37146  Warning: Expected an assignment 
or function call and instead saw an 
expression.  
@typescript-eslint/no-unused-expressions
5:37882  Warning: Expected an assignment 
or function call and instead saw an 
expression.  
@typescript-eslint/no-unused-expressions
5:38026  Warning: Expected an assignment 
or function call and instead saw an 
expression.  
@typescript-eslint/no-unused-expressions
5:38289  Warning: Expected an assignment 
or function call and instead saw an 
expression.  
@typescript-eslint/no-unused-expressions
5:38368  Warning: Expected an assignment 
or function call and instead saw an 
expression.  
@typescript-eslint/no-unused-expressions
5:40935  Warning: Expected an assignment 
or function call and instead saw an 
expression.  
@typescript-eslint/no-unused-expressions
5:40962  Warning: Expected an assignment 
or function call and instead saw an 
expression.  
@typescript-eslint/no-unused-expressions
5:41358  Warning: Expected an assignment 
or function call and instead saw an 
expression.  
@typescript-eslint/no-unused-expressions
5:41391  Warning: Expected an assignment 
or function call and instead saw an 
expression.  
@typescript-eslint/no-unused-expressions
5:41491  Warning: Expected an assignment 
or function call and instead saw an 
expression.  
@typescript-eslint/no-unused-expressions
5:41661  Warning: Expected an assignment 
or function call and instead saw an 
expression.  
@typescript-eslint/no-unused-expressions
5:42677  Warning: Expected an assignment 
or function call and instead saw an 
expression.  
@typescript-eslint/no-unused-expressions
5:42739  Warning: Expected an assignment 
or function call and instead saw an 
expression.  
@typescript-eslint/no-unused-expressions
5:42841  Warning: Expected an assignment 
or function call and instead saw an 
expression.  
@typescript-eslint/no-unused-expressions
5:42954  Warning: Expected an assignment 
or function call and instead saw an 
expression.  
@typescript-eslint/no-unused-expressions
5:43317  Warning: Expected an assignment 
or function call and instead saw an 
expression.  
@typescript-eslint/no-unused-expressions
5:46695  Warning: Expected an assignment 
or function call and instead saw an 
expression.  
@typescript-eslint/no-unused-expressions
5:47428  Warning: Expected an assignment 
or function call and instead saw an 
expression.  
@typescript-eslint/no-unused-expressions
5:48079  Warning: Expected an assignment 
or function call and instead saw an 
expression.  
@typescript-eslint/no-unused-expressions
9:743  Warning: Expected an assignment or 
function call and instead saw an 
expression.  
@typescript-eslint/no-unused-expressions
9:1076  Warning: Expected an assignment or 
function call and instead saw an 
expression.  
@typescript-eslint/no-unused-expressions
9:1870  Warning: Expected an assignment or 
function call and instead saw an 
expression.  
@typescript-eslint/no-unused-expressions
9:1942  Warning: Expected an assignment or 
function call and instead saw an 
expression.  
@typescript-eslint/no-unused-expressions
10:317  Warning: Expected an assignment or 
function call and instead saw an 
expression.  
@typescript-eslint/no-unused-expressions
10:618  Warning: Expected an assignment or 
function call and instead saw an 
expression.  
@typescript-eslint/no-unused-expressions
10:1401  Warning: Expected an assignment 
or function call and instead saw an 
expression.  
@typescript-eslint/no-unused-expressions
10:1958  Warning: Expected an assignment 
or function call and instead saw an 
expression.  
@typescript-eslint/no-unused-expressions
10:2058  Warning: Expected an assignment 
or function call and instead saw an 
expression.  
@typescript-eslint/no-unused-expressions
11:743  Warning: Expected an assignment or 
function call and instead saw an 
expression.  
@typescript-eslint/no-unused-expressions
11:1332  Warning: Expected an assignment 
or function call and instead saw an 
expression.  
@typescript-eslint/no-unused-expressions
11:1445  Warning: Expected an assignment 
or function call and instead saw an 
expression.  
@typescript-eslint/no-unused-expressions
11:2358  Error: Unexpected aliasing of 
'this' to local variable.  
@typescript-eslint/no-this-alias
11:3260  Warning: Expected an assignment 
or function call and instead saw an 
expression.  
@typescript-eslint/no-unused-expressions
11:3354  Warning: Expected an assignment 
or function call and instead saw an 
expression.  
@typescript-eslint/no-unused-expressions
11:3719  Warning: Expected an assignment 
or function call and instead saw an 
expression.  
@typescript-eslint/no-unused-expressions
11:4868  Warning: Expected an assignment 
or function call and instead saw an 
expression.  
@typescript-eslint/no-unused-expressions
11:5294  Warning: Expected an assignment 
or function call and instead saw an 
expression.  
@typescript-eslint/no-unused-expressions
12:807  Warning: Expected an assignment or 
function call and instead saw an 
expression.  
@typescript-eslint/no-unused-expressions
12:1129  Warning: Expected an assignment 
or function call and instead saw an 
expression.  
@typescript-eslint/no-unused-expressions
12:1412  Warning: Expected an assignment 
or function call and instead saw an 
expression.  
@typescript-eslint/no-unused-expressions
12:2157  Warning: Expected an assignment 
or function call and instead saw an 
expression.  
@typescript-eslint/no-unused-expressions
12:2426  Warning: Expected an assignment 
or function call and instead saw an 
expression.  
@typescript-eslint/no-unused-expressions
12:2741  Warning: Expected an assignment 
or function call and instead saw an 
expression.  
@typescript-eslint/no-unused-expressions
12:4062  Warning: Expected an assignment 
or function call and instead saw an 
expression.  
@typescript-eslint/no-unused-expressions
12:4411  Warning: Expected an assignment 
or function call and instead saw an 
expression.  
@typescript-eslint/no-unused-expressions
12:4899  Warning: Expected an assignment 
or function call and instead saw an 
expression.  
@typescript-eslint/no-unused-expressions
12:5293  Warning: Expected an assignment 
or function call and instead saw an 
expression.  
@typescript-eslint/no-unused-expressions
12:5947  Warning: Expected an assignment 
or function call and instead saw an 
expression.  
@typescript-eslint/no-unused-expressions
12:6581  Warning: Expected an assignment 
or function call and instead saw an 
expression.  
@typescript-eslint/no-unused-expressions
12:6679  Warning: Expected an assignment 
or function call and instead saw an 
expression.  
@typescript-eslint/no-unused-expressions
12:6792  Warning: Expected an assignment 
or function call and instead saw an 
expression.  
@typescript-eslint/no-unused-expressions
12:6899  Warning: Expected an assignment 
or function call and instead saw an 
expression.  
@typescript-eslint/no-unused-expressions
12:7555  Warning: Expected an assignment 
or function call and instead saw an 
expression.  
@typescript-eslint/no-unused-expressions
12:8024  Warning: Expected an assignment 
or function call and instead saw an 
expression.  
@typescript-eslint/no-unused-expressions
12:8168  Warning: Expected an assignment 
or function call and instead saw an 
expression.  
@typescript-eslint/no-unused-expressions
12:8495  Warning: Expected an assignment 
or function call and instead saw an 
expression.  
@typescript-eslint/no-unused-expressions
12:9306  Warning: Expected an assignment 
or function call and instead saw an 
expression.  
@typescript-eslint/no-unused-expressions
13:7031  Warning: Expected an assignment 
or function call and instead saw an 
expression.  
@typescript-eslint/no-unused-expressions
13:7296  Warning: Expected an assignment 
or function call and instead saw an 
expression.  
@typescript-eslint/no-unused-expressions
13:8842  Warning: Expected an assignment 
or function call and instead saw an 
expression.  
@typescript-eslint/no-unused-expressions
13:9768  Warning: Expected an assignment 
or function call and instead saw an 
expression.  
@typescript-eslint/no-unused-expressions
13:9980  Warning: Expected an assignment 
or function call and instead saw an 
expression.  
@typescript-eslint/no-unused-expressions
13:12845  Warning: Expected an assignment 
or function call and instead saw an 
expression.  
@typescript-eslint/no-unused-expressions
13:13424  Warning: Expected an assignment 
or function call and instead saw an 
expression.  
@typescript-eslint/no-unused-expressions
13:13629  Warning: Expected an assignment 
or function call and instead saw an 
expression.  
@typescript-eslint/no-unused-expressions
13:13713  Warning: Expected an assignment 
or function call and instead saw an 
expression.  
@typescript-eslint/no-unused-expressions
15:3460  Warning: Expected an assignment 
or function call and instead saw an 
expression.  
@typescript-eslint/no-unused-expressions
15:3502  Warning: Expected an assignment 
or function call and instead saw an 
expression.  
@typescript-eslint/no-unused-expressions
15:7217  Warning: Expected an assignment 
or function call and instead saw an 
expression.  
@typescript-eslint/no-unused-expressions
15:7308  Warning: Expected an assignment 
or function call and instead saw an 
expression.  
@typescript-eslint/no-unused-expressions
15:7334  Warning: Expected an assignment 
or function call and instead saw an 
expression.  
@typescript-eslint/no-unused-expressions
15:9411  Warning: Expected an assignment 
or function call and instead saw an 
expression.  
@typescript-eslint/no-unused-expressions
63:1337  Warning: 'n' is defined but never 
used.  @typescript-eslint/no-unused-vars
63:1884  Warning: 't' is defined but never 
used.  @typescript-eslint/no-unused-vars
63:2211  Warning: 't' is defined but never 
used.  @typescript-eslint/no-unused-vars
63:2888  Warning: 'Ak' is assigned a value 
but never used.  
@typescript-eslint/no-unused-vars
63:3364  Warning: 'r' is defined but never 
used.  @typescript-eslint/no-unused-vars
63:3367  Warning: Expected an assignment 
or function call and instead saw an 
expression.  
@typescript-eslint/no-unused-expressions
63:3706  Warning: Expected an assignment 
or function call and instead saw an 
expression.  
@typescript-eslint/no-unused-expressions
63:4617  Warning: Expected an assignment 
or function call and instead saw an 
expression.  
@typescript-eslint/no-unused-expressions
63:4936  Warning: Expected an assignment 
or function call and instead saw an 
expression.  
@typescript-eslint/no-unused-expressions
63:5500  Warning: Expected an assignment 
or function call and instead saw an 
expression.  
@typescript-eslint/no-unused-expressions
63:5966  Warning: Expected an assignment 
or function call and instead saw an 
expression.  
@typescript-eslint/no-unused-expressions
63:6135  Warning: Expected an assignment 
or function call and instead saw an 
expression.  
@typescript-eslint/no-unused-expressions
63:6251  Warning: Expected an assignment 
or function call and instead saw an 
expression.  
@typescript-eslint/no-unused-expressions
63:6818  Warning: Expected an assignment 
or function call and instead saw an 
expression.  
@typescript-eslint/no-unused-expressions
63:8045  Warning: Expected an assignment 
or function call and instead saw an 
expression.  
@typescript-eslint/no-unused-expressions
63:8774  Warning: Expected an assignment 
or function call and instead saw an 
expression.  
@typescript-eslint/no-unused-expressions
63:8868  Warning: Expected an assignment 
or function call and instead saw an 
expression.  
@typescript-eslint/no-unused-expressions
63:8985  Warning: Expected an assignment 
or function call and instead saw an 
expression.  
@typescript-eslint/no-unused-expressions
63:9778  Warning: Expected an assignment 
or function call and instead saw an 
expression.  
@typescript-eslint/no-unused-expressions
64:197  Warning: Expected an assignment or 
function call and instead saw an 
expression.  
@typescript-eslint/no-unused-expressions
65:88  Warning: Expected an assignment or 
function call and instead saw an 
expression.  
@typescript-eslint/no-unused-expressions
65:236  Warning: Expected an assignment or 
function call and instead saw an 
expression.  
@typescript-eslint/no-unused-expressions
65:1527  Warning: 'a' is assigned a value 
but never used.  
@typescript-eslint/no-unused-vars
65:1543  Warning: 'l' is assigned a value 
but never used.  
@typescript-eslint/no-unused-vars
65:1558  Warning: 'u' is assigned a value 
but never used.  
@typescript-eslint/no-unused-vars
65:1573  Warning: 'g' is assigned a value 
but never used.  
@typescript-eslint/no-unused-vars
72:72  Warning: Expected an assignment or 
function call and instead saw an 
expression.  
@typescript-eslint/no-unused-expressions
72:171  Warning: Expected an assignment or 
function call and instead saw an 
expression.  
@typescript-eslint/no-unused-expressions
72:264  Warning: Expected an assignment or 
function call and instead saw an 
expression.  
@typescript-eslint/no-unused-expressions
72:380  Warning: Expected an assignment or 
function call and instead saw an 
expression.  
@typescript-eslint/no-unused-expressions
72:463  Warning: Expected an assignment or 
function call and instead saw an 
expression.  
@typescript-eslint/no-unused-expressions
72:3549  Warning: Expected an assignment 
or function call and instead saw an 
expression.  
@typescript-eslint/no-unused-expressions
72:3767  Warning: Expected an assignment 
or function call and instead saw an 
expression.  
@typescript-eslint/no-unused-expressions
72:3852  Warning: Expected an assignment 
or function call and instead saw an 
expression.  
@typescript-eslint/no-unused-expressions
72:4155  Warning: Expected an assignment 
or function call and instead saw an 
expression.  
@typescript-eslint/no-unused-expressions
72:5318  Warning: Expected an assignment 
or function call and instead saw an 
expression.  
@typescript-eslint/no-unused-expressions
72:8962  Warning: Expected an assignment 
or function call and instead saw an 
expression.  
@typescript-eslint/no-unused-expressions
77:1875  Warning: Expected an assignment 
or function call and instead saw an 
expression.  
@typescript-eslint/no-unused-expressions
77:3177  Warning: Expected an assignment 
or function call and instead saw an 
expression.  
@typescript-eslint/no-unused-expressions
77:3310  Warning: Expected an assignment 
or function call and instead saw an 
expression.  
@typescript-eslint/no-unused-expressions
77:3496  Warning: Expected an assignment 
or function call and instead saw an 
expression.  
@typescript-eslint/no-unused-expressions
77:3695  Warning: Expected an assignment 
or function call and instead saw an 
expression.  
@typescript-eslint/no-unused-expressions
81:151  Warning: Expected an assignment or 
function call and instead saw an 
expression.  
@typescript-eslint/no-unused-expressions
81:200  Warning: Expected an assignment or 
function call and instead saw an 
expression.  
@typescript-eslint/no-unused-expressions
81:257  Warning: Expected an assignment or 
function call and instead saw an 
expression.  
@typescript-eslint/no-unused-expressions
81:296  Warning: Expected an assignment or 
function call and instead saw an 
expression.  
@typescript-eslint/no-unused-expressions
81:368  Warning: Expected an assignment or 
function call and instead saw an 
expression.  
@typescript-eslint/no-unused-expressions
81:903  Warning: Expected an assignment or 
function call and instead saw an 
expression.  
@typescript-eslint/no-unused-expressions
81:994  Warning: Expected an assignment or 
function call and instead saw an 
expression.  
@typescript-eslint/no-unused-expressions
81:1182  Warning: 'o' is assigned a value 
but never used.  
@typescript-eslint/no-unused-vars
81:2062  Warning: Expected an assignment 
or function call and instead saw an 
expression.  
@typescript-eslint/no-unused-expressions
81:2134  Warning: Expected an assignment 
or function call and instead saw an 
expression.  
@typescript-eslint/no-unused-expressions
81:3983  Warning: Expected an assignment 
or function call and instead saw an 
expression.  
@typescript-eslint/no-unused-expressions
81:8049  Warning: Expected an assignment 
or function call and instead saw an 
expression.  
@typescript-eslint/no-unused-expressions
81:8418  Warning: Expected an assignment 
or function call and instead saw an 
expression.  
@typescript-eslint/no-unused-expressions
81:9378  Warning: Expected an assignment 
or function call and instead saw an 
expression.  
@typescript-eslint/no-unused-expressions
82:995  Warning: Expected an assignment or 
function call and instead saw an 
expression.  
@typescript-eslint/no-unused-expressions

./src/generated/prisma/runtime/wasm-compile
r-edge.js
4:441  Warning: Expected an assignment or 
function call and instead saw an 
expression.  
@typescript-eslint/no-unused-expressions
4:1926  Warning: Expected an assignment or 
function call and instead saw an 
expression.  
@typescript-eslint/no-unused-expressions
4:2127  Warning: Expected an assignment or 
function call and instead saw an 
expression.  
@typescript-eslint/no-unused-expressions
4:4096  Warning: Expected an assignment or 
function call and instead saw an 
expression.  
@typescript-eslint/no-unused-expressions
4:5132  Warning: Expected an assignment or 
function call and instead saw an 
expression.  
@typescript-eslint/no-unused-expressions
4:5373  Warning: Expected an assignment or 
function call and instead saw an 
expression.  
@typescript-eslint/no-unused-expressions
4:5628  Warning: Expected an assignment or 
function call and instead saw an 
expression.  
@typescript-eslint/no-unused-expressions
4:5874  Warning: Expected an assignment or 
function call and instead saw an 
expression.  
@typescript-eslint/no-unused-expressions
4:6284  Warning: Expected an assignment or 
function call and instead saw an 
expression.  
@typescript-eslint/no-unused-expressions
4:6438  Warning: Expected an assignment or 
function call and instead saw an 
expression.  
@typescript-eslint/no-unused-expressions
4:6546  Warning: Expected an assignment or 
function call and instead saw an 
expression.  
@typescript-eslint/no-unused-expressions
4:6697  Warning: Expected an assignment or 
function call and instead saw an 
expression.  
@typescript-eslint/no-unused-expressions
4:7695  Warning: Expected an assignment or 
function call and instead saw an 
expression.  
@typescript-eslint/no-unused-expressions
4:7840  Warning: Expected an assignment or 
function call and instead saw an 
expression.  
@typescript-eslint/no-unused-expressions
4:10070  Warning: Expected an assignment 
or function call and instead saw an 
expression.  
@typescript-eslint/no-unused-expressions
4:10508  Warning: Expected an assignment 
or function call and instead saw an 
expression.  
@typescript-eslint/no-unused-expressions
4:10619  Warning: 'x' is assigned a value 
but never used.  
@typescript-eslint/no-unused-vars
4:10644  Warning: Expected an assignment 
or function call and instead saw an 
expression.  
@typescript-eslint/no-unused-expressions
4:11338  Warning: Expected an assignment 
or function call and instead saw an 
expression.  
@typescript-eslint/no-unused-expressions
4:11598  Warning: Expected an assignment 
or function call and instead saw an 
expression.  
@typescript-eslint/no-unused-expressions
4:11640  Warning: Expected an assignment 
or function call and instead saw an 
expression.  
@typescript-eslint/no-unused-expressions
4:11925  Warning: Expected an assignment 
or function call and instead saw an 
expression.  
@typescript-eslint/no-unused-expressions
4:12781  Warning: Expected an assignment 
or function call and instead saw an 
expression.  
@typescript-eslint/no-unused-expressions
4:12822  Warning: Expected an assignment 
or function call and instead saw an 
expression.  
@typescript-eslint/no-unused-expressions
4:13271  Warning: Expected an assignment 
or function call and instead saw an 
expression.  
@typescript-eslint/no-unused-expressions
4:13669  Warning: Expected an assignment 
or function call and instead saw an 
expression.  
@typescript-eslint/no-unused-expressions
4:13782  Warning: Expected an assignment 
or function call and instead saw an 
expression.  
@typescript-eslint/no-unused-expressions
4:13899  Warning: Expected an assignment 
or function call and instead saw an 
expression.  
@typescript-eslint/no-unused-expressions
4:14004  Warning: Expected an assignment 
or function call and instead saw an 
expression.  
@typescript-eslint/no-unused-expressions
4:14436  Warning: Expected an assignment 
or function call and instead saw an 
expression.  
@typescript-eslint/no-unused-expressions
4:14503  Warning: Expected an assignment 
or function call and instead saw an 
expression.  
@typescript-eslint/no-unused-expressions
4:15167  Warning: Expected an assignment 
or function call and instead saw an 
expression.  
@typescript-eslint/no-unused-expressions
4:15760  Error: Unexpected aliasing of 
'this' to local variable.  
@typescript-eslint/no-this-alias
4:15839  Warning: Expected an assignment 
or function call and instead saw an 
expression.  
@typescript-eslint/no-unused-expressions
4:15963  Warning: Expected an assignment 
or function call and instead saw an 
expression.  
@typescript-eslint/no-unused-expressions
4:15980  Warning: Expected an assignment 
or function call and instead saw an 
expression.  
@typescript-eslint/no-unused-expressions
4:16026  Warning: Expected an assignment 
or function call and instead saw an 
expression.  
@typescript-eslint/no-unused-expressions
4:16513  Warning: Expected an assignment 
or function call and instead saw an 
expression.  
@typescript-eslint/no-unused-expressions
4:17070  Warning: Expected an assignment 
or function call and instead saw an 
expression.  
@typescript-eslint/no-unused-expressions
4:17585  Error: Unexpected aliasing of 
'this' to local variable.  
@typescript-eslint/no-this-alias
4:17854  Error: Unexpected aliasing of 
'this' to local variable.  
@typescript-eslint/no-this-alias
4:18056  Error: Unexpected aliasing of 
'this' to local variable.  
@typescript-eslint/no-this-alias
4:18667  Error: Unexpected aliasing of 
'this' to local variable.  
@typescript-eslint/no-this-alias
4:18941  Error: Unexpected aliasing of 
'this' to local variable.  
@typescript-eslint/no-this-alias
4:19048  Error: Unexpected aliasing of 
'this' to local variable.  
@typescript-eslint/no-this-alias
4:19416  Error: Unexpected aliasing of 
'this' to local variable.  
@typescript-eslint/no-this-alias
4:19529  Error: Unexpected aliasing of 
'this' to local variable.  
@typescript-eslint/no-this-alias
4:19758  Error: Unexpected aliasing of 
'this' to local variable.  
@typescript-eslint/no-this-alias
4:20352  Error: Unexpected aliasing of 
'this' to local variable.  
@typescript-eslint/no-this-alias
4:20570  Warning: Expected an assignment 
or function call and instead saw an 
expression.  
@typescript-eslint/no-unused-expressions
4:20757  Error: Unexpected aliasing of 
'this' to local variable.  
@typescript-eslint/no-this-alias
4:20911  Error: Unexpected aliasing of 
'this' to local variable.  
@typescript-eslint/no-this-alias
4:21080  Error: Unexpected aliasing of 
'this' to local variable.  
@typescript-eslint/no-this-alias
4:21292  Error: Unexpected aliasing of 
'this' to local variable.  
@typescript-eslint/no-this-alias
4:21432  Error: Unexpected aliasing of 
'this' to local variable.  
@typescript-eslint/no-this-alias
4:21775  Warning: Expected an assignment 
or function call and instead saw an 
expression.  
@typescript-eslint/no-unused-expressions
4:22005  Error: Unexpected aliasing of 
'this' to local variable.  
@typescript-eslint/no-this-alias
4:22244  Error: Unexpected aliasing of 
'this' to local variable.  
@typescript-eslint/no-this-alias
4:22473  Error: Unexpected aliasing of 
'this' to local variable.  
@typescript-eslint/no-this-alias
4:22618  Warning: Expected an assignment 
or function call and instead saw an 
expression.  
@typescript-eslint/no-unused-expressions
4:22827  Warning: Expected an assignment 
or function call and instead saw an 
expression.  
@typescript-eslint/no-unused-expressions
4:23342  Warning: Expected an assignment 
or function call and instead saw an 
expression.  
@typescript-eslint/no-unused-expressions
4:23505  Warning: Expected an assignment 
or function call and instead saw an 
expression.  
@typescript-eslint/no-unused-expressions
4:23560  Warning: Expected an assignment 
or function call and instead saw an 
expression.  
@typescript-eslint/no-unused-expressions
4:24091  Warning: Expected an assignment 
or function call and instead saw an 
expression.  
@typescript-eslint/no-unused-expressions
4:24928  Warning: Expected an assignment 
or function call and instead saw an 
expression.  
@typescript-eslint/no-unused-expressions
4:25596  Warning: Expected an assignment 
or function call and instead saw an 
expression.  
@typescript-eslint/no-unused-expressions
4:25741  Warning: Expected an assignment 
or function call and instead saw an 
expression.  
@typescript-eslint/no-unused-expressions
4:25755  Warning: Expected an assignment 
or function call and instead saw an 
expression.  
@typescript-eslint/no-unused-expressions
4:28706  Warning: Expected an assignment 
or function call and instead saw an 
expression.  
@typescript-eslint/no-unused-expressions
4:28873  Warning: Expected an assignment 
or function call and instead saw an 
expression.  
@typescript-eslint/no-unused-expressions
4:31621  Warning: Expected an assignment 
or function call and instead saw an 
expression.  
@typescript-eslint/no-unused-expressions
4:31703  Warning: Expected an assignment 
or function call and instead saw an 
expression.  
@typescript-eslint/no-unused-expressions
4:31856  Warning: Expected an assignment 
or function call and instead saw an 
expression.  
@typescript-eslint/no-unused-expressions
4:32055  Warning: Expected an assignment 
or function call and instead saw an 
expression.  
@typescript-eslint/no-unused-expressions
4:32217  Warning: Expected an assignment 
or function call and instead saw an 
expression.  
@typescript-eslint/no-unused-expressions
4:33308  Warning: Expected an assignment 
or function call and instead saw an 
expression.  
@typescript-eslint/no-unused-expressions
4:34586  Warning: 't' is defined but never 
used.  @typescript-eslint/no-unused-vars
4:37707  Warning: Expected an assignment 
or function call and instead saw an 
expression.  
@typescript-eslint/no-unused-expressions
4:38034  Warning: Expected an assignment 
or function call and instead saw an 
expression.  
@typescript-eslint/no-unused-expressions
4:38130  Warning: Expected an assignment 
or function call and instead saw an 
expression.  
@typescript-eslint/no-unused-expressions
4:39463  Warning: Expected an assignment 
or function call and instead saw an 
expression.  
@typescript-eslint/no-unused-expressions
4:39559  Warning: Expected an assignment 
or function call and instead saw an 
expression.  
@typescript-eslint/no-unused-expressions
4:40035  Warning: Expected an assignment 
or function call and instead saw an 
expression.  
@typescript-eslint/no-unused-expressions
4:40141  Warning: Expected an assignment 
or function call and instead saw an 
expression.  
@typescript-eslint/no-unused-expressions
4:40284  Warning: Expected an assignment 
or function call and instead saw an 
expression.  
@typescript-eslint/no-unused-expressions
4:40642  Warning: Expected an assignment 
or function call and instead saw an 
expression.  
@typescript-eslint/no-unused-expressions
4:40718  Warning: Expected an assignment 
or function call and instead saw an 
expression.  
@typescript-eslint/no-unused-expressions
4:41040  Warning: Expected an assignment 
or function call and instead saw an 
expression.  
@typescript-eslint/no-unused-expressions
4:41174  Warning: Expected an assignment 
or function call and instead saw an 
expression.  
@typescript-eslint/no-unused-expressions
4:41257  Warning: Expected an assignment 
or function call and instead saw an 
expression.  
@typescript-eslint/no-unused-expressions
4:41376  Warning: Expected an assignment 
or function call and instead saw an 
expression.  
@typescript-eslint/no-unused-expressions
4:41440  Warning: Expected an assignment 
or function call and instead saw an 
expression.  
@typescript-eslint/no-unused-expressions
4:41908  Warning: Expected an assignment 
or function call and instead saw an 
expression.  
@typescript-eslint/no-unused-expressions
4:45190  Warning: 'e' is defined but never 
used.  @typescript-eslint/no-unused-vars
4:45299  Warning: Expected an assignment 
or function call and instead saw an 
expression.  
@typescript-eslint/no-unused-expressions
4:45664  Warning: 'Qg' is assigned a value 
but never used.  
@typescript-eslint/no-unused-vars
4:45696  Warning: 'Hg' is assigned a value 
but never used.  
@typescript-eslint/no-unused-vars
4:45718  Warning: 'Gg' is assigned a value 
but never used.  
@typescript-eslint/no-unused-vars
4:45729  Warning: 'Jg' is assigned a value 
but never used.  
@typescript-eslint/no-unused-vars
4:45740  Warning: 'Wg' is assigned a value 
but never used.  
@typescript-eslint/no-unused-vars
4:45751  Warning: 'Kg' is assigned a value 
but never used.  
@typescript-eslint/no-unused-vars
4:45811  Warning: 'zg' is assigned a value 
but never used.  
@typescript-eslint/no-unused-vars
4:45835  Warning: 'Yg' is assigned a value 
but never used.  
@typescript-eslint/no-unused-vars
4:45859  Warning: 'Zg' is assigned a value 
but never used.  
@typescript-eslint/no-unused-vars
4:45871  Warning: 'Xg' is assigned a value 
but never used.  
@typescript-eslint/no-unused-vars
4:45883  Warning: 'ey' is assigned a value 
but never used.  
@typescript-eslint/no-unused-vars
4:45895  Warning: 'ty' is assigned a value 
but never used.  
@typescript-eslint/no-unused-vars
4:45907  Warning: 'ry' is assigned a value 
but never used.  
@typescript-eslint/no-unused-vars
4:45919  Warning: 'ny' is assigned a value 
but never used.  
@typescript-eslint/no-unused-vars
4:45931  Warning: 'iy' is assigned a value 
but never used.  
@typescript-eslint/no-unused-vars
4:45943  Warning: 'oy' is assigned a value 
but never used.  
@typescript-eslint/no-unused-vars
4:45955  Warning: 'sy' is assigned a value 
but never used.  
@typescript-eslint/no-unused-vars
4:46224  Warning: Expected an assignment 
or function call and instead saw an 
expression.  
@typescript-eslint/no-unused-expressions
4:46845  Warning: 's' is assigned a value 
but never used.  
@typescript-eslint/no-unused-vars
4:47001  Warning: Expected an assignment 
or function call and instead saw an 
expression.  
@typescript-eslint/no-unused-expressions
5:1672  Warning: Expected an assignment or 
function call and instead saw an 
expression.  
@typescript-eslint/no-unused-expressions
5:2247  Warning: Expected an assignment or 
function call and instead saw an 
expression.  
@typescript-eslint/no-unused-expressions
5:2431  Warning: Expected an assignment or 
function call and instead saw an 
expression.  
@typescript-eslint/no-unused-expressions
5:2547  Warning: Expected an assignment or 
function call and instead saw an 
expression.  
@typescript-eslint/no-unused-expressions
5:2927  Warning: Expected an assignment or 
function call and instead saw an 
expression.  
@typescript-eslint/no-unused-expressions
5:3290  Warning: Expected an assignment or 
function call and instead saw an 
expression.  
@typescript-eslint/no-unused-expressions
5:3589  Warning: Expected an assignment or 
function call and instead saw an 
expression.  
@typescript-eslint/no-unused-expressions
5:3986  Warning: Expected an assignment or 
function call and instead saw an 
expression.  
@typescript-eslint/no-unused-expressions
5:5973  Warning: 'wp' is assigned a value 
but never used.  
@typescript-eslint/no-unused-vars
5:6721  Warning: Expected an assignment or 
function call and instead saw an 
expression.  
@typescript-eslint/no-unused-expressions
5:6793  Warning: Expected an assignment or 
function call and instead saw an 
expression.  
@typescript-eslint/no-unused-expressions
6:387  Warning: Expected an assignment or 
function call and instead saw an 
expression.  
@typescript-eslint/no-unused-expressions
6:688  Warning: Expected an assignment or 
function call and instead saw an 
expression.  
@typescript-eslint/no-unused-expressions
6:1475  Warning: Expected an assignment or 
function call and instead saw an 
expression.  
@typescript-eslint/no-unused-expressions
6:2044  Warning: Expected an assignment or 
function call and instead saw an 
expression.  
@typescript-eslint/no-unused-expressions
6:2144  Warning: Expected an assignment or 
function call and instead saw an 
expression.  
@typescript-eslint/no-unused-expressions
7:759  Warning: Expected an assignment or 
function call and instead saw an 
expression.  
@typescript-eslint/no-unused-expressions
7:1352  Warning: Expected an assignment or 
function call and instead saw an 
expression.  
@typescript-eslint/no-unused-expressions
7:1465  Warning: Expected an assignment or 
function call and instead saw an 
expression.  
@typescript-eslint/no-unused-expressions
7:2378  Error: Unexpected aliasing of 
'this' to local variable.  
@typescript-eslint/no-this-alias
7:3280  Warning: Expected an assignment or 
function call and instead saw an 
expression.  
@typescript-eslint/no-unused-expressions
7:3374  Warning: Expected an assignment or 
function call and instead saw an 
expression.  
@typescript-eslint/no-unused-expressions
7:3744  Warning: Expected an assignment or 
function call and instead saw an 
expression.  
@typescript-eslint/no-unused-expressions
7:4897  Warning: Expected an assignment or 
function call and instead saw an 
expression.  
@typescript-eslint/no-unused-expressions
7:5323  Warning: Expected an assignment or 
function call and instead saw an 
expression.  
@typescript-eslint/no-unused-expressions
8:807  Warning: Expected an assignment or 
function call and instead saw an 
expression.  
@typescript-eslint/no-unused-expressions
8:1129  Warning: Expected an assignment or 
function call and instead saw an 
expression.  
@typescript-eslint/no-unused-expressions
8:1412  Warning: Expected an assignment or 
function call and instead saw an 
expression.  
@typescript-eslint/no-unused-expressions
8:2157  Warning: Expected an assignment or 
function call and instead saw an 
expression.  
@typescript-eslint/no-unused-expressions
8:2426  Warning: Expected an assignment or 
function call and instead saw an 
expression.  
@typescript-eslint/no-unused-expressions
8:2741  Warning: Expected an assignment or 
function call and instead saw an 
expression.  
@typescript-eslint/no-unused-expressions
8:4063  Warning: Expected an assignment or 
function call and instead saw an 
expression.  
@typescript-eslint/no-unused-expressions
8:4412  Warning: Expected an assignment or 
function call and instead saw an 
expression.  
@typescript-eslint/no-unused-expressions
8:4900  Warning: Expected an assignment or 
function call and instead saw an 
expression.  
@typescript-eslint/no-unused-expressions
8:5295  Warning: Expected an assignment or 
function call and instead saw an 
expression.  
@typescript-eslint/no-unused-expressions
8:5949  Warning: Expected an assignment or 
function call and instead saw an 
expression.  
@typescript-eslint/no-unused-expressions
8:6583  Warning: Expected an assignment or 
function call and instead saw an 
expression.  
@typescript-eslint/no-unused-expressions
8:6681  Warning: Expected an assignment or 
function call and instead saw an 
expression.  
@typescript-eslint/no-unused-expressions
8:6794  Warning: Expected an assignment or 
function call and instead saw an 
expression.  
@typescript-eslint/no-unused-expressions
8:6901  Warning: Expected an assignment or 
function call and instead saw an 
expression.  
@typescript-eslint/no-unused-expressions
8:7557  Warning: Expected an assignment or 
function call and instead saw an 
expression.  
@typescript-eslint/no-unused-expressions
8:8026  Warning: Expected an assignment or 
function call and instead saw an 
expression.  
@typescript-eslint/no-unused-expressions
8:8178  Warning: Expected an assignment or 
function call and instead saw an 
expression.  
@typescript-eslint/no-unused-expressions
8:8509  Warning: Expected an assignment or 
function call and instead saw an 
expression.  
@typescript-eslint/no-unused-expressions
8:9324  Warning: Expected an assignment or 
function call and instead saw an 
expression.  
@typescript-eslint/no-unused-expressions
9:7060  Warning: Expected an assignment or 
function call and instead saw an 
expression.  
@typescript-eslint/no-unused-expressions
9:7325  Warning: Expected an assignment or 
function call and instead saw an 
expression.  
@typescript-eslint/no-unused-expressions
9:8864  Warning: Expected an assignment or 
function call and instead saw an 
expression.  
@typescript-eslint/no-unused-expressions
9:9790  Warning: Expected an assignment or 
function call and instead saw an 
expression.  
@typescript-eslint/no-unused-expressions
9:10002  Warning: Expected an assignment 
or function call and instead saw an 
expression.  
@typescript-eslint/no-unused-expressions
9:12639  Warning: 'e' is defined but never 
used.  @typescript-eslint/no-unused-vars
9:12730  Warning: 'Li' is defined but 
never used.  
@typescript-eslint/no-unused-vars
9:12882  Warning: Expected an assignment 
or function call and instead saw an 
expression.  
@typescript-eslint/no-unused-expressions
9:13473  Warning: Expected an assignment 
or function call and instead saw an 
expression.  
@typescript-eslint/no-unused-expressions
9:13678  Warning: Expected an assignment 
or function call and instead saw an 
expression.  
@typescript-eslint/no-unused-expressions
9:13762  Warning: Expected an assignment 
or function call and instead saw an 
expression.  
@typescript-eslint/no-unused-expressions
10:1298  Warning: Expected an assignment 
or function call and instead saw an 
expression.  
@typescript-eslint/no-unused-expressions
10:1340  Warning: Expected an assignment 
or function call and instead saw an 
expression.  
@typescript-eslint/no-unused-expressions
10:5083  Warning: Expected an assignment 
or function call and instead saw an 
expression.  
@typescript-eslint/no-unused-expressions
10:5174  Warning: Expected an assignment 
or function call and instead saw an 
expression.  
@typescript-eslint/no-unused-expressions
10:5200  Warning: Expected an assignment 
or function call and instead saw an 
expression.  
@typescript-eslint/no-unused-expressions
10:7297  Warning: Expected an assignment 
or function call and instead saw an 
expression.  
@typescript-eslint/no-unused-expressions
58:2363  Warning: Expected an assignment 
or function call and instead saw an 
expression.  
@typescript-eslint/no-unused-expressions
58:11962  Warning: Expected an assignment 
or function call and instead saw an 
expression.  
@typescript-eslint/no-unused-expressions
58:13748  Warning: Expected an assignment 
or function call and instead saw an 
expression.  
@typescript-eslint/no-unused-expressions
58:14086  Warning: Expected an assignment 
or function call and instead saw an 
expression.  
@typescript-eslint/no-unused-expressions
58:14532  Warning: Expected an assignment 
or function call and instead saw an 
expression.  
@typescript-eslint/no-unused-expressions
58:14678  Warning: 'e' is defined but 
never used.  
@typescript-eslint/no-unused-vars
58:15650  Warning: Expected an assignment 
or function call and instead saw an 
expression.  
@typescript-eslint/no-unused-expressions
58:16966  Warning: Expected an assignment 
or function call and instead saw an 
expression.  
@typescript-eslint/no-unused-expressions
58:17271  Warning: Expected an assignment 
or function call and instead saw an 
expression.  
@typescript-eslint/no-unused-expressions
58:17794  Warning: Expected an assignment 
or function call and instead saw an 
expression.  
@typescript-eslint/no-unused-expressions
58:19575  Warning: Expected an assignment 
or function call and instead saw an 
expression.  
@typescript-eslint/no-unused-expressions
58:19705  Warning: Expected an assignment 
or function call and instead saw an 
expression.  
@typescript-eslint/no-unused-expressions
58:21432  Warning: Expected an assignment 
or function call and instead saw an 
expression.  
@typescript-eslint/no-unused-expressions
58:23438  Warning: 'f' is assigned a value 
but never used.  
@typescript-eslint/no-unused-vars
58:23453  Warning: Expected an assignment 
or function call and instead saw an 
expression.  
@typescript-eslint/no-unused-expressions
58:23877  Warning: Expected an assignment 
or function call and instead saw an 
expression.  
@typescript-eslint/no-unused-expressions
58:23974  Warning: Expected an assignment 
or function call and instead saw an 
expression.  
@typescript-eslint/no-unused-expressions
58:24430  Warning: Expected an assignment 
or function call and instead saw an 
expression.  
@typescript-eslint/no-unused-expressions
58:29813  Warning: Expected an assignment 
or function call and instead saw an 
expression.  
@typescript-eslint/no-unused-expressions
58:31391  Warning: Expected an assignment 
or function call and instead saw an 
expression.  
@typescript-eslint/no-unused-expressions
58:35244  Warning: Expected an assignment 
or function call and instead saw an 
expression.  
@typescript-eslint/no-unused-expressions
58:35432  Warning: Expected an assignment 
or function call and instead saw an 
expression.  
@typescript-eslint/no-unused-expressions
58:38082  Warning: Expected an assignment 
or function call and instead saw an 
expression.  
@typescript-eslint/no-unused-expressions
58:40553  Warning: Expected an assignment 
or function call and instead saw an 
expression.  
@typescript-eslint/no-unused-expressions
58:40748  Warning: Expected an assignment 
or function call and instead saw an 
expression.  
@typescript-eslint/no-unused-expressions
58:40980  Warning: Expected an assignment 
or function call and instead saw an 
expression.  
@typescript-eslint/no-unused-expressions
58:41214  Warning: Expected an assignment 
or function call and instead saw an 
expression.  
@typescript-eslint/no-unused-expressions
58:41317  Warning: Expected an assignment 
or function call and instead saw an 
expression.  
@typescript-eslint/no-unused-expressions
58:41935  Warning: Expected an assignment 
or function call and instead saw an 
expression.  
@typescript-eslint/no-unused-expressions
58:42033  Warning: Expected an assignment 
or function call and instead saw an 
expression.  
@typescript-eslint/no-unused-expressions
61:408  Warning: Expected an assignment or 
function call and instead saw an 
expression.  
@typescript-eslint/no-unused-expressions
61:569  Warning: Expected an assignment or 
function call and instead saw an 
expression.  
@typescript-eslint/no-unused-expressions
61:1791  Warning: Expected an assignment 
or function call and instead saw an 
expression.  
@typescript-eslint/no-unused-expressions
61:2105  Warning: Expected an assignment 
or function call and instead saw an 
expression.  
@typescript-eslint/no-unused-expressions
61:2638  Warning: Expected an assignment 
or function call and instead saw an 
expression.  
@typescript-eslint/no-unused-expressions
61:2853  Warning: Expected an assignment 
or function call and instead saw an 
expression.  
@typescript-eslint/no-unused-expressions
61:3856  Warning: Expected an assignment 
or function call and instead saw an 
expression.  
@typescript-eslint/no-unused-expressions
61:4093  Warning: Expected an assignment 
or function call and instead saw an 
expression.  
@typescript-eslint/no-unused-expressions
61:4575  Warning: Expected an assignment 
or function call and instead saw an 
expression.  
@typescript-eslint/no-unused-expressions
61:5099  Warning: Expected an assignment 
or function call and instead saw an 
expression.  
@typescript-eslint/no-unused-expressions
61:5221  Warning: Expected an assignment 
or function call and instead saw an 
expression.  
@typescript-eslint/no-unused-expressions
61:5626  Warning: Expected an assignment 
or function call and instead saw an 
expression.  
@typescript-eslint/no-unused-expressions
61:5837  Warning: Expected an assignment 
or function call and instead saw an 
expression.  
@typescript-eslint/no-unused-expressions
61:7061  Warning: Expected an assignment 
or function call and instead saw an 
expression.  
@typescript-eslint/no-unused-expressions
61:7335  Warning: Expected an assignment 
or function call and instead saw an 
expression.  
@typescript-eslint/no-unused-expressions
61:7903  Warning: Expected an assignment 
or function call and instead saw an 
expression.  
@typescript-eslint/no-unused-expressions
61:8921  Warning: Expected an assignment 
or function call and instead saw an 
expression.  
@typescript-eslint/no-unused-expressions
62:1136  Warning: Expected an assignment 
or function call and instead saw an 
expression.  
@typescript-eslint/no-unused-expressions
62:2550  Warning: Expected an assignment 
or function call and instead saw an 
expression.  
@typescript-eslint/no-unused-expressions
62:3065  Warning: Expected an assignment 
or function call and instead saw an 
expression.  
@typescript-eslint/no-unused-expressions
62:3555  Warning: 't' is defined but never 
used.  @typescript-eslint/no-unused-vars
62:4642  Warning: Expected an assignment 
or function call and instead saw an 
expression.  
@typescript-eslint/no-unused-expressions
62:5140  Warning: Expected an assignment 
or function call and instead saw an 
expression.  
@typescript-eslint/no-unused-expressions
62:5317  Warning: Expected an assignment 
or function call and instead saw an 
expression.  
@typescript-eslint/no-unused-expressions
62:5530  Warning: Expected an assignment 
or function call and instead saw an 
expression.  
@typescript-eslint/no-unused-expressions
62:6673  Warning: Expected an assignment 
or function call and instead saw an 
expression.  
@typescript-eslint/no-unused-expressions
62:9945  Warning: Expected an assignment 
or function call and instead saw an 
expression.  
@typescript-eslint/no-unused-expressions
63:1734  Warning: Expected an assignment 
or function call and instead saw an 
expression.  
@typescript-eslint/no-unused-expressions
63:2110  Warning: Expected an assignment 
or function call and instead saw an 
expression.  
@typescript-eslint/no-unused-expressions
63:2234  Warning: Expected an assignment 
or function call and instead saw an 
expression.  
@typescript-eslint/no-unused-expressions
63:2627  Warning: Expected an assignment 
or function call and instead saw an 
expression.  
@typescript-eslint/no-unused-expressions
63:3061  Warning: Expected an assignment 
or function call and instead saw an 
expression.  
@typescript-eslint/no-unused-expressions
63:3628  Warning: Expected an assignment 
or function call and instead saw an 
expression.  
@typescript-eslint/no-unused-expressions
63:4904  Warning: Expected an assignment 
or function call and instead saw an 
expression.  
@typescript-eslint/no-unused-expressions
63:5769  Warning: Expected an assignment 
or function call and instead saw an 
expression.  
@typescript-eslint/no-unused-expressions
63:6147  Warning: Expected an assignment 
or function call and instead saw an 
expression.  
@typescript-eslint/no-unused-expressions
64:88  Warning: Expected an assignment or 
function call and instead saw an 
expression.  
@typescript-eslint/no-unused-expressions
64:236  Warning: Expected an assignment or 
function call and instead saw an 
expression.  
@typescript-eslint/no-unused-expressions
64:1533  Warning: 'a' is assigned a value 
but never used.  
@typescript-eslint/no-unused-vars
64:1549  Warning: 'f' is assigned a value 
but never used.  
@typescript-eslint/no-unused-vars
64:1679  Warning: Expected an assignment 
or function call and instead saw an 
expression.  
@typescript-eslint/no-unused-expressions
72:72  Warning: Expected an assignment or 
function call and instead saw an 
expression.  
@typescript-eslint/no-unused-expressions
72:171  Warning: Expected an assignment or 
function call and instead saw an 
expression.  
@typescript-eslint/no-unused-expressions
72:264  Warning: Expected an assignment or 
function call and instead saw an 
expression.  
@typescript-eslint/no-unused-expressions
72:380  Warning: Expected an assignment or 
function call and instead saw an 
expression.  
@typescript-eslint/no-unused-expressions
72:463  Warning: Expected an assignment or 
function call and instead saw an 
expression.  
@typescript-eslint/no-unused-expressions
72:3585  Warning: Expected an assignment 
or function call and instead saw an 
expression.  
@typescript-eslint/no-unused-expressions
72:3803  Warning: Expected an assignment 
or function call and instead saw an 
expression.  
@typescript-eslint/no-unused-expressions
72:3888  Warning: Expected an assignment 
or function call and instead saw an 
expression.  
@typescript-eslint/no-unused-expressions
72:4191  Warning: Expected an assignment 
or function call and instead saw an 
expression.  
@typescript-eslint/no-unused-expressions
72:5355  Warning: Expected an assignment 
or function call and instead saw an 
expression.  
@typescript-eslint/no-unused-expressions
72:9011  Warning: Expected an assignment 
or function call and instead saw an 
expression.  
@typescript-eslint/no-unused-expressions
77:1875  Warning: Expected an assignment 
or function call and instead saw an 
expression.  
@typescript-eslint/no-unused-expressions
77:3177  Warning: Expected an assignment 
or function call and instead saw an 
expression.  
@typescript-eslint/no-unused-expressions
77:3310  Warning: Expected an assignment 
or function call and instead saw an 
expression.  
@typescript-eslint/no-unused-expressions
77:3496  Warning: Expected an assignment 
or function call and instead saw an 
expression.  
@typescript-eslint/no-unused-expressions
77:3695  Warning: Expected an assignment 
or function call and instead saw an 
expression.  
@typescript-eslint/no-unused-expressions
81:155  Warning: Expected an assignment or 
function call and instead saw an 
expression.  
@typescript-eslint/no-unused-expressions
81:204  Warning: Expected an assignment or 
function call and instead saw an 
expression.  
@typescript-eslint/no-unused-expressions
81:261  Warning: Expected an assignment or 
function call and instead saw an 
expression.  
@typescript-eslint/no-unused-expressions
81:300  Warning: Expected an assignment or 
function call and instead saw an 
expression.  
@typescript-eslint/no-unused-expressions
81:372  Warning: Expected an assignment or 
function call and instead saw an 
expression.  
@typescript-eslint/no-unused-expressions
81:907  Warning: Expected an assignment or 
function call and instead saw an 
expression.  
@typescript-eslint/no-unused-expressions
81:998  Warning: Expected an assignment or 
function call and instead saw an 
expression.  
@typescript-eslint/no-unused-expressions
81:1186  Warning: 'o' is assigned a value 
but never used.  
@typescript-eslint/no-unused-vars
81:2066  Warning: Expected an assignment 
or function call and instead saw an 
expression.  
@typescript-eslint/no-unused-expressions
81:2138  Warning: Expected an assignment 
or function call and instead saw an 
expression.  
@typescript-eslint/no-unused-expressions
81:3987  Warning: Expected an assignment 
or function call and instead saw an 
expression.  
@typescript-eslint/no-unused-expressions
81:8053  Warning: Expected an assignment 
or function call and instead saw an 
expression.  
@typescript-eslint/no-unused-expressions
81:8422  Warning: Expected an assignment 
or function call and instead saw an 
expression.  
@typescript-eslint/no-unused-expressions
81:9382  Warning: Expected an assignment 
or function call and instead saw an 
expression.  
@typescript-eslint/no-unused-expressions
82:1007  Warning: Expected an assignment 
or function call and instead saw an 
expression.  
@typescript-eslint/no-unused-expressions

./src/generated/prisma/runtime/wasm-engine-
edge.js
4:441  Warning: Expected an assignment or 
function call and instead saw an 
expression.  
@typescript-eslint/no-unused-expressions
4:1922  Warning: Expected an assignment or 
function call and instead saw an 
expression.  
@typescript-eslint/no-unused-expressions
4:2123  Warning: Expected an assignment or 
function call and instead saw an 
expression.  
@typescript-eslint/no-unused-expressions
4:4090  Warning: Expected an assignment or 
function call and instead saw an 
expression.  
@typescript-eslint/no-unused-expressions
4:5126  Warning: Expected an assignment or 
function call and instead saw an 
expression.  
@typescript-eslint/no-unused-expressions
4:5364  Warning: Expected an assignment or 
function call and instead saw an 
expression.  
@typescript-eslint/no-unused-expressions
4:5616  Warning: Expected an assignment or 
function call and instead saw an 
expression.  
@typescript-eslint/no-unused-expressions
4:5859  Warning: Expected an assignment or 
function call and instead saw an 
expression.  
@typescript-eslint/no-unused-expressions
4:6266  Warning: Expected an assignment or 
function call and instead saw an 
expression.  
@typescript-eslint/no-unused-expressions
4:6417  Warning: Expected an assignment or 
function call and instead saw an 
expression.  
@typescript-eslint/no-unused-expressions
4:6525  Warning: Expected an assignment or 
function call and instead saw an 
expression.  
@typescript-eslint/no-unused-expressions
4:6673  Warning: Expected an assignment or 
function call and instead saw an 
expression.  
@typescript-eslint/no-unused-expressions
4:7667  Warning: Expected an assignment or 
function call and instead saw an 
expression.  
@typescript-eslint/no-unused-expressions
4:7809  Warning: Expected an assignment or 
function call and instead saw an 
expression.  
@typescript-eslint/no-unused-expressions
4:10035  Warning: Expected an assignment 
or function call and instead saw an 
expression.  
@typescript-eslint/no-unused-expressions
4:10473  Warning: Expected an assignment 
or function call and instead saw an 
expression.  
@typescript-eslint/no-unused-expressions
4:10584  Warning: 'E' is assigned a value 
but never used.  
@typescript-eslint/no-unused-vars
4:10609  Warning: Expected an assignment 
or function call and instead saw an 
expression.  
@typescript-eslint/no-unused-expressions
4:10745  Warning: 'P' is assigned a value 
but never used.  
@typescript-eslint/no-unused-vars
4:11375  Warning: Expected an assignment 
or function call and instead saw an 
expression.  
@typescript-eslint/no-unused-expressions
4:11633  Warning: Expected an assignment 
or function call and instead saw an 
expression.  
@typescript-eslint/no-unused-expressions
4:11675  Warning: Expected an assignment 
or function call and instead saw an 
expression.  
@typescript-eslint/no-unused-expressions
4:11960  Warning: Expected an assignment 
or function call and instead saw an 
expression.  
@typescript-eslint/no-unused-expressions
4:12816  Warning: Expected an assignment 
or function call and instead saw an 
expression.  
@typescript-eslint/no-unused-expressions
4:12857  Warning: Expected an assignment 
or function call and instead saw an 
expression.  
@typescript-eslint/no-unused-expressions
4:13306  Warning: Expected an assignment 
or function call and instead saw an 
expression.  
@typescript-eslint/no-unused-expressions
4:13704  Warning: Expected an assignment 
or function call and instead saw an 
expression.  
@typescript-eslint/no-unused-expressions
4:13817  Warning: Expected an assignment 
or function call and instead saw an 
expression.  
@typescript-eslint/no-unused-expressions
4:13934  Warning: Expected an assignment 
or function call and instead saw an 
expression.  
@typescript-eslint/no-unused-expressions
4:14039  Warning: Expected an assignment 
or function call and instead saw an 
expression.  
@typescript-eslint/no-unused-expressions
4:14471  Warning: Expected an assignment 
or function call and instead saw an 
expression.  
@typescript-eslint/no-unused-expressions
4:14536  Warning: Expected an assignment 
or function call and instead saw an 
expression.  
@typescript-eslint/no-unused-expressions
4:15199  Warning: Expected an assignment 
or function call and instead saw an 
expression.  
@typescript-eslint/no-unused-expressions
4:15791  Error: Unexpected aliasing of 
'this' to local variable.  
@typescript-eslint/no-this-alias
4:15870  Warning: Expected an assignment 
or function call and instead saw an 
expression.  
@typescript-eslint/no-unused-expressions
4:15994  Warning: Expected an assignment 
or function call and instead saw an 
expression.  
@typescript-eslint/no-unused-expressions
4:16011  Warning: Expected an assignment 
or function call and instead saw an 
expression.  
@typescript-eslint/no-unused-expressions
4:16057  Warning: Expected an assignment 
or function call and instead saw an 
expression.  
@typescript-eslint/no-unused-expressions
4:16544  Warning: Expected an assignment 
or function call and instead saw an 
expression.  
@typescript-eslint/no-unused-expressions
4:17100  Warning: Expected an assignment 
or function call and instead saw an 
expression.  
@typescript-eslint/no-unused-expressions
4:17614  Error: Unexpected aliasing of 
'this' to local variable.  
@typescript-eslint/no-this-alias
4:17883  Error: Unexpected aliasing of 
'this' to local variable.  
@typescript-eslint/no-this-alias
4:18085  Error: Unexpected aliasing of 
'this' to local variable.  
@typescript-eslint/no-this-alias
4:18696  Error: Unexpected aliasing of 
'this' to local variable.  
@typescript-eslint/no-this-alias
4:18970  Error: Unexpected aliasing of 
'this' to local variable.  
@typescript-eslint/no-this-alias
4:19077  Error: Unexpected aliasing of 
'this' to local variable.  
@typescript-eslint/no-this-alias
4:19445  Error: Unexpected aliasing of 
'this' to local variable.  
@typescript-eslint/no-this-alias
4:19558  Error: Unexpected aliasing of 
'this' to local variable.  
@typescript-eslint/no-this-alias
4:19787  Error: Unexpected aliasing of 
'this' to local variable.  
@typescript-eslint/no-this-alias
4:20381  Error: Unexpected aliasing of 
'this' to local variable.  
@typescript-eslint/no-this-alias
4:20599  Warning: Expected an assignment 
or function call and instead saw an 
expression.  
@typescript-eslint/no-unused-expressions
4:20783  Error: Unexpected aliasing of 
'this' to local variable.  
@typescript-eslint/no-this-alias
4:20937  Error: Unexpected aliasing of 
'this' to local variable.  
@typescript-eslint/no-this-alias
4:21106  Error: Unexpected aliasing of 
'this' to local variable.  
@typescript-eslint/no-this-alias
4:21318  Error: Unexpected aliasing of 
'this' to local variable.  
@typescript-eslint/no-this-alias
4:21458  Error: Unexpected aliasing of 
'this' to local variable.  
@typescript-eslint/no-this-alias
4:21801  Warning: Expected an assignment 
or function call and instead saw an 
expression.  
@typescript-eslint/no-unused-expressions
4:22031  Error: Unexpected aliasing of 
'this' to local variable.  
@typescript-eslint/no-this-alias
4:22270  Error: Unexpected aliasing of 
'this' to local variable.  
@typescript-eslint/no-this-alias
4:22499  Error: Unexpected aliasing of 
'this' to local variable.  
@typescript-eslint/no-this-alias
4:22644  Warning: Expected an assignment 
or function call and instead saw an 
expression.  
@typescript-eslint/no-unused-expressions
4:22851  Warning: Expected an assignment 
or function call and instead saw an 
expression.  
@typescript-eslint/no-unused-expressions
4:23355  Warning: Expected an assignment 
or function call and instead saw an 
expression.  
@typescript-eslint/no-unused-expressions
4:23515  Warning: Expected an assignment 
or function call and instead saw an 
expression.  
@typescript-eslint/no-unused-expressions
4:23569  Warning: Expected an assignment 
or function call and instead saw an 
expression.  
@typescript-eslint/no-unused-expressions
4:24093  Warning: Expected an assignment 
or function call and instead saw an 
expression.  
@typescript-eslint/no-unused-expressions
4:24930  Warning: Expected an assignment 
or function call and instead saw an 
expression.  
@typescript-eslint/no-unused-expressions
4:25544  Warning: Expected an assignment 
or function call and instead saw an 
expression.  
@typescript-eslint/no-unused-expressions
4:25689  Warning: Expected an assignment 
or function call and instead saw an 
expression.  
@typescript-eslint/no-unused-expressions
4:25703  Warning: Expected an assignment 
or function call and instead saw an 
expression.  
@typescript-eslint/no-unused-expressions
4:29473  Warning: Expected an assignment 
or function call and instead saw an 
expression.  
@typescript-eslint/no-unused-expressions
4:29555  Warning: Expected an assignment 
or function call and instead saw an 
expression.  
@typescript-eslint/no-unused-expressions
4:29706  Warning: Expected an assignment 
or function call and instead saw an 
expression.  
@typescript-eslint/no-unused-expressions
4:29901  Warning: Expected an assignment 
or function call and instead saw an 
expression.  
@typescript-eslint/no-unused-expressions
4:30059  Warning: Expected an assignment 
or function call and instead saw an 
expression.  
@typescript-eslint/no-unused-expressions
4:32036  Warning: 't' is defined but never 
used.  @typescript-eslint/no-unused-vars
4:32145  Warning: Expected an assignment 
or function call and instead saw an 
expression.  
@typescript-eslint/no-unused-expressions
4:32510  Warning: 'Xu' is assigned a value 
but never used.  
@typescript-eslint/no-unused-vars
4:32542  Warning: 'Zu' is assigned a value 
but never used.  
@typescript-eslint/no-unused-vars
4:32564  Warning: 'ec' is assigned a value 
but never used.  
@typescript-eslint/no-unused-vars
4:32575  Warning: 'tc' is assigned a value 
but never used.  
@typescript-eslint/no-unused-vars
4:32586  Warning: 'rc' is assigned a value 
but never used.  
@typescript-eslint/no-unused-vars
4:32597  Warning: 'nc' is assigned a value 
but never used.  
@typescript-eslint/no-unused-vars
4:32657  Warning: 'ic' is assigned a value 
but never used.  
@typescript-eslint/no-unused-vars
4:32681  Warning: 'oc' is assigned a value 
but never used.  
@typescript-eslint/no-unused-vars
4:32705  Warning: 'sc' is assigned a value 
but never used.  
@typescript-eslint/no-unused-vars
4:32717  Warning: 'ac' is assigned a value 
but never used.  
@typescript-eslint/no-unused-vars
4:32729  Warning: 'lc' is assigned a value 
but never used.  
@typescript-eslint/no-unused-vars
4:32741  Warning: 'uc' is assigned a value 
but never used.  
@typescript-eslint/no-unused-vars
4:32753  Warning: 'cc' is assigned a value 
but never used.  
@typescript-eslint/no-unused-vars
4:32765  Warning: 'mc' is assigned a value 
but never used.  
@typescript-eslint/no-unused-vars
4:32777  Warning: 'pc' is assigned a value 
but never used.  
@typescript-eslint/no-unused-vars
4:32789  Warning: 'dc' is assigned a value 
but never used.  
@typescript-eslint/no-unused-vars
4:32801  Warning: 'fc' is assigned a value 
but never used.  
@typescript-eslint/no-unused-vars
4:33070  Warning: Expected an assignment 
or function call and instead saw an 
expression.  
@typescript-eslint/no-unused-expressions
4:33691  Warning: 's' is assigned a value 
but never used.  
@typescript-eslint/no-unused-vars
4:33847  Warning: Expected an assignment 
or function call and instead saw an 
expression.  
@typescript-eslint/no-unused-expressions
4:37374  Warning: Expected an assignment 
or function call and instead saw an 
expression.  
@typescript-eslint/no-unused-expressions
4:38136  Warning: Expected an assignment 
or function call and instead saw an 
expression.  
@typescript-eslint/no-unused-expressions
4:38321  Warning: Expected an assignment 
or function call and instead saw an 
expression.  
@typescript-eslint/no-unused-expressions
4:38437  Warning: Expected an assignment 
or function call and instead saw an 
expression.  
@typescript-eslint/no-unused-expressions
4:38818  Warning: Expected an assignment 
or function call and instead saw an 
expression.  
@typescript-eslint/no-unused-expressions
4:39182  Warning: Expected an assignment 
or function call and instead saw an 
expression.  
@typescript-eslint/no-unused-expressions
4:39481  Warning: Expected an assignment 
or function call and instead saw an 
expression.  
@typescript-eslint/no-unused-expressions
4:39877  Warning: Expected an assignment 
or function call and instead saw an 
expression.  
@typescript-eslint/no-unused-expressions
4:41864  Warning: 'na' is assigned a value 
but never used.  
@typescript-eslint/no-unused-vars
4:42612  Warning: Expected an assignment 
or function call and instead saw an 
expression.  
@typescript-eslint/no-unused-expressions
4:42684  Warning: Expected an assignment 
or function call and instead saw an 
expression.  
@typescript-eslint/no-unused-expressions
5:387  Warning: Expected an assignment or 
function call and instead saw an 
expression.  
@typescript-eslint/no-unused-expressions
5:688  Warning: Expected an assignment or 
function call and instead saw an 
expression.  
@typescript-eslint/no-unused-expressions
5:1475  Warning: Expected an assignment or 
function call and instead saw an 
expression.  
@typescript-eslint/no-unused-expressions
5:2044  Warning: Expected an assignment or 
function call and instead saw an 
expression.  
@typescript-eslint/no-unused-expressions
5:2144  Warning: Expected an assignment or 
function call and instead saw an 
expression.  
@typescript-eslint/no-unused-expressions
6:759  Warning: Expected an assignment or 
function call and instead saw an 
expression.  
@typescript-eslint/no-unused-expressions
6:1352  Warning: Expected an assignment or 
function call and instead saw an 
expression.  
@typescript-eslint/no-unused-expressions
6:1465  Warning: Expected an assignment or 
function call and instead saw an 
expression.  
@typescript-eslint/no-unused-expressions
6:2378  Error: Unexpected aliasing of 
'this' to local variable.  
@typescript-eslint/no-this-alias
6:3280  Warning: Expected an assignment or 
function call and instead saw an 
expression.  
@typescript-eslint/no-unused-expressions
6:3374  Warning: Expected an assignment or 
function call and instead saw an 
expression.  
@typescript-eslint/no-unused-expressions
6:3743  Warning: Expected an assignment or 
function call and instead saw an 
expression.  
@typescript-eslint/no-unused-expressions
6:4896  Warning: Expected an assignment or 
function call and instead saw an 
expression.  
@typescript-eslint/no-unused-expressions
6:5322  Warning: Expected an assignment or 
function call and instead saw an 
expression.  
@typescript-eslint/no-unused-expressions
7:807  Warning: Expected an assignment or 
function call and instead saw an 
expression.  
@typescript-eslint/no-unused-expressions
7:1129  Warning: Expected an assignment or 
function call and instead saw an 
expression.  
@typescript-eslint/no-unused-expressions
7:1412  Warning: Expected an assignment or 
function call and instead saw an 
expression.  
@typescript-eslint/no-unused-expressions
7:2157  Warning: Expected an assignment or 
function call and instead saw an 
expression.  
@typescript-eslint/no-unused-expressions
7:2426  Warning: Expected an assignment or 
function call and instead saw an 
expression.  
@typescript-eslint/no-unused-expressions
7:2741  Warning: Expected an assignment or 
function call and instead saw an 
expression.  
@typescript-eslint/no-unused-expressions
7:4062  Warning: Expected an assignment or 
function call and instead saw an 
expression.  
@typescript-eslint/no-unused-expressions
7:4411  Warning: Expected an assignment or 
function call and instead saw an 
expression.  
@typescript-eslint/no-unused-expressions
7:4899  Warning: Expected an assignment or 
function call and instead saw an 
expression.  
@typescript-eslint/no-unused-expressions
7:5293  Warning: Expected an assignment or 
function call and instead saw an 
expression.  
@typescript-eslint/no-unused-expressions
7:5947  Warning: Expected an assignment or 
function call and instead saw an 
expression.  
@typescript-eslint/no-unused-expressions
7:6581  Warning: Expected an assignment or 
function call and instead saw an 
expression.  
@typescript-eslint/no-unused-expressions
7:6679  Warning: Expected an assignment or 
function call and instead saw an 
expression.  
@typescript-eslint/no-unused-expressions
7:6792  Warning: Expected an assignment or 
function call and instead saw an 
expression.  
@typescript-eslint/no-unused-expressions
7:6899  Warning: Expected an assignment or 
function call and instead saw an 
expression.  
@typescript-eslint/no-unused-expressions
7:7555  Warning: Expected an assignment or 
function call and instead saw an 
expression.  
@typescript-eslint/no-unused-expressions
7:8024  Warning: Expected an assignment or 
function call and instead saw an 
expression.  
@typescript-eslint/no-unused-expressions
7:8176  Warning: Expected an assignment or 
function call and instead saw an 
expression.  
@typescript-eslint/no-unused-expressions
7:8507  Warning: Expected an assignment or 
function call and instead saw an 
expression.  
@typescript-eslint/no-unused-expressions
7:9322  Warning: Expected an assignment or 
function call and instead saw an 
expression.  
@typescript-eslint/no-unused-expressions
8:7047  Warning: Expected an assignment or 
function call and instead saw an 
expression.  
@typescript-eslint/no-unused-expressions
8:7312  Warning: Expected an assignment or 
function call and instead saw an 
expression.  
@typescript-eslint/no-unused-expressions
8:8851  Warning: Expected an assignment or 
function call and instead saw an 
expression.  
@typescript-eslint/no-unused-expressions
8:9777  Warning: Expected an assignment or 
function call and instead saw an 
expression.  
@typescript-eslint/no-unused-expressions
8:9989  Warning: Expected an assignment or 
function call and instead saw an 
expression.  
@typescript-eslint/no-unused-expressions
8:12625  Warning: 't' is defined but never 
used.  @typescript-eslint/no-unused-vars
8:12716  Warning: 'Wr' is defined but 
never used.  
@typescript-eslint/no-unused-vars
8:12868  Warning: Expected an assignment 
or function call and instead saw an 
expression.  
@typescript-eslint/no-unused-expressions
8:13459  Warning: Expected an assignment 
or function call and instead saw an 
expression.  
@typescript-eslint/no-unused-expressions
8:13664  Warning: Expected an assignment 
or function call and instead saw an 
expression.  
@typescript-eslint/no-unused-expressions
8:13748  Warning: Expected an assignment 
or function call and instead saw an 
expression.  
@typescript-eslint/no-unused-expressions
9:1298  Warning: Expected an assignment or 
function call and instead saw an 
expression.  
@typescript-eslint/no-unused-expressions
9:1340  Warning: Expected an assignment or 
function call and instead saw an 
expression.  
@typescript-eslint/no-unused-expressions
9:5075  Warning: Expected an assignment or 
function call and instead saw an 
expression.  
@typescript-eslint/no-unused-expressions
9:5166  Warning: Expected an assignment or 
function call and instead saw an 
expression.  
@typescript-eslint/no-unused-expressions
9:5192  Warning: Expected an assignment or 
function call and instead saw an 
expression.  
@typescript-eslint/no-unused-expressions
9:7288  Warning: Expected an assignment or 
function call and instead saw an 
expression.  
@typescript-eslint/no-unused-expressions
14:672  Warning: Expected an assignment or 
function call and instead saw an 
expression.  
@typescript-eslint/no-unused-expressions
14:1377  Warning: 'sO' is assigned a value 
but never used.  
@typescript-eslint/no-unused-vars
14:1856  Warning: Expected an assignment 
or function call and instead saw an 
expression.  
@typescript-eslint/no-unused-expressions
14:2198  Warning: Expected an assignment 
or function call and instead saw an 
expression.  
@typescript-eslint/no-unused-expressions
14:3442  Warning: Expected an assignment 
or function call and instead saw an 
expression.  
@typescript-eslint/no-unused-expressions
14:4005  Warning: Expected an assignment 
or function call and instead saw an 
expression.  
@typescript-eslint/no-unused-expressions
14:4471  Warning: Expected an assignment 
or function call and instead saw an 
expression.  
@typescript-eslint/no-unused-expressions
14:4640  Warning: Expected an assignment 
or function call and instead saw an 
expression.  
@typescript-eslint/no-unused-expressions
14:4756  Warning: Expected an assignment 
or function call and instead saw an 
expression.  
@typescript-eslint/no-unused-expressions
14:5323  Warning: Expected an assignment 
or function call and instead saw an 
expression.  
@typescript-eslint/no-unused-expressions
14:6425  Warning: Expected an assignment 
or function call and instead saw an 
expression.  
@typescript-eslint/no-unused-expressions
14:7154  Warning: Expected an assignment 
or function call and instead saw an 
expression.  
@typescript-eslint/no-unused-expressions
14:7248  Warning: Expected an assignment 
or function call and instead saw an 
expression.  
@typescript-eslint/no-unused-expressions
14:7365  Warning: Expected an assignment 
or function call and instead saw an 
expression.  
@typescript-eslint/no-unused-expressions
14:8158  Warning: Expected an assignment 
or function call and instead saw an 
expression.  
@typescript-eslint/no-unused-expressions
14:8561  Warning: Expected an assignment 
or function call and instead saw an 
expression.  
@typescript-eslint/no-unused-expressions
15:197  Warning: Expected an assignment or 
function call and instead saw an 
expression.  
@typescript-eslint/no-unused-expressions
15:833  Warning: Expected an assignment or 
function call and instead saw an 
expression.  
@typescript-eslint/no-unused-expressions
15:1685  Warning: Expected an assignment 
or function call and instead saw an 
expression.  
@typescript-eslint/no-unused-expressions
15:2613  Warning: 'e' is defined but never 
used.  @typescript-eslint/no-unused-vars
15:2654  Warning: 'e' is defined but never 
used.  @typescript-eslint/no-unused-vars
15:2685  Warning: 'e' is defined but never 
used.  @typescript-eslint/no-unused-vars
15:2687  Warning: 'r' is defined but never 
used.  @typescript-eslint/no-unused-vars
15:2689  Warning: 'n' is defined but never 
used.  @typescript-eslint/no-unused-vars
15:2742  Warning: 'e' is defined but never 
used.  @typescript-eslint/no-unused-vars
15:2795  Warning: 'e' is defined but never 
used.  @typescript-eslint/no-unused-vars
15:2797  Warning: 'r' is defined but never 
used.  @typescript-eslint/no-unused-vars
15:2855  Warning: 'e' is defined but never 
used.  @typescript-eslint/no-unused-vars
15:2857  Warning: 'r' is defined but never 
used.  @typescript-eslint/no-unused-vars
16:88  Warning: Expected an assignment or 
function call and instead saw an 
expression.  
@typescript-eslint/no-unused-expressions
16:236  Warning: Expected an assignment or 
function call and instead saw an 
expression.  
@typescript-eslint/no-unused-expressions
16:1530  Warning: 'a' is assigned a value 
but never used.  
@typescript-eslint/no-unused-vars
16:1546  Warning: 'f' is assigned a value 
but never used.  
@typescript-eslint/no-unused-vars
16:1561  Warning: 'h' is assigned a value 
but never used.  
@typescript-eslint/no-unused-vars
16:1576  Warning: 'C' is assigned a value 
but never used.  
@typescript-eslint/no-unused-vars
24:72  Warning: Expected an assignment or 
function call and instead saw an 
expression.  
@typescript-eslint/no-unused-expressions
24:171  Warning: Expected an assignment or 
function call and instead saw an 
expression.  
@typescript-eslint/no-unused-expressions
24:264  Warning: Expected an assignment or 
function call and instead saw an 
expression.  
@typescript-eslint/no-unused-expressions
24:380  Warning: Expected an assignment or 
function call and instead saw an 
expression.  
@typescript-eslint/no-unused-expressions
24:463  Warning: Expected an assignment or 
function call and instead saw an 
expression.  
@typescript-eslint/no-unused-expressions
24:3585  Warning: Expected an assignment 
or function call and instead saw an 
expression.  
@typescript-eslint/no-unused-expressions
24:3803  Warning: Expected an assignment 
or function call and instead saw an 
expression.  
@typescript-eslint/no-unused-expressions
24:3888  Warning: Expected an assignment 
or function call and instead saw an 
expression.  
@typescript-eslint/no-unused-expressions
24:4191  Warning: Expected an assignment 
or function call and instead saw an 
expression.  
@typescript-eslint/no-unused-expressions
24:5355  Warning: Expected an assignment 
or function call and instead saw an 
expression.  
@typescript-eslint/no-unused-expressions
24:9009  Warning: Expected an assignment 
or function call and instead saw an 
expression.  
@typescript-eslint/no-unused-expressions
29:1875  Warning: Expected an assignment 
or function call and instead saw an 
expression.  
@typescript-eslint/no-unused-expressions
29:3177  Warning: Expected an assignment 
or function call and instead saw an 
expression.  
@typescript-eslint/no-unused-expressions
29:3310  Warning: Expected an assignment 
or function call and instead saw an 
expression.  
@typescript-eslint/no-unused-expressions
29:3496  Warning: Expected an assignment 
or function call and instead saw an 
expression.  
@typescript-eslint/no-unused-expressions
29:3695  Warning: Expected an assignment 
or function call and instead saw an 
expression.  
@typescript-eslint/no-unused-expressions
33:155  Warning: Expected an assignment or 
function call and instead saw an 
expression.  
@typescript-eslint/no-unused-expressions
33:204  Warning: Expected an assignment or 
function call and instead saw an 
expression.  
@typescript-eslint/no-unused-expressions
33:261  Warning: Expected an assignment or 
function call and instead saw an 
expression.  
@typescript-eslint/no-unused-expressions
33:300  Warning: Expected an assignment or 
function call and instead saw an 
expression.  
@typescript-eslint/no-unused-expressions
33:372  Warning: Expected an assignment or 
function call and instead saw an 
expression.  
@typescript-eslint/no-unused-expressions
33:907  Warning: Expected an assignment or 
function call and instead saw an 
expression.  
@typescript-eslint/no-unused-expressions
33:998  Warning: Expected an assignment or 
function call and instead saw an 
expression.  
@typescript-eslint/no-unused-expressions
33:1186  Warning: 'o' is assigned a value 
but never used.  
@typescript-eslint/no-unused-vars
33:2066  Warning: Expected an assignment 
or function call and instead saw an 
expression.  
@typescript-eslint/no-unused-expressions
33:2138  Warning: Expected an assignment 
or function call and instead saw an 
expression.  
@typescript-eslint/no-unused-expressions
33:3986  Warning: Expected an assignment 
or function call and instead saw an 
expression.  
@typescript-eslint/no-unused-expressions
33:8048  Warning: Expected an assignment 
or function call and instead saw an 
expression.  
@typescript-eslint/no-unused-expressions
33:8414  Warning: Expected an assignment 
or function call and instead saw an 
expression.  
@typescript-eslint/no-unused-expressions
33:9374  Warning: Expected an assignment 
or function call and instead saw an 
expression.  
@typescript-eslint/no-unused-expressions
34:1007  Warning: Expected an assignment 
or function call and instead saw an 
expression.  
@typescript-eslint/no-unused-expressions

./src/generated/prisma/wasm.js
13:3  Warning: 'skip' is assigned a value 
but never used.  
@typescript-eslint/no-unused-vars
14:5  Error: A `require()` style import is 
forbidden.  
@typescript-eslint/no-require-imports
210:11  Warning: 'target' is defined but 
never used.  
@typescript-eslint/no-unused-vars
210:19  Warning: 'prop' is defined but 
never used.  
@typescript-eslint/no-unused-vars

./src/lib/auth.ts
5:7  Warning: 'API_KEY' is assigned a 
value but never used.  
@typescript-eslint/no-unused-vars

./src/lib/database.ts
178:3  Warning: 'apiKeyId' is defined but 
never used.  
@typescript-eslint/no-unused-vars
179:3  Warning: 'endpoint' is defined but 
never used.  
@typescript-eslint/no-unused-vars

info  - Need to disable some ESLint rules? 
Learn more here: https://nextjs.org/docs/ap
p/api-reference/config/eslint#disabling-rul
es
